[2025-06-16T16:41:39.066+0000] {local_task_job_runner.py:120} INFO - ::group::Pre task execution logs
[2025-06-16T16:41:39.161+0000] {taskinstance.py:2076} INFO - Dependencies all met for dep_context=non-requeueable deps ti=<TaskInstance: process_sales.run_sales_etl_spark manual__2025-06-16T16:41:35.729620+00:00 [queued]>
[2025-06-16T16:41:39.174+0000] {taskinstance.py:2076} INFO - Dependencies all met for dep_context=requeueable deps ti=<TaskInstance: process_sales.run_sales_etl_spark manual__2025-06-16T16:41:35.729620+00:00 [queued]>
[2025-06-16T16:41:39.175+0000] {taskinstance.py:2306} INFO - Starting attempt 1 of 2
[2025-06-16T16:41:39.196+0000] {taskinstance.py:2330} INFO - Executing <Task(PythonOperator): run_sales_etl_spark> on 2025-06-16 16:41:35.729620+00:00
[2025-06-16T16:41:39.216+0000] {standard_task_runner.py:63} INFO - Started process 193 to run task
[2025-06-16T16:41:39.230+0000] {standard_task_runner.py:90} INFO - Running: ['***', 'tasks', 'run', 'process_sales', 'run_sales_etl_spark', 'manual__2025-06-16T16:41:35.729620+00:00', '--job-id', '12', '--raw', '--subdir', 'DAGS_FOLDER/process_sales_dag.py', '--cfg-path', '/tmp/tmp6s7simdg']
[2025-06-16T16:41:39.257+0000] {standard_task_runner.py:91} INFO - Job 12: Subtask run_sales_etl_spark
[2025-06-16T16:41:40.832+0000] {task_command.py:426} INFO - Running <TaskInstance: process_sales.run_sales_etl_spark manual__2025-06-16T16:41:35.729620+00:00 [running]> on host e00a89b81d94
[2025-06-16T16:41:41.283+0000] {taskinstance.py:2648} INFO - Exporting env vars: AIRFLOW_CTX_DAG_OWNER='andrii' AIRFLOW_CTX_DAG_ID='process_sales' AIRFLOW_CTX_TASK_ID='run_sales_etl_spark' AIRFLOW_CTX_EXECUTION_DATE='2025-06-16T16:41:35.729620+00:00' AIRFLOW_CTX_TRY_NUMBER='1' AIRFLOW_CTX_DAG_RUN_ID='manual__2025-06-16T16:41:35.729620+00:00'
[2025-06-16T16:41:41.285+0000] {taskinstance.py:430} INFO - ::endgroup::
[2025-06-16T16:41:41.376+0000] {taskinstance.py:441} INFO - ::group::Post task execution logs
[2025-06-16T16:41:41.377+0000] {taskinstance.py:2905} ERROR - Task failed with exception
Traceback (most recent call last):
  File "/home/airflow/.local/lib/python3.11/site-packages/airflow/models/taskinstance.py", line 465, in _execute_task
    result = _execute_callable(context=context, **execute_callable_kwargs)
             ^^^^^^^^^^^^^^^^^^^^^^^^^^^^^^^^^^^^^^^^^^^^^^^^^^^^^^^^^^^^^
  File "/home/airflow/.local/lib/python3.11/site-packages/airflow/models/taskinstance.py", line 432, in _execute_callable
    return execute_callable(context=context, **execute_callable_kwargs)
           ^^^^^^^^^^^^^^^^^^^^^^^^^^^^^^^^^^^^^^^^^^^^^^^^^^^^^^^^^^^^
  File "/home/airflow/.local/lib/python3.11/site-packages/airflow/models/baseoperator.py", line 400, in wrapper
    return func(self, *args, **kwargs)
           ^^^^^^^^^^^^^^^^^^^^^^^^^^^
  File "/home/airflow/.local/lib/python3.11/site-packages/airflow/operators/python.py", line 235, in execute
    return_value = self.execute_callable()
                   ^^^^^^^^^^^^^^^^^^^^^^^
  File "/home/airflow/.local/lib/python3.11/site-packages/airflow/operators/python.py", line 252, in execute_callable
    return self.python_callable(*self.op_args, **self.op_kwargs)
           ^^^^^^^^^^^^^^^^^^^^^^^^^^^^^^^^^^^^^^^^^^^^^^^^^^^^^
  File "/opt/airflow/dags/process_sales_dag.py", line 14, in run_spark_job
    subprocess.run([
  File "/usr/local/lib/python3.11/subprocess.py", line 548, in run
    with Popen(*popenargs, **kwargs) as process:
         ^^^^^^^^^^^^^^^^^^^^^^^^^^^
  File "/usr/local/lib/python3.11/subprocess.py", line 1026, in __init__
    self._execute_child(args, executable, preexec_fn, close_fds,
  File "/usr/local/lib/python3.11/subprocess.py", line 1955, in _execute_child
    raise child_exception_type(errno_num, err_msg, err_filename)
PermissionError: [Errno 13] Permission denied: 'wsl'
[2025-06-16T16:41:41.455+0000] {taskinstance.py:1206} INFO - Marking task as UP_FOR_RETRY. dag_id=process_sales, task_id=run_sales_etl_spark, run_id=manual__2025-06-16T16:41:35.729620+00:00, execution_date=20250616T164135, start_date=20250616T164139, end_date=20250616T164141
[2025-06-16T16:41:41.544+0000] {standard_task_runner.py:110} ERROR - Failed to execute job 12 for task run_sales_etl_spark ([Errno 13] Permission denied: 'wsl'; 193)
[2025-06-16T16:41:41.646+0000] {local_task_job_runner.py:240} INFO - Task exited with return code 1
[2025-06-16T16:41:41.712+0000] {taskinstance.py:3498} INFO - 0 downstream tasks scheduled from follow-on schedule check
[2025-06-16T16:41:41.720+0000] {local_task_job_runner.py:222} INFO - ::endgroup::
