[2025-06-16T20:44:07.397+0000] {local_task_job_runner.py:120} INFO - ::group::Pre task execution logs
[2025-06-16T20:44:07.560+0000] {taskinstance.py:2076} INFO - Dependencies all met for dep_context=non-requeueable deps ti=<TaskInstance: process_sales.run_sales_etl_spark manual__2025-06-16T20:44:02.831234+00:00 [queued]>
[2025-06-16T20:44:07.588+0000] {taskinstance.py:2076} INFO - Dependencies all met for dep_context=requeueable deps ti=<TaskInstance: process_sales.run_sales_etl_spark manual__2025-06-16T20:44:02.831234+00:00 [queued]>
[2025-06-16T20:44:07.589+0000] {taskinstance.py:2306} INFO - Starting attempt 1 of 2
[2025-06-16T20:44:07.626+0000] {taskinstance.py:2330} INFO - Executing <Task(PythonOperator): run_sales_etl_spark> on 2025-06-16 20:44:02.831234+00:00
[2025-06-16T20:44:07.648+0000] {standard_task_runner.py:63} INFO - Started process 173 to run task
[2025-06-16T20:44:07.684+0000] {standard_task_runner.py:90} INFO - Running: ['***', 'tasks', 'run', 'process_sales', 'run_sales_etl_spark', 'manual__2025-06-16T20:44:02.831234+00:00', '--job-id', '21', '--raw', '--subdir', 'DAGS_FOLDER/process_sales_dag.py', '--cfg-path', '/tmp/tmpuxyw6p9c']
[2025-06-16T20:44:07.708+0000] {standard_task_runner.py:91} INFO - Job 21: Subtask run_sales_etl_spark
[2025-06-16T20:44:07.966+0000] {task_command.py:426} INFO - Running <TaskInstance: process_sales.run_sales_etl_spark manual__2025-06-16T20:44:02.831234+00:00 [running]> on host c4eb16eaef4d
[2025-06-16T20:44:08.204+0000] {taskinstance.py:2648} INFO - Exporting env vars: AIRFLOW_CTX_DAG_OWNER='andrii' AIRFLOW_CTX_DAG_ID='process_sales' AIRFLOW_CTX_TASK_ID='run_sales_etl_spark' AIRFLOW_CTX_EXECUTION_DATE='2025-06-16T20:44:02.831234+00:00' AIRFLOW_CTX_TRY_NUMBER='1' AIRFLOW_CTX_DAG_RUN_ID='manual__2025-06-16T20:44:02.831234+00:00'
[2025-06-16T20:44:08.207+0000] {taskinstance.py:430} INFO - ::endgroup::
[2025-06-16T20:45:02.247+0000] {taskinstance.py:441} INFO - ::group::Post task execution logs
[2025-06-16T20:45:02.256+0000] {taskinstance.py:2905} ERROR - Task failed with exception
Traceback (most recent call last):
  File "/home/airflow/.local/lib/python3.11/site-packages/airflow/models/taskinstance.py", line 465, in _execute_task
    result = _execute_callable(context=context, **execute_callable_kwargs)
             ^^^^^^^^^^^^^^^^^^^^^^^^^^^^^^^^^^^^^^^^^^^^^^^^^^^^^^^^^^^^^
  File "/home/airflow/.local/lib/python3.11/site-packages/airflow/models/taskinstance.py", line 432, in _execute_callable
    return execute_callable(context=context, **execute_callable_kwargs)
           ^^^^^^^^^^^^^^^^^^^^^^^^^^^^^^^^^^^^^^^^^^^^^^^^^^^^^^^^^^^^
  File "/home/airflow/.local/lib/python3.11/site-packages/airflow/models/baseoperator.py", line 400, in wrapper
    return func(self, *args, **kwargs)
           ^^^^^^^^^^^^^^^^^^^^^^^^^^^
  File "/home/airflow/.local/lib/python3.11/site-packages/airflow/operators/python.py", line 235, in execute
    return_value = self.execute_callable()
                   ^^^^^^^^^^^^^^^^^^^^^^^
  File "/home/airflow/.local/lib/python3.11/site-packages/airflow/operators/python.py", line 252, in execute_callable
    return self.python_callable(*self.op_args, **self.op_kwargs)
           ^^^^^^^^^^^^^^^^^^^^^^^^^^^^^^^^^^^^^^^^^^^^^^^^^^^^^
  File "/opt/airflow/dags/process_sales_dag.py", line 14, in run_spark_job
    subprocess.run([
  File "/usr/local/lib/python3.11/subprocess.py", line 571, in run
    raise CalledProcessError(retcode, process.args,
subprocess.CalledProcessError: Command '['spark-submit', '/opt/airflow/spark_jobs/process_sales_spark.py']' returned non-zero exit status 1.
[2025-06-16T20:45:02.309+0000] {taskinstance.py:1206} INFO - Marking task as UP_FOR_RETRY. dag_id=process_sales, task_id=run_sales_etl_spark, run_id=manual__2025-06-16T20:44:02.831234+00:00, execution_date=20250616T204402, start_date=20250616T204407, end_date=20250616T204502
[2025-06-16T20:45:02.434+0000] {standard_task_runner.py:110} ERROR - Failed to execute job 21 for task run_sales_etl_spark (Command '['spark-submit', '/opt/airflow/spark_jobs/process_sales_spark.py']' returned non-zero exit status 1.; 173)
[2025-06-16T20:45:02.574+0000] {local_task_job_runner.py:240} INFO - Task exited with return code 1
[2025-06-16T20:45:02.666+0000] {taskinstance.py:3498} INFO - 0 downstream tasks scheduled from follow-on schedule check
[2025-06-16T20:45:02.675+0000] {local_task_job_runner.py:222} INFO - ::endgroup::
