[2025-06-16T19:48:03.358+0000] {local_task_job_runner.py:120} INFO - ::group::Pre task execution logs
[2025-06-16T19:48:03.468+0000] {taskinstance.py:2076} INFO - Dependencies all met for dep_context=non-requeueable deps ti=<TaskInstance: process_sales.run_sales_etl_spark manual__2025-06-16T19:41:38.516720+00:00 [queued]>
[2025-06-16T19:48:03.481+0000] {taskinstance.py:2076} INFO - Dependencies all met for dep_context=requeueable deps ti=<TaskInstance: process_sales.run_sales_etl_spark manual__2025-06-16T19:41:38.516720+00:00 [queued]>
[2025-06-16T19:48:03.482+0000] {taskinstance.py:2306} INFO - Starting attempt 2 of 2
[2025-06-16T19:48:03.503+0000] {taskinstance.py:2330} INFO - Executing <Task(PythonOperator): run_sales_etl_spark> on 2025-06-16 19:41:38.516720+00:00
[2025-06-16T19:48:03.514+0000] {standard_task_runner.py:63} INFO - Started process 419 to run task
[2025-06-16T19:48:03.520+0000] {standard_task_runner.py:90} INFO - Running: ['***', 'tasks', 'run', 'process_sales', 'run_sales_etl_spark', 'manual__2025-06-16T19:41:38.516720+00:00', '--job-id', '19', '--raw', '--subdir', 'DAGS_FOLDER/process_sales_dag.py', '--cfg-path', '/tmp/tmpolkwu5hk']
[2025-06-16T19:48:03.524+0000] {standard_task_runner.py:91} INFO - Job 19: Subtask run_sales_etl_spark
[2025-06-16T19:48:03.604+0000] {task_command.py:426} INFO - Running <TaskInstance: process_sales.run_sales_etl_spark manual__2025-06-16T19:41:38.516720+00:00 [running]> on host d5a9e18852c2
[2025-06-16T19:48:03.752+0000] {taskinstance.py:2648} INFO - Exporting env vars: AIRFLOW_CTX_DAG_OWNER='andrii' AIRFLOW_CTX_DAG_ID='process_sales' AIRFLOW_CTX_TASK_ID='run_sales_etl_spark' AIRFLOW_CTX_EXECUTION_DATE='2025-06-16T19:41:38.516720+00:00' AIRFLOW_CTX_TRY_NUMBER='2' AIRFLOW_CTX_DAG_RUN_ID='manual__2025-06-16T19:41:38.516720+00:00'
[2025-06-16T19:48:03.754+0000] {taskinstance.py:430} INFO - ::endgroup::
[2025-06-16T19:48:56.267+0000] {taskinstance.py:441} INFO - ::group::Post task execution logs
[2025-06-16T19:48:56.274+0000] {taskinstance.py:2905} ERROR - Task failed with exception
Traceback (most recent call last):
  File "/home/airflow/.local/lib/python3.11/site-packages/airflow/models/taskinstance.py", line 465, in _execute_task
    result = _execute_callable(context=context, **execute_callable_kwargs)
             ^^^^^^^^^^^^^^^^^^^^^^^^^^^^^^^^^^^^^^^^^^^^^^^^^^^^^^^^^^^^^
  File "/home/airflow/.local/lib/python3.11/site-packages/airflow/models/taskinstance.py", line 432, in _execute_callable
    return execute_callable(context=context, **execute_callable_kwargs)
           ^^^^^^^^^^^^^^^^^^^^^^^^^^^^^^^^^^^^^^^^^^^^^^^^^^^^^^^^^^^^
  File "/home/airflow/.local/lib/python3.11/site-packages/airflow/models/baseoperator.py", line 400, in wrapper
    return func(self, *args, **kwargs)
           ^^^^^^^^^^^^^^^^^^^^^^^^^^^
  File "/home/airflow/.local/lib/python3.11/site-packages/airflow/operators/python.py", line 235, in execute
    return_value = self.execute_callable()
                   ^^^^^^^^^^^^^^^^^^^^^^^
  File "/home/airflow/.local/lib/python3.11/site-packages/airflow/operators/python.py", line 252, in execute_callable
    return self.python_callable(*self.op_args, **self.op_kwargs)
           ^^^^^^^^^^^^^^^^^^^^^^^^^^^^^^^^^^^^^^^^^^^^^^^^^^^^^
  File "/opt/airflow/dags/process_sales_dag.py", line 14, in run_spark_job
    subprocess.run([
  File "/usr/local/lib/python3.11/subprocess.py", line 571, in run
    raise CalledProcessError(retcode, process.args,
subprocess.CalledProcessError: Command '['spark-submit', '/opt/airflow/spark_jobs/process_sales_spark.py']' returned non-zero exit status 1.
[2025-06-16T19:48:56.336+0000] {taskinstance.py:1206} INFO - Marking task as FAILED. dag_id=process_sales, task_id=run_sales_etl_spark, run_id=manual__2025-06-16T19:41:38.516720+00:00, execution_date=20250616T194138, start_date=20250616T194803, end_date=20250616T194856
[2025-06-16T19:48:56.378+0000] {standard_task_runner.py:110} ERROR - Failed to execute job 19 for task run_sales_etl_spark (Command '['spark-submit', '/opt/airflow/spark_jobs/process_sales_spark.py']' returned non-zero exit status 1.; 419)
[2025-06-16T19:48:56.431+0000] {local_task_job_runner.py:240} INFO - Task exited with return code 1
[2025-06-16T19:48:56.493+0000] {taskinstance.py:3498} INFO - 0 downstream tasks scheduled from follow-on schedule check
[2025-06-16T19:48:56.501+0000] {local_task_job_runner.py:222} INFO - ::endgroup::
