[2025-06-18T06:43:53.183+0000] {local_task_job_runner.py:120} INFO - ::group::Pre task execution logs
[2025-06-18T06:43:53.336+0000] {taskinstance.py:2076} INFO - Dependencies all met for dep_context=non-requeueable deps ti=<TaskInstance: enrich_user_profiles.run_spark_job_enrich_user_profiles manual__2025-06-18T06:33:10.269341+00:00 [queued]>
[2025-06-18T06:43:53.357+0000] {taskinstance.py:2076} INFO - Dependencies all met for dep_context=requeueable deps ti=<TaskInstance: enrich_user_profiles.run_spark_job_enrich_user_profiles manual__2025-06-18T06:33:10.269341+00:00 [queued]>
[2025-06-18T06:43:53.358+0000] {taskinstance.py:2306} INFO - Starting attempt 2 of 1
[2025-06-18T06:43:53.408+0000] {taskinstance.py:2330} INFO - Executing <Task(BashOperator): run_spark_job_enrich_user_profiles> on 2025-06-18 06:33:10.269341+00:00
[2025-06-18T06:43:53.439+0000] {standard_task_runner.py:63} INFO - Started process 174 to run task
[2025-06-18T06:43:53.467+0000] {standard_task_runner.py:90} INFO - Running: ['***', 'tasks', 'run', 'enrich_user_profiles', 'run_spark_job_enrich_user_profiles', 'manual__2025-06-18T06:33:10.269341+00:00', '--job-id', '65', '--raw', '--subdir', 'DAGS_FOLDER/enrich_user_profiles_dag.py', '--cfg-path', '/tmp/tmp8w1u9ebr']
[2025-06-18T06:43:53.476+0000] {standard_task_runner.py:91} INFO - Job 65: Subtask run_spark_job_enrich_user_profiles
[2025-06-18T06:43:53.777+0000] {task_command.py:426} INFO - Running <TaskInstance: enrich_user_profiles.run_spark_job_enrich_user_profiles manual__2025-06-18T06:33:10.269341+00:00 [running]> on host 44e8895ba14c
[2025-06-18T06:43:54.244+0000] {taskinstance.py:2648} INFO - Exporting env vars: AIRFLOW_CTX_DAG_OWNER='andrii' AIRFLOW_CTX_DAG_ID='enrich_user_profiles' AIRFLOW_CTX_TASK_ID='run_spark_job_enrich_user_profiles' AIRFLOW_CTX_EXECUTION_DATE='2025-06-18T06:33:10.269341+00:00' AIRFLOW_CTX_TRY_NUMBER='2' AIRFLOW_CTX_DAG_RUN_ID='manual__2025-06-18T06:33:10.269341+00:00'
[2025-06-18T06:43:54.249+0000] {taskinstance.py:430} INFO - ::endgroup::
[2025-06-18T06:43:54.322+0000] {subprocess.py:63} INFO - Tmp dir root location: /tmp
[2025-06-18T06:43:54.335+0000] {subprocess.py:75} INFO - Running command: ['/usr/bin/bash', '-c', 'spark-submit /opt/***/spark_jobs/enrich_user_profiles_spark.py']
[2025-06-18T06:43:54.380+0000] {subprocess.py:86} INFO - Output:
[2025-06-18T06:43:54.524+0000] {subprocess.py:93} INFO - /opt/spark/bin/load-spark-env.sh: line 68: ps: command not found
[2025-06-18T06:44:28.423+0000] {subprocess.py:93} INFO - 25/06/18 06:44:28 INFO SparkContext: Running Spark version 3.5.1
[2025-06-18T06:44:28.441+0000] {subprocess.py:93} INFO - 25/06/18 06:44:28 INFO SparkContext: OS info Linux, 6.6.87.1-microsoft-standard-WSL2, amd64
[2025-06-18T06:44:28.457+0000] {subprocess.py:93} INFO - 25/06/18 06:44:28 INFO SparkContext: Java version 17.0.15
[2025-06-18T06:44:29.406+0000] {subprocess.py:93} INFO - 25/06/18 06:44:29 WARN NativeCodeLoader: Unable to load native-hadoop library for your platform... using builtin-java classes where applicable
[2025-06-18T06:44:31.970+0000] {subprocess.py:93} INFO - 25/06/18 06:44:31 INFO ResourceUtils: ==============================================================
[2025-06-18T06:44:31.984+0000] {subprocess.py:93} INFO - 25/06/18 06:44:31 INFO ResourceUtils: No custom resources configured for spark.driver.
[2025-06-18T06:44:31.992+0000] {subprocess.py:93} INFO - 25/06/18 06:44:31 INFO ResourceUtils: ==============================================================
[2025-06-18T06:44:31.997+0000] {subprocess.py:93} INFO - 25/06/18 06:44:31 INFO SparkContext: Submitted application: Enrich Customers from User Profiles
[2025-06-18T06:44:32.162+0000] {subprocess.py:93} INFO - 25/06/18 06:44:32 INFO ResourceProfile: Default ResourceProfile created, executor resources: Map(cores -> name: cores, amount: 1, script: , vendor: , memory -> name: memory, amount: 1024, script: , vendor: , offHeap -> name: offHeap, amount: 0, script: , vendor: ), task resources: Map(cpus -> name: cpus, amount: 1.0)
[2025-06-18T06:44:32.222+0000] {subprocess.py:93} INFO - 25/06/18 06:44:32 INFO ResourceProfile: Limiting resource is cpu
[2025-06-18T06:44:32.229+0000] {subprocess.py:93} INFO - 25/06/18 06:44:32 INFO ResourceProfileManager: Added ResourceProfile id: 0
[2025-06-18T06:44:32.602+0000] {subprocess.py:93} INFO - 25/06/18 06:44:32 INFO SecurityManager: Changing view acls to: ***
[2025-06-18T06:44:32.607+0000] {subprocess.py:93} INFO - 25/06/18 06:44:32 INFO SecurityManager: Changing modify acls to: ***
[2025-06-18T06:44:32.613+0000] {subprocess.py:93} INFO - 25/06/18 06:44:32 INFO SecurityManager: Changing view acls groups to:
[2025-06-18T06:44:32.614+0000] {subprocess.py:93} INFO - 25/06/18 06:44:32 INFO SecurityManager: Changing modify acls groups to:
[2025-06-18T06:44:32.616+0000] {subprocess.py:93} INFO - 25/06/18 06:44:32 INFO SecurityManager: SecurityManager: authentication disabled; ui acls disabled; users with view permissions: ***; groups with view permissions: EMPTY; users with modify permissions: ***; groups with modify permissions: EMPTY
[2025-06-18T06:44:34.987+0000] {subprocess.py:93} INFO - 25/06/18 06:44:34 INFO Utils: Successfully started service 'sparkDriver' on port 35871.
[2025-06-18T06:44:35.379+0000] {subprocess.py:93} INFO - 25/06/18 06:44:35 INFO SparkEnv: Registering MapOutputTracker
[2025-06-18T06:44:36.294+0000] {subprocess.py:93} INFO - 25/06/18 06:44:36 INFO SparkEnv: Registering BlockManagerMaster
[2025-06-18T06:44:36.830+0000] {subprocess.py:93} INFO - 25/06/18 06:44:36 INFO BlockManagerMasterEndpoint: Using org.apache.spark.storage.DefaultTopologyMapper for getting topology information
[2025-06-18T06:44:36.832+0000] {subprocess.py:93} INFO - 25/06/18 06:44:36 INFO BlockManagerMasterEndpoint: BlockManagerMasterEndpoint up
[2025-06-18T06:44:36.884+0000] {subprocess.py:93} INFO - 25/06/18 06:44:36 INFO SparkEnv: Registering BlockManagerMasterHeartbeat
[2025-06-18T06:44:38.643+0000] {subprocess.py:93} INFO - 25/06/18 06:44:38 INFO DiskBlockManager: Created local directory at /tmp/blockmgr-ff6bdcee-e5f9-4f6a-ba46-4d7d4899a2de
[2025-06-18T06:44:38.800+0000] {subprocess.py:93} INFO - 25/06/18 06:44:38 INFO MemoryStore: MemoryStore started with capacity 434.4 MiB
[2025-06-18T06:44:39.038+0000] {subprocess.py:93} INFO - 25/06/18 06:44:39 INFO SparkEnv: Registering OutputCommitCoordinator
[2025-06-18T06:44:40.111+0000] {subprocess.py:93} INFO - 25/06/18 06:44:40 INFO JettyUtils: Start Jetty 0.0.0.0:4040 for SparkUI
[2025-06-18T06:44:40.699+0000] {subprocess.py:93} INFO - 25/06/18 06:44:40 INFO Utils: Successfully started service 'SparkUI' on port 4040.
[2025-06-18T06:44:41.408+0000] {subprocess.py:93} INFO - 25/06/18 06:44:41 INFO Executor: Starting executor ID driver on host 44e8895ba14c
[2025-06-18T06:44:41.410+0000] {subprocess.py:93} INFO - 25/06/18 06:44:41 INFO Executor: OS info Linux, 6.6.87.1-microsoft-standard-WSL2, amd64
[2025-06-18T06:44:41.411+0000] {subprocess.py:93} INFO - 25/06/18 06:44:41 INFO Executor: Java version 17.0.15
[2025-06-18T06:44:41.440+0000] {subprocess.py:93} INFO - 25/06/18 06:44:41 INFO Executor: Starting executor with user classpath (userClassPathFirst = false): ''
[2025-06-18T06:44:41.441+0000] {subprocess.py:93} INFO - 25/06/18 06:44:41 INFO Executor: Created or updated repl class loader org.apache.spark.util.MutableURLClassLoader@2f4a2a57 for default.
[2025-06-18T06:44:41.581+0000] {subprocess.py:93} INFO - 25/06/18 06:44:41 INFO Utils: Successfully started service 'org.apache.spark.network.netty.NettyBlockTransferService' on port 42743.
[2025-06-18T06:44:41.585+0000] {subprocess.py:93} INFO - 25/06/18 06:44:41 INFO NettyBlockTransferService: Server created on 44e8895ba14c:42743
[2025-06-18T06:44:41.591+0000] {subprocess.py:93} INFO - 25/06/18 06:44:41 INFO BlockManager: Using org.apache.spark.storage.RandomBlockReplicationPolicy for block replication policy
[2025-06-18T06:44:41.642+0000] {subprocess.py:93} INFO - 25/06/18 06:44:41 INFO BlockManagerMaster: Registering BlockManager BlockManagerId(driver, 44e8895ba14c, 42743, None)
[2025-06-18T06:44:41.656+0000] {subprocess.py:93} INFO - 25/06/18 06:44:41 INFO BlockManagerMasterEndpoint: Registering block manager 44e8895ba14c:42743 with 434.4 MiB RAM, BlockManagerId(driver, 44e8895ba14c, 42743, None)
[2025-06-18T06:44:41.675+0000] {subprocess.py:93} INFO - 25/06/18 06:44:41 INFO BlockManagerMaster: Registered BlockManager BlockManagerId(driver, 44e8895ba14c, 42743, None)
[2025-06-18T06:44:41.681+0000] {subprocess.py:93} INFO - 25/06/18 06:44:41 INFO BlockManager: Initialized BlockManager: BlockManagerId(driver, 44e8895ba14c, 42743, None)
[2025-06-18T06:44:54.267+0000] {subprocess.py:93} INFO - 25/06/18 06:44:54 INFO SharedState: Setting hive.metastore.warehouse.dir ('null') to the value of spark.sql.warehouse.dir.
[2025-06-18T06:44:54.324+0000] {subprocess.py:93} INFO - 25/06/18 06:44:54 INFO SharedState: Warehouse path is 'file:/tmp/***tmpah5238hs/spark-warehouse'.
[2025-06-18T06:45:04.211+0000] {subprocess.py:93} INFO - 25/06/18 06:45:04 INFO InMemoryFileIndex: It took 752 ms to list leaf files for 1 paths.
[2025-06-18T06:45:12.783+0000] {subprocess.py:93} INFO - 25/06/18 06:45:12 INFO SparkContext: Starting job: parquet at NativeMethodAccessorImpl.java:0
[2025-06-18T06:45:13.018+0000] {subprocess.py:93} INFO - 25/06/18 06:45:13 INFO DAGScheduler: Got job 0 (parquet at NativeMethodAccessorImpl.java:0) with 1 output partitions
[2025-06-18T06:45:13.028+0000] {subprocess.py:93} INFO - 25/06/18 06:45:13 INFO DAGScheduler: Final stage: ResultStage 0 (parquet at NativeMethodAccessorImpl.java:0)
[2025-06-18T06:45:13.034+0000] {subprocess.py:93} INFO - 25/06/18 06:45:13 INFO DAGScheduler: Parents of final stage: List()
[2025-06-18T06:45:13.043+0000] {subprocess.py:93} INFO - 25/06/18 06:45:13 INFO DAGScheduler: Missing parents: List()
[2025-06-18T06:45:13.105+0000] {subprocess.py:93} INFO - 25/06/18 06:45:13 INFO DAGScheduler: Submitting ResultStage 0 (MapPartitionsRDD[1] at parquet at NativeMethodAccessorImpl.java:0), which has no missing parents
[2025-06-18T06:45:13.736+0000] {subprocess.py:93} INFO - 25/06/18 06:45:13 INFO MemoryStore: Block broadcast_0 stored as values in memory (estimated size 103.3 KiB, free 434.3 MiB)
[2025-06-18T06:45:14.199+0000] {subprocess.py:93} INFO - 25/06/18 06:45:14 INFO MemoryStore: Block broadcast_0_piece0 stored as bytes in memory (estimated size 37.2 KiB, free 434.3 MiB)
[2025-06-18T06:45:14.211+0000] {subprocess.py:93} INFO - 25/06/18 06:45:14 INFO BlockManagerInfo: Added broadcast_0_piece0 in memory on 44e8895ba14c:42743 (size: 37.2 KiB, free: 434.4 MiB)
[2025-06-18T06:45:14.242+0000] {subprocess.py:93} INFO - 25/06/18 06:45:14 INFO SparkContext: Created broadcast 0 from broadcast at DAGScheduler.scala:1585
[2025-06-18T06:45:14.353+0000] {subprocess.py:93} INFO - 25/06/18 06:45:14 INFO DAGScheduler: Submitting 1 missing tasks from ResultStage 0 (MapPartitionsRDD[1] at parquet at NativeMethodAccessorImpl.java:0) (first 15 tasks are for partitions Vector(0))
[2025-06-18T06:45:14.355+0000] {subprocess.py:93} INFO - 25/06/18 06:45:14 INFO TaskSchedulerImpl: Adding task set 0.0 with 1 tasks resource profile 0
[2025-06-18T06:45:14.832+0000] {subprocess.py:93} INFO - 25/06/18 06:45:14 INFO TaskSetManager: Starting task 0.0 in stage 0.0 (TID 0) (44e8895ba14c, executor driver, partition 0, PROCESS_LOCAL, 7817 bytes)
[2025-06-18T06:45:14.996+0000] {subprocess.py:93} INFO - 25/06/18 06:45:14 INFO Executor: Running task 0.0 in stage 0.0 (TID 0)
[2025-06-18T06:45:23.660+0000] {subprocess.py:93} INFO - 25/06/18 06:45:23 INFO Executor: Finished task 0.0 in stage 0.0 (TID 0). 2012 bytes result sent to driver
[2025-06-18T06:45:23.714+0000] {subprocess.py:93} INFO - 25/06/18 06:45:23 INFO TaskSetManager: Finished task 0.0 in stage 0.0 (TID 0) in 9171 ms on 44e8895ba14c (executor driver) (1/1)
[2025-06-18T06:45:23.720+0000] {subprocess.py:93} INFO - 25/06/18 06:45:23 INFO TaskSchedulerImpl: Removed TaskSet 0.0, whose tasks have all completed, from pool
[2025-06-18T06:45:23.737+0000] {subprocess.py:93} INFO - 25/06/18 06:45:23 INFO DAGScheduler: ResultStage 0 (parquet at NativeMethodAccessorImpl.java:0) finished in 10.432 s
[2025-06-18T06:45:23.753+0000] {subprocess.py:93} INFO - 25/06/18 06:45:23 INFO DAGScheduler: Job 0 is finished. Cancelling potential speculative or zombie tasks for this job
[2025-06-18T06:45:23.756+0000] {subprocess.py:93} INFO - 25/06/18 06:45:23 INFO TaskSchedulerImpl: Killing all running tasks in stage 0: Stage finished
[2025-06-18T06:45:23.769+0000] {subprocess.py:93} INFO - 25/06/18 06:45:23 INFO DAGScheduler: Job 0 finished: parquet at NativeMethodAccessorImpl.java:0, took 10.985328 s
[2025-06-18T06:45:26.889+0000] {subprocess.py:93} INFO - 25/06/18 06:45:26 INFO InMemoryFileIndex: It took 33 ms to list leaf files for 1 paths.
[2025-06-18T06:45:29.019+0000] {subprocess.py:93} INFO - 25/06/18 06:45:29 INFO FileSourceStrategy: Pushed Filters:
[2025-06-18T06:45:29.025+0000] {subprocess.py:93} INFO - 25/06/18 06:45:29 INFO FileSourceStrategy: Post-Scan Filters:
[2025-06-18T06:45:29.064+0000] {subprocess.py:93} INFO - 25/06/18 06:45:29 INFO FileSourceStrategy: Pushed Filters: IsNotNull(email)
[2025-06-18T06:45:29.073+0000] {subprocess.py:93} INFO - 25/06/18 06:45:29 INFO FileSourceStrategy: Post-Scan Filters: isnotnull(email#20)
[2025-06-18T06:45:33.071+0000] {subprocess.py:93} INFO - 25/06/18 06:45:33 INFO CodeGenerator: Code generated in 1408.144211 ms
[2025-06-18T06:45:33.115+0000] {subprocess.py:93} INFO - 25/06/18 06:45:33 INFO MemoryStore: Block broadcast_1 stored as values in memory (estimated size 199.2 KiB, free 434.1 MiB)
[2025-06-18T06:45:33.177+0000] {subprocess.py:93} INFO - 25/06/18 06:45:33 INFO MemoryStore: Block broadcast_1_piece0 stored as bytes in memory (estimated size 34.2 KiB, free 434.0 MiB)
[2025-06-18T06:45:33.181+0000] {subprocess.py:93} INFO - 25/06/18 06:45:33 INFO BlockManagerInfo: Added broadcast_1_piece0 in memory on 44e8895ba14c:42743 (size: 34.2 KiB, free: 434.3 MiB)
[2025-06-18T06:45:33.186+0000] {subprocess.py:93} INFO - 25/06/18 06:45:33 INFO SparkContext: Created broadcast 1 from $anonfun$withThreadLocalCaptured$1 at FutureTask.java:264
[2025-06-18T06:45:33.283+0000] {subprocess.py:93} INFO - 25/06/18 06:45:33 INFO FileSourceScanExec: Planning scan with bin packing, max size: 5699592 bytes, open cost is considered as scanning 4194304 bytes.
[2025-06-18T06:45:33.638+0000] {subprocess.py:93} INFO - 25/06/18 06:45:33 INFO SparkContext: Starting job: $anonfun$withThreadLocalCaptured$1 at FutureTask.java:264
[2025-06-18T06:45:33.643+0000] {subprocess.py:93} INFO - 25/06/18 06:45:33 INFO DAGScheduler: Got job 1 ($anonfun$withThreadLocalCaptured$1 at FutureTask.java:264) with 2 output partitions
[2025-06-18T06:45:33.644+0000] {subprocess.py:93} INFO - 25/06/18 06:45:33 INFO DAGScheduler: Final stage: ResultStage 1 ($anonfun$withThreadLocalCaptured$1 at FutureTask.java:264)
[2025-06-18T06:45:33.648+0000] {subprocess.py:93} INFO - 25/06/18 06:45:33 INFO DAGScheduler: Parents of final stage: List()
[2025-06-18T06:45:33.653+0000] {subprocess.py:93} INFO - 25/06/18 06:45:33 INFO DAGScheduler: Missing parents: List()
[2025-06-18T06:45:33.654+0000] {subprocess.py:93} INFO - 25/06/18 06:45:33 INFO DAGScheduler: Submitting ResultStage 1 (MapPartitionsRDD[5] at $anonfun$withThreadLocalCaptured$1 at FutureTask.java:264), which has no missing parents
[2025-06-18T06:45:33.672+0000] {subprocess.py:93} INFO - 25/06/18 06:45:33 INFO MemoryStore: Block broadcast_2 stored as values in memory (estimated size 16.7 KiB, free 434.0 MiB)
[2025-06-18T06:45:33.743+0000] {subprocess.py:93} INFO - 25/06/18 06:45:33 INFO MemoryStore: Block broadcast_2_piece0 stored as bytes in memory (estimated size 7.8 KiB, free 434.0 MiB)
[2025-06-18T06:45:33.747+0000] {subprocess.py:93} INFO - 25/06/18 06:45:33 INFO BlockManagerInfo: Added broadcast_2_piece0 in memory on 44e8895ba14c:42743 (size: 7.8 KiB, free: 434.3 MiB)
[2025-06-18T06:45:33.749+0000] {subprocess.py:93} INFO - 25/06/18 06:45:33 INFO SparkContext: Created broadcast 2 from broadcast at DAGScheduler.scala:1585
[2025-06-18T06:45:33.754+0000] {subprocess.py:93} INFO - 25/06/18 06:45:33 INFO DAGScheduler: Submitting 2 missing tasks from ResultStage 1 (MapPartitionsRDD[5] at $anonfun$withThreadLocalCaptured$1 at FutureTask.java:264) (first 15 tasks are for partitions Vector(0, 1))
[2025-06-18T06:45:33.761+0000] {subprocess.py:93} INFO - 25/06/18 06:45:33 INFO TaskSchedulerImpl: Adding task set 1.0 with 2 tasks resource profile 0
[2025-06-18T06:45:33.766+0000] {subprocess.py:93} INFO - 25/06/18 06:45:33 INFO TaskSetManager: Starting task 0.0 in stage 1.0 (TID 1) (44e8895ba14c, executor driver, partition 0, PROCESS_LOCAL, 8239 bytes)
[2025-06-18T06:45:33.769+0000] {subprocess.py:93} INFO - 25/06/18 06:45:33 INFO TaskSetManager: Starting task 1.0 in stage 1.0 (TID 2) (44e8895ba14c, executor driver, partition 1, PROCESS_LOCAL, 8239 bytes)
[2025-06-18T06:45:33.781+0000] {subprocess.py:93} INFO - 25/06/18 06:45:33 INFO Executor: Running task 0.0 in stage 1.0 (TID 1)
[2025-06-18T06:45:33.787+0000] {subprocess.py:93} INFO - 25/06/18 06:45:33 INFO Executor: Running task 1.0 in stage 1.0 (TID 2)
[2025-06-18T06:45:33.970+0000] {subprocess.py:93} INFO - 25/06/18 06:45:33 INFO CodeGenerator: Code generated in 59.430812 ms
[2025-06-18T06:45:33.987+0000] {subprocess.py:93} INFO - 25/06/18 06:45:33 INFO FileScanRDD: Reading File path: file:///opt/***/data/raw/user_profiles/user_profiles.json, range: 0-5699592, partition values: [empty row]
[2025-06-18T06:45:34.191+0000] {subprocess.py:93} INFO - 25/06/18 06:45:34 INFO FileScanRDD: Reading File path: file:///opt/***/data/raw/user_profiles/user_profiles.json, range: 5699592-7204881, partition values: [empty row]
[2025-06-18T06:45:34.463+0000] {subprocess.py:93} INFO - 25/06/18 06:45:34 INFO CodeGenerator: Code generated in 156.12061 ms
[2025-06-18T06:45:34.529+0000] {subprocess.py:93} INFO - 25/06/18 06:45:34 INFO BlockManagerInfo: Removed broadcast_0_piece0 on 44e8895ba14c:42743 in memory (size: 37.2 KiB, free: 434.4 MiB)
[2025-06-18T06:45:34.618+0000] {subprocess.py:93} INFO - 25/06/18 06:45:34 INFO CodeGenerator: Code generated in 34.179606 ms
[2025-06-18T06:45:37.740+0000] {subprocess.py:93} INFO - 25/06/18 06:45:37 INFO Executor: Finished task 1.0 in stage 1.0 (TID 2). 428462 bytes result sent to driver
[2025-06-18T06:45:37.859+0000] {subprocess.py:93} INFO - 25/06/18 06:45:37 INFO TaskSetManager: Finished task 1.0 in stage 1.0 (TID 2) in 4085 ms on 44e8895ba14c (executor driver) (1/2)
[2025-06-18T06:45:42.948+0000] {subprocess.py:93} INFO - 25/06/18 06:45:42 INFO MemoryStore: Block taskresult_1 stored as bytes in memory (estimated size 1564.7 KiB, free 432.6 MiB)
[2025-06-18T06:45:43.072+0000] {subprocess.py:93} INFO - 25/06/18 06:45:42 INFO BlockManagerInfo: Added taskresult_1 in memory on 44e8895ba14c:42743 (size: 1564.7 KiB, free: 432.8 MiB)
[2025-06-18T06:45:43.271+0000] {subprocess.py:93} INFO - 25/06/18 06:45:42 INFO Executor: Finished task 0.0 in stage 1.0 (TID 1). 1602224 bytes result sent via BlockManager)
[2025-06-18T06:45:44.026+0000] {subprocess.py:93} INFO - 25/06/18 06:45:44 INFO TransportClientFactory: Successfully created connection to 44e8895ba14c/172.18.0.4:42743 after 325 ms (0 ms spent in bootstraps)
[2025-06-18T06:45:44.277+0000] {subprocess.py:93} INFO - 25/06/18 06:45:44 INFO TaskSetManager: Finished task 0.0 in stage 1.0 (TID 1) in 10519 ms on 44e8895ba14c (executor driver) (2/2)
[2025-06-18T06:45:44.278+0000] {subprocess.py:93} INFO - 25/06/18 06:45:44 INFO TaskSchedulerImpl: Removed TaskSet 1.0, whose tasks have all completed, from pool
[2025-06-18T06:45:44.284+0000] {subprocess.py:93} INFO - 25/06/18 06:45:44 INFO BlockManagerInfo: Removed taskresult_1 on 44e8895ba14c:42743 in memory (size: 1564.7 KiB, free: 434.4 MiB)
[2025-06-18T06:45:44.291+0000] {subprocess.py:93} INFO - 25/06/18 06:45:44 INFO DAGScheduler: ResultStage 1 ($anonfun$withThreadLocalCaptured$1 at FutureTask.java:264) finished in 10.635 s
[2025-06-18T06:45:44.295+0000] {subprocess.py:93} INFO - 25/06/18 06:45:44 INFO DAGScheduler: Job 1 is finished. Cancelling potential speculative or zombie tasks for this job
[2025-06-18T06:45:44.296+0000] {subprocess.py:93} INFO - 25/06/18 06:45:44 INFO TaskSchedulerImpl: Killing all running tasks in stage 1: Stage finished
[2025-06-18T06:45:44.301+0000] {subprocess.py:93} INFO - 25/06/18 06:45:44 INFO DAGScheduler: Job 1 finished: $anonfun$withThreadLocalCaptured$1 at FutureTask.java:264, took 10.661838 s
[2025-06-18T06:45:44.416+0000] {subprocess.py:93} INFO - 25/06/18 06:45:44 INFO CodeGenerator: Code generated in 29.810446 ms
[2025-06-18T06:45:44.710+0000] {subprocess.py:93} INFO - 25/06/18 06:45:44 INFO MemoryStore: Block broadcast_3 stored as values in memory (estimated size 10.0 MiB, free 424.1 MiB)
[2025-06-18T06:45:44.795+0000] {subprocess.py:93} INFO - 25/06/18 06:45:44 INFO BlockManagerInfo: Removed broadcast_2_piece0 on 44e8895ba14c:42743 in memory (size: 7.8 KiB, free: 434.4 MiB)
[2025-06-18T06:45:45.028+0000] {subprocess.py:93} INFO - 25/06/18 06:45:45 INFO MemoryStore: Block broadcast_3_piece0 stored as bytes in memory (estimated size 2.6 MiB, free 421.6 MiB)
[2025-06-18T06:45:45.031+0000] {subprocess.py:93} INFO - 25/06/18 06:45:45 INFO BlockManagerInfo: Added broadcast_3_piece0 in memory on 44e8895ba14c:42743 (size: 2.6 MiB, free: 431.8 MiB)
[2025-06-18T06:45:45.039+0000] {subprocess.py:93} INFO - 25/06/18 06:45:45 INFO SparkContext: Created broadcast 3 from $anonfun$withThreadLocalCaptured$1 at FutureTask.java:264
[2025-06-18T06:45:45.143+0000] {subprocess.py:93} INFO - 25/06/18 06:45:45 INFO FileSourceStrategy: Pushed Filters:
[2025-06-18T06:45:45.146+0000] {subprocess.py:93} INFO - 25/06/18 06:45:45 INFO FileSourceStrategy: Post-Scan Filters:
[2025-06-18T06:45:45.716+0000] {subprocess.py:93} INFO - 25/06/18 06:45:45 INFO ParquetUtils: Using default output committer for Parquet: org.apache.parquet.hadoop.ParquetOutputCommitter
[2025-06-18T06:45:45.797+0000] {subprocess.py:93} INFO - 25/06/18 06:45:45 INFO FileOutputCommitter: File Output Committer Algorithm version is 1
[2025-06-18T06:45:45.799+0000] {subprocess.py:93} INFO - 25/06/18 06:45:45 INFO FileOutputCommitter: FileOutputCommitter skip cleanup _temporary folders under output directory:false, ignore cleanup failures: false
[2025-06-18T06:45:45.805+0000] {subprocess.py:93} INFO - 25/06/18 06:45:45 INFO SQLHadoopMapReduceCommitProtocol: Using user defined output committer class org.apache.parquet.hadoop.ParquetOutputCommitter
[2025-06-18T06:45:45.812+0000] {subprocess.py:93} INFO - 25/06/18 06:45:45 INFO FileOutputCommitter: File Output Committer Algorithm version is 1
[2025-06-18T06:45:45.813+0000] {subprocess.py:93} INFO - 25/06/18 06:45:45 INFO FileOutputCommitter: FileOutputCommitter skip cleanup _temporary folders under output directory:false, ignore cleanup failures: false
[2025-06-18T06:45:45.814+0000] {subprocess.py:93} INFO - 25/06/18 06:45:45 INFO SQLHadoopMapReduceCommitProtocol: Using output committer class org.apache.parquet.hadoop.ParquetOutputCommitter
[2025-06-18T06:45:46.396+0000] {subprocess.py:93} INFO - 25/06/18 06:45:46 INFO CodeGenerator: Code generated in 188.479914 ms
[2025-06-18T06:45:46.472+0000] {subprocess.py:93} INFO - 25/06/18 06:45:46 INFO MemoryStore: Block broadcast_4 stored as values in memory (estimated size 201.5 KiB, free 421.4 MiB)
[2025-06-18T06:45:46.552+0000] {subprocess.py:93} INFO - 25/06/18 06:45:46 INFO MemoryStore: Block broadcast_4_piece0 stored as bytes in memory (estimated size 35.1 KiB, free 421.3 MiB)
[2025-06-18T06:45:46.566+0000] {subprocess.py:93} INFO - 25/06/18 06:45:46 INFO BlockManagerInfo: Added broadcast_4_piece0 in memory on 44e8895ba14c:42743 (size: 35.1 KiB, free: 431.7 MiB)
[2025-06-18T06:45:46.587+0000] {subprocess.py:93} INFO - 25/06/18 06:45:46 INFO SparkContext: Created broadcast 4 from parquet at NativeMethodAccessorImpl.java:0
[2025-06-18T06:45:46.602+0000] {subprocess.py:93} INFO - 25/06/18 06:45:46 INFO FileSourceScanExec: Planning scan with bin packing, max size: 4630546 bytes, open cost is considered as scanning 4194304 bytes.
[2025-06-18T06:45:46.669+0000] {subprocess.py:93} INFO - 25/06/18 06:45:46 INFO SparkContext: Starting job: parquet at NativeMethodAccessorImpl.java:0
[2025-06-18T06:45:46.685+0000] {subprocess.py:93} INFO - 25/06/18 06:45:46 INFO DAGScheduler: Got job 2 (parquet at NativeMethodAccessorImpl.java:0) with 2 output partitions
[2025-06-18T06:45:46.696+0000] {subprocess.py:93} INFO - 25/06/18 06:45:46 INFO DAGScheduler: Final stage: ResultStage 2 (parquet at NativeMethodAccessorImpl.java:0)
[2025-06-18T06:45:46.697+0000] {subprocess.py:93} INFO - 25/06/18 06:45:46 INFO DAGScheduler: Parents of final stage: List()
[2025-06-18T06:45:46.698+0000] {subprocess.py:93} INFO - 25/06/18 06:45:46 INFO DAGScheduler: Missing parents: List()
[2025-06-18T06:45:46.702+0000] {subprocess.py:93} INFO - 25/06/18 06:45:46 INFO DAGScheduler: Submitting ResultStage 2 (MapPartitionsRDD[9] at parquet at NativeMethodAccessorImpl.java:0), which has no missing parents
[2025-06-18T06:45:47.150+0000] {subprocess.py:93} INFO - 25/06/18 06:45:47 INFO MemoryStore: Block broadcast_5 stored as values in memory (estimated size 222.3 KiB, free 421.1 MiB)
[2025-06-18T06:45:47.317+0000] {subprocess.py:93} INFO - 25/06/18 06:45:47 INFO MemoryStore: Block broadcast_5_piece0 stored as bytes in memory (estimated size 78.9 KiB, free 421.0 MiB)
[2025-06-18T06:45:47.359+0000] {subprocess.py:93} INFO - 25/06/18 06:45:47 INFO BlockManagerInfo: Added broadcast_5_piece0 in memory on 44e8895ba14c:42743 (size: 78.9 KiB, free: 431.7 MiB)
[2025-06-18T06:45:47.405+0000] {subprocess.py:93} INFO - 25/06/18 06:45:47 INFO SparkContext: Created broadcast 5 from broadcast at DAGScheduler.scala:1585
[2025-06-18T06:45:47.417+0000] {subprocess.py:93} INFO - 25/06/18 06:45:47 INFO DAGScheduler: Submitting 2 missing tasks from ResultStage 2 (MapPartitionsRDD[9] at parquet at NativeMethodAccessorImpl.java:0) (first 15 tasks are for partitions Vector(0, 1))
[2025-06-18T06:45:47.422+0000] {subprocess.py:93} INFO - 25/06/18 06:45:47 INFO TaskSchedulerImpl: Adding task set 2.0 with 2 tasks resource profile 0
[2025-06-18T06:45:47.428+0000] {subprocess.py:93} INFO - 25/06/18 06:45:47 INFO TaskSetManager: Starting task 0.0 in stage 2.0 (TID 3) (44e8895ba14c, executor driver, partition 0, PROCESS_LOCAL, 8287 bytes)
[2025-06-18T06:45:47.448+0000] {subprocess.py:93} INFO - 25/06/18 06:45:47 INFO TaskSetManager: Starting task 1.0 in stage 2.0 (TID 4) (44e8895ba14c, executor driver, partition 1, PROCESS_LOCAL, 8287 bytes)
[2025-06-18T06:45:47.450+0000] {subprocess.py:93} INFO - 25/06/18 06:45:47 INFO Executor: Running task 1.0 in stage 2.0 (TID 4)
[2025-06-18T06:45:47.453+0000] {subprocess.py:93} INFO - 25/06/18 06:45:47 INFO Executor: Running task 0.0 in stage 2.0 (TID 3)
[2025-06-18T06:45:47.839+0000] {subprocess.py:93} INFO - 25/06/18 06:45:47 INFO CodeGenerator: Code generated in 170.476585 ms
[2025-06-18T06:45:47.860+0000] {subprocess.py:93} INFO - 25/06/18 06:45:47 INFO FileOutputCommitter: File Output Committer Algorithm version is 1
[2025-06-18T06:45:47.862+0000] {subprocess.py:93} INFO - 25/06/18 06:45:47 INFO FileOutputCommitter: FileOutputCommitter skip cleanup _temporary folders under output directory:false, ignore cleanup failures: false
[2025-06-18T06:45:47.865+0000] {subprocess.py:93} INFO - 25/06/18 06:45:47 INFO SQLHadoopMapReduceCommitProtocol: Using user defined output committer class org.apache.parquet.hadoop.ParquetOutputCommitter
[2025-06-18T06:45:47.870+0000] {subprocess.py:93} INFO - 25/06/18 06:45:47 INFO FileOutputCommitter: File Output Committer Algorithm version is 1
[2025-06-18T06:45:47.871+0000] {subprocess.py:93} INFO - 25/06/18 06:45:47 INFO FileOutputCommitter: FileOutputCommitter skip cleanup _temporary folders under output directory:false, ignore cleanup failures: false
[2025-06-18T06:45:47.881+0000] {subprocess.py:93} INFO - 25/06/18 06:45:47 INFO SQLHadoopMapReduceCommitProtocol: Using output committer class org.apache.parquet.hadoop.ParquetOutputCommitter
[2025-06-18T06:45:47.883+0000] {subprocess.py:93} INFO - 25/06/18 06:45:47 INFO FileScanRDD: Reading File path: file:///opt/***/data/silver/customers/part-00000-cc12e6ae-8213-4aa2-915c-0ffd4612089d-c000.snappy.parquet, range: 0-433702, partition values: [empty row]
[2025-06-18T06:45:47.890+0000] {subprocess.py:93} INFO - 25/06/18 06:45:47 INFO FileOutputCommitter: File Output Committer Algorithm version is 1
[2025-06-18T06:45:47.894+0000] {subprocess.py:93} INFO - 25/06/18 06:45:47 INFO FileOutputCommitter: FileOutputCommitter skip cleanup _temporary folders under output directory:false, ignore cleanup failures: false
[2025-06-18T06:45:48.101+0000] {subprocess.py:93} INFO - 25/06/18 06:45:47 INFO SQLHadoopMapReduceCommitProtocol: Using user defined output committer class org.apache.parquet.hadoop.ParquetOutputCommitter
[2025-06-18T06:45:48.125+0000] {subprocess.py:93} INFO - 25/06/18 06:45:47 INFO FileOutputCommitter: File Output Committer Algorithm version is 1
[2025-06-18T06:45:48.135+0000] {subprocess.py:93} INFO - 25/06/18 06:45:47 INFO FileOutputCommitter: FileOutputCommitter skip cleanup _temporary folders under output directory:false, ignore cleanup failures: false
[2025-06-18T06:45:48.141+0000] {subprocess.py:93} INFO - 25/06/18 06:45:47 INFO SQLHadoopMapReduceCommitProtocol: Using output committer class org.apache.parquet.hadoop.ParquetOutputCommitter
[2025-06-18T06:45:48.160+0000] {subprocess.py:93} INFO - 25/06/18 06:45:48 INFO CodecConfig: Compression: SNAPPY
[2025-06-18T06:45:48.201+0000] {subprocess.py:93} INFO - 25/06/18 06:45:48 INFO CodecConfig: Compression: SNAPPY
[2025-06-18T06:45:49.017+0000] {subprocess.py:93} INFO - 25/06/18 06:45:49 INFO ParquetOutputFormat: ParquetRecordWriter [block size: 134217728b, row group padding size: 8388608b, validating: false]
[2025-06-18T06:45:49.069+0000] {subprocess.py:93} INFO - 25/06/18 06:45:49 INFO ParquetWriteSupport: Initialized Parquet WriteSupport with Catalyst schema:
[2025-06-18T06:45:49.073+0000] {subprocess.py:93} INFO - {
[2025-06-18T06:45:49.074+0000] {subprocess.py:93} INFO -   "type" : "struct",
[2025-06-18T06:45:49.077+0000] {subprocess.py:93} INFO -   "fields" : [ {
[2025-06-18T06:45:49.081+0000] {subprocess.py:93} INFO -     "name" : "client_id",
[2025-06-18T06:45:49.084+0000] {subprocess.py:93} INFO -     "type" : "integer",
[2025-06-18T06:45:49.086+0000] {subprocess.py:93} INFO -     "nullable" : true,
[2025-06-18T06:45:49.091+0000] {subprocess.py:93} INFO -     "metadata" : { }
[2025-06-18T06:45:49.098+0000] {subprocess.py:93} INFO -   }, {
[2025-06-18T06:45:49.101+0000] {subprocess.py:93} INFO -     "name" : "first_name",
[2025-06-18T06:45:49.104+0000] {subprocess.py:93} INFO -     "type" : "string",
[2025-06-18T06:45:49.109+0000] {subprocess.py:93} INFO -     "nullable" : true,
[2025-06-18T06:45:49.113+0000] {subprocess.py:93} INFO -     "metadata" : { }
[2025-06-18T06:45:49.114+0000] {subprocess.py:93} INFO -   }, {
[2025-06-18T06:45:49.115+0000] {subprocess.py:93} INFO -     "name" : "last_name",
[2025-06-18T06:45:49.121+0000] {subprocess.py:93} INFO -     "type" : "string",
[2025-06-18T06:45:49.122+0000] {subprocess.py:93} INFO -     "nullable" : true,
[2025-06-18T06:45:49.123+0000] {subprocess.py:93} INFO -     "metadata" : { }
[2025-06-18T06:45:49.133+0000] {subprocess.py:93} INFO -   }, {
[2025-06-18T06:45:49.142+0000] {subprocess.py:93} INFO -     "name" : "email",
[2025-06-18T06:45:49.144+0000] {subprocess.py:93} INFO -     "type" : "string",
[2025-06-18T06:45:49.145+0000] {subprocess.py:93} INFO -     "nullable" : true,
[2025-06-18T06:45:49.146+0000] {subprocess.py:93} INFO -     "metadata" : { }
[2025-06-18T06:45:49.147+0000] {subprocess.py:93} INFO -   }, {
[2025-06-18T06:45:49.148+0000] {subprocess.py:93} INFO -     "name" : "registration_date",
[2025-06-18T06:45:49.150+0000] {subprocess.py:93} INFO -     "type" : "date",
[2025-06-18T06:45:49.151+0000] {subprocess.py:93} INFO -     "nullable" : true,
[2025-06-18T06:45:49.154+0000] {subprocess.py:93} INFO -     "metadata" : { }
[2025-06-18T06:45:49.155+0000] {subprocess.py:93} INFO -   }, {
[2025-06-18T06:45:49.161+0000] {subprocess.py:93} INFO -     "name" : "state",
[2025-06-18T06:45:49.162+0000] {subprocess.py:93} INFO -     "type" : "string",
[2025-06-18T06:45:49.164+0000] {subprocess.py:93} INFO -     "nullable" : true,
[2025-06-18T06:45:49.166+0000] {subprocess.py:93} INFO -     "metadata" : { }
[2025-06-18T06:45:49.168+0000] {subprocess.py:93} INFO -   } ]
[2025-06-18T06:45:49.171+0000] {subprocess.py:93} INFO - }
[2025-06-18T06:45:49.172+0000] {subprocess.py:93} INFO - and corresponding Parquet message type:
[2025-06-18T06:45:49.177+0000] {subprocess.py:93} INFO - message spark_schema {
[2025-06-18T06:45:49.182+0000] {subprocess.py:93} INFO -   optional int32 client_id;
[2025-06-18T06:45:49.183+0000] {subprocess.py:93} INFO -   optional binary first_name (STRING);
[2025-06-18T06:45:49.184+0000] {subprocess.py:93} INFO -   optional binary last_name (STRING);
[2025-06-18T06:45:49.185+0000] {subprocess.py:93} INFO -   optional binary email (STRING);
[2025-06-18T06:45:49.191+0000] {subprocess.py:93} INFO -   optional int32 registration_date (DATE);
[2025-06-18T06:45:49.194+0000] {subprocess.py:93} INFO -   optional binary state (STRING);
[2025-06-18T06:45:49.195+0000] {subprocess.py:93} INFO - }
[2025-06-18T06:45:49.196+0000] {subprocess.py:93} INFO - 
[2025-06-18T06:45:49.198+0000] {subprocess.py:93} INFO - 
[2025-06-18T06:45:49.562+0000] {subprocess.py:93} INFO - 25/06/18 06:45:49 INFO CodecPool: Got brand-new compressor [.snappy]
[2025-06-18T06:45:49.677+0000] {subprocess.py:93} INFO - 25/06/18 06:45:49 INFO CodecPool: Got brand-new decompressor [.snappy]
[2025-06-18T06:45:50.219+0000] {subprocess.py:93} INFO - 25/06/18 06:45:50 INFO FileScanRDD: Reading File path: file:///opt/***/data/silver/customers/part-00001-cc12e6ae-8213-4aa2-915c-0ffd4612089d-c000.snappy.parquet, range: 0-438782, partition values: [empty row]
[2025-06-18T06:45:50.282+0000] {subprocess.py:93} INFO - 25/06/18 06:45:50 INFO CodecConfig: Compression: SNAPPY
[2025-06-18T06:45:50.284+0000] {subprocess.py:93} INFO - 25/06/18 06:45:50 INFO CodecConfig: Compression: SNAPPY
[2025-06-18T06:45:50.289+0000] {subprocess.py:93} INFO - 25/06/18 06:45:50 INFO ParquetOutputFormat: ParquetRecordWriter [block size: 134217728b, row group padding size: 8388608b, validating: false]
[2025-06-18T06:45:50.303+0000] {subprocess.py:93} INFO - 25/06/18 06:45:50 INFO ParquetWriteSupport: Initialized Parquet WriteSupport with Catalyst schema:
[2025-06-18T06:45:50.304+0000] {subprocess.py:93} INFO - {
[2025-06-18T06:45:50.307+0000] {subprocess.py:93} INFO -   "type" : "struct",
[2025-06-18T06:45:50.308+0000] {subprocess.py:93} INFO -   "fields" : [ {
[2025-06-18T06:45:50.312+0000] {subprocess.py:93} INFO -     "name" : "client_id",
[2025-06-18T06:45:50.316+0000] {subprocess.py:93} INFO -     "type" : "integer",
[2025-06-18T06:45:50.319+0000] {subprocess.py:93} INFO -     "nullable" : true,
[2025-06-18T06:45:50.333+0000] {subprocess.py:93} INFO -     "metadata" : { }
[2025-06-18T06:45:50.345+0000] {subprocess.py:93} INFO -   }, {
[2025-06-18T06:45:50.357+0000] {subprocess.py:93} INFO -     "name" : "first_name",
[2025-06-18T06:45:50.369+0000] {subprocess.py:93} INFO -     "type" : "string",
[2025-06-18T06:45:50.377+0000] {subprocess.py:93} INFO -     "nullable" : true,
[2025-06-18T06:45:50.383+0000] {subprocess.py:93} INFO -     "metadata" : { }
[2025-06-18T06:45:50.385+0000] {subprocess.py:93} INFO -   }, {
[2025-06-18T06:45:50.392+0000] {subprocess.py:93} INFO -     "name" : "last_name",
[2025-06-18T06:45:50.394+0000] {subprocess.py:93} INFO -     "type" : "string",
[2025-06-18T06:45:50.396+0000] {subprocess.py:93} INFO -     "nullable" : true,
[2025-06-18T06:45:50.405+0000] {subprocess.py:93} INFO -     "metadata" : { }
[2025-06-18T06:45:50.411+0000] {subprocess.py:93} INFO -   }, {
[2025-06-18T06:45:50.412+0000] {subprocess.py:93} INFO -     "name" : "email",
[2025-06-18T06:45:50.418+0000] {subprocess.py:93} INFO -     "type" : "string",
[2025-06-18T06:45:50.427+0000] {subprocess.py:93} INFO -     "nullable" : true,
[2025-06-18T06:45:50.431+0000] {subprocess.py:93} INFO -     "metadata" : { }
[2025-06-18T06:45:50.433+0000] {subprocess.py:93} INFO -   }, {
[2025-06-18T06:45:50.436+0000] {subprocess.py:93} INFO -     "name" : "registration_date",
[2025-06-18T06:45:50.438+0000] {subprocess.py:93} INFO -     "type" : "date",
[2025-06-18T06:45:50.445+0000] {subprocess.py:93} INFO -     "nullable" : true,
[2025-06-18T06:45:50.447+0000] {subprocess.py:93} INFO -     "metadata" : { }
[2025-06-18T06:45:50.448+0000] {subprocess.py:93} INFO -   }, {
[2025-06-18T06:45:50.450+0000] {subprocess.py:93} INFO -     "name" : "state",
[2025-06-18T06:45:50.456+0000] {subprocess.py:93} INFO -     "type" : "string",
[2025-06-18T06:45:50.457+0000] {subprocess.py:93} INFO -     "nullable" : true,
[2025-06-18T06:45:50.458+0000] {subprocess.py:93} INFO -     "metadata" : { }
[2025-06-18T06:45:50.464+0000] {subprocess.py:93} INFO -   } ]
[2025-06-18T06:45:50.465+0000] {subprocess.py:93} INFO - }
[2025-06-18T06:45:50.470+0000] {subprocess.py:93} INFO - and corresponding Parquet message type:
[2025-06-18T06:45:50.471+0000] {subprocess.py:93} INFO - message spark_schema {
[2025-06-18T06:45:50.473+0000] {subprocess.py:93} INFO -   optional int32 client_id;
[2025-06-18T06:45:50.476+0000] {subprocess.py:93} INFO -   optional binary first_name (STRING);
[2025-06-18T06:45:50.479+0000] {subprocess.py:93} INFO -   optional binary last_name (STRING);
[2025-06-18T06:45:50.483+0000] {subprocess.py:93} INFO -   optional binary email (STRING);
[2025-06-18T06:45:50.484+0000] {subprocess.py:93} INFO -   optional int32 registration_date (DATE);
[2025-06-18T06:45:50.485+0000] {subprocess.py:93} INFO -   optional binary state (STRING);
[2025-06-18T06:45:50.489+0000] {subprocess.py:93} INFO - }
[2025-06-18T06:45:50.510+0000] {subprocess.py:93} INFO - 
[2025-06-18T06:45:50.525+0000] {subprocess.py:93} INFO - 
[2025-06-18T06:45:50.536+0000] {subprocess.py:93} INFO - 25/06/18 06:45:50 INFO CodecPool: Got brand-new decompressor [.snappy]
[2025-06-18T06:45:50.867+0000] {subprocess.py:93} INFO - 25/06/18 06:45:50 INFO CodecPool: Got brand-new compressor [.snappy]
[2025-06-18T06:45:53.513+0000] {subprocess.py:93} INFO - 25/06/18 06:45:53 INFO FileOutputCommitter: Saved output of task 'attempt_202506180645463421022011183650831_0002_m_000001_4' to file:/opt/***/data/silver/customers_updated_from_user_profiles/_temporary/0/task_202506180645463421022011183650831_0002_m_000001
[2025-06-18T06:45:53.522+0000] {subprocess.py:93} INFO - 25/06/18 06:45:53 INFO SparkHadoopMapRedUtil: attempt_202506180645463421022011183650831_0002_m_000001_4: Committed. Elapsed time: 34 ms.
[2025-06-18T06:45:53.551+0000] {subprocess.py:93} INFO - 25/06/18 06:45:53 INFO Executor: Finished task 1.0 in stage 2.0 (TID 4). 2920 bytes result sent to driver
[2025-06-18T06:45:53.577+0000] {subprocess.py:93} INFO - 25/06/18 06:45:53 INFO TaskSetManager: Finished task 1.0 in stage 2.0 (TID 4) in 6198 ms on 44e8895ba14c (executor driver) (1/2)
[2025-06-18T06:45:53.806+0000] {subprocess.py:93} INFO - 25/06/18 06:45:53 INFO FileOutputCommitter: Saved output of task 'attempt_202506180645463421022011183650831_0002_m_000000_3' to file:/opt/***/data/silver/customers_updated_from_user_profiles/_temporary/0/task_202506180645463421022011183650831_0002_m_000000
[2025-06-18T06:45:53.808+0000] {subprocess.py:93} INFO - 25/06/18 06:45:53 INFO SparkHadoopMapRedUtil: attempt_202506180645463421022011183650831_0002_m_000000_3: Committed. Elapsed time: 253 ms.
[2025-06-18T06:45:53.816+0000] {subprocess.py:93} INFO - 25/06/18 06:45:53 INFO Executor: Finished task 0.0 in stage 2.0 (TID 3). 2877 bytes result sent to driver
[2025-06-18T06:45:53.835+0000] {subprocess.py:93} INFO - 25/06/18 06:45:53 INFO TaskSetManager: Finished task 0.0 in stage 2.0 (TID 3) in 6464 ms on 44e8895ba14c (executor driver) (2/2)
[2025-06-18T06:45:53.837+0000] {subprocess.py:93} INFO - 25/06/18 06:45:53 INFO TaskSchedulerImpl: Removed TaskSet 2.0, whose tasks have all completed, from pool
[2025-06-18T06:45:53.848+0000] {subprocess.py:93} INFO - 25/06/18 06:45:53 INFO DAGScheduler: ResultStage 2 (parquet at NativeMethodAccessorImpl.java:0) finished in 7.120 s
[2025-06-18T06:45:53.850+0000] {subprocess.py:93} INFO - 25/06/18 06:45:53 INFO DAGScheduler: Job 2 is finished. Cancelling potential speculative or zombie tasks for this job
[2025-06-18T06:45:53.852+0000] {subprocess.py:93} INFO - 25/06/18 06:45:53 INFO TaskSchedulerImpl: Killing all running tasks in stage 2: Stage finished
[2025-06-18T06:45:53.857+0000] {subprocess.py:93} INFO - 25/06/18 06:45:53 INFO DAGScheduler: Job 2 finished: parquet at NativeMethodAccessorImpl.java:0, took 7.184259 s
[2025-06-18T06:45:53.867+0000] {subprocess.py:93} INFO - 25/06/18 06:45:53 INFO FileFormatWriter: Start to commit write Job 911afcb2-8be2-471f-8b37-dbea49cceb10.
[2025-06-18T06:45:55.462+0000] {subprocess.py:93} INFO - 25/06/18 06:45:55 INFO FileFormatWriter: Write Job 911afcb2-8be2-471f-8b37-dbea49cceb10 committed. Elapsed time: 1596 ms.
[2025-06-18T06:45:55.484+0000] {subprocess.py:93} INFO - 25/06/18 06:45:55 INFO FileFormatWriter: Finished processing stats for write job 911afcb2-8be2-471f-8b37-dbea49cceb10.
[2025-06-18T06:45:55.505+0000] {subprocess.py:93} INFO - Збагачені дані збережено в: /opt/***/data/silver/customers_updated_from_user_profiles
[2025-06-18T06:45:55.511+0000] {subprocess.py:93} INFO - 25/06/18 06:45:55 INFO SparkContext: SparkContext is stopping with exitCode 0.
[2025-06-18T06:45:55.613+0000] {subprocess.py:93} INFO - 25/06/18 06:45:55 INFO SparkUI: Stopped Spark web UI at http://44e8895ba14c:4040
[2025-06-18T06:45:55.664+0000] {subprocess.py:93} INFO - 25/06/18 06:45:55 INFO MapOutputTrackerMasterEndpoint: MapOutputTrackerMasterEndpoint stopped!
[2025-06-18T06:45:55.755+0000] {subprocess.py:93} INFO - 25/06/18 06:45:55 INFO MemoryStore: MemoryStore cleared
[2025-06-18T06:45:55.761+0000] {subprocess.py:93} INFO - 25/06/18 06:45:55 INFO BlockManager: BlockManager stopped
[2025-06-18T06:45:55.776+0000] {subprocess.py:93} INFO - 25/06/18 06:45:55 INFO BlockManagerMaster: BlockManagerMaster stopped
[2025-06-18T06:45:55.788+0000] {subprocess.py:93} INFO - 25/06/18 06:45:55 INFO OutputCommitCoordinator$OutputCommitCoordinatorEndpoint: OutputCommitCoordinator stopped!
[2025-06-18T06:45:55.875+0000] {subprocess.py:93} INFO - 25/06/18 06:45:55 INFO SparkContext: Successfully stopped SparkContext
[2025-06-18T06:45:57.751+0000] {subprocess.py:93} INFO - 25/06/18 06:45:57 INFO ShutdownHookManager: Shutdown hook called
[2025-06-18T06:45:57.763+0000] {subprocess.py:93} INFO - 25/06/18 06:45:57 INFO ShutdownHookManager: Deleting directory /tmp/spark-23880028-bb65-4db2-9c85-45be86f4c98e/pyspark-ad885b14-0f84-42ed-9f02-03e562fee297
[2025-06-18T06:45:57.819+0000] {subprocess.py:93} INFO - 25/06/18 06:45:57 INFO ShutdownHookManager: Deleting directory /tmp/spark-bd95209c-0ba3-4c98-bd3f-47f899a2b399
[2025-06-18T06:45:57.861+0000] {subprocess.py:93} INFO - 25/06/18 06:45:57 INFO ShutdownHookManager: Deleting directory /tmp/spark-23880028-bb65-4db2-9c85-45be86f4c98e
[2025-06-18T06:45:58.215+0000] {subprocess.py:97} INFO - Command exited with return code 0
[2025-06-18T06:45:58.289+0000] {taskinstance.py:441} INFO - ::group::Post task execution logs
[2025-06-18T06:45:58.962+0000] {taskinstance.py:1206} INFO - Marking task as SUCCESS. dag_id=enrich_user_profiles, task_id=run_spark_job_enrich_user_profiles, run_id=manual__2025-06-18T06:33:10.269341+00:00, execution_date=20250618T063310, start_date=20250618T064353, end_date=20250618T064558
[2025-06-18T06:45:59.310+0000] {local_task_job_runner.py:240} INFO - Task exited with return code 0
[2025-06-18T06:45:59.751+0000] {taskinstance.py:3498} INFO - 0 downstream tasks scheduled from follow-on schedule check
[2025-06-18T06:45:59.811+0000] {local_task_job_runner.py:222} INFO - ::endgroup::
