[2025-06-16T16:19:59.890+0000] {local_task_job_runner.py:120} INFO - ::group::Pre task execution logs
[2025-06-16T16:20:00.219+0000] {taskinstance.py:2076} INFO - Dependencies all met for dep_context=non-requeueable deps ti=<TaskInstance: process_sales.run_sales_etl_spark scheduled__2025-06-15T01:00:00+00:00 [queued]>
[2025-06-16T16:20:00.289+0000] {taskinstance.py:2076} INFO - Dependencies all met for dep_context=requeueable deps ti=<TaskInstance: process_sales.run_sales_etl_spark scheduled__2025-06-15T01:00:00+00:00 [queued]>
[2025-06-16T16:20:00.292+0000] {taskinstance.py:2306} INFO - Starting attempt 1 of 2
[2025-06-16T16:20:00.342+0000] {taskinstance.py:2330} INFO - Executing <Task(BashOperator): run_sales_etl_spark> on 2025-06-15 01:00:00+00:00
[2025-06-16T16:20:00.394+0000] {standard_task_runner.py:63} INFO - Started process 174 to run task
[2025-06-16T16:20:00.447+0000] {standard_task_runner.py:90} INFO - Running: ['***', 'tasks', 'run', 'process_sales', 'run_sales_etl_spark', 'scheduled__2025-06-15T01:00:00+00:00', '--job-id', '4', '--raw', '--subdir', 'DAGS_FOLDER/process_sales_dag.py', '--cfg-path', '/tmp/tmpbwuq0oc6']
[2025-06-16T16:20:00.486+0000] {standard_task_runner.py:91} INFO - Job 4: Subtask run_sales_etl_spark
[2025-06-16T16:20:01.203+0000] {task_command.py:426} INFO - Running <TaskInstance: process_sales.run_sales_etl_spark scheduled__2025-06-15T01:00:00+00:00 [running]> on host abe817449177
[2025-06-16T16:20:01.835+0000] {taskinstance.py:2648} INFO - Exporting env vars: AIRFLOW_CTX_DAG_OWNER='andrii' AIRFLOW_CTX_DAG_ID='process_sales' AIRFLOW_CTX_TASK_ID='run_sales_etl_spark' AIRFLOW_CTX_EXECUTION_DATE='2025-06-15T01:00:00+00:00' AIRFLOW_CTX_TRY_NUMBER='1' AIRFLOW_CTX_DAG_RUN_ID='scheduled__2025-06-15T01:00:00+00:00'
[2025-06-16T16:20:01.840+0000] {taskinstance.py:430} INFO - ::endgroup::
[2025-06-16T16:20:02.039+0000] {subprocess.py:63} INFO - Tmp dir root location: /tmp
[2025-06-16T16:20:02.046+0000] {subprocess.py:75} INFO - Running command: ['/usr/bin/bash', '-c', 'spark-submit spark_jobs/process_sales_spark.py']
[2025-06-16T16:20:02.108+0000] {subprocess.py:86} INFO - Output:
[2025-06-16T16:20:02.148+0000] {subprocess.py:93} INFO - /usr/bin/bash: line 1: spark-submit: command not found
[2025-06-16T16:20:02.154+0000] {subprocess.py:97} INFO - Command exited with return code 127
[2025-06-16T16:20:02.157+0000] {taskinstance.py:441} INFO - ::group::Post task execution logs
[2025-06-16T16:20:11.623+0000] {taskinstance.py:2905} ERROR - Task failed with exception
Traceback (most recent call last):
  File "/home/airflow/.local/lib/python3.11/site-packages/airflow/models/taskinstance.py", line 465, in _execute_task
    result = _execute_callable(context=context, **execute_callable_kwargs)
             ^^^^^^^^^^^^^^^^^^^^^^^^^^^^^^^^^^^^^^^^^^^^^^^^^^^^^^^^^^^^^
  File "/home/airflow/.local/lib/python3.11/site-packages/airflow/models/taskinstance.py", line 432, in _execute_callable
    return execute_callable(context=context, **execute_callable_kwargs)
           ^^^^^^^^^^^^^^^^^^^^^^^^^^^^^^^^^^^^^^^^^^^^^^^^^^^^^^^^^^^^
  File "/home/airflow/.local/lib/python3.11/site-packages/airflow/models/baseoperator.py", line 400, in wrapper
    return func(self, *args, **kwargs)
           ^^^^^^^^^^^^^^^^^^^^^^^^^^^
  File "/home/airflow/.local/lib/python3.11/site-packages/airflow/operators/bash.py", line 243, in execute
    raise AirflowException(
airflow.exceptions.AirflowException: Bash command failed. The command returned a non-zero exit code 127.
[2025-06-16T16:20:11.657+0000] {taskinstance.py:1206} INFO - Marking task as UP_FOR_RETRY. dag_id=process_sales, task_id=run_sales_etl_spark, run_id=scheduled__2025-06-15T01:00:00+00:00, execution_date=20250615T010000, start_date=20250616T162000, end_date=20250616T162011
[2025-06-16T16:20:11.775+0000] {standard_task_runner.py:110} ERROR - Failed to execute job 4 for task run_sales_etl_spark (Bash command failed. The command returned a non-zero exit code 127.; 174)
[2025-06-16T16:20:11.892+0000] {local_task_job_runner.py:240} INFO - Task exited with return code 1
[2025-06-16T16:20:11.954+0000] {taskinstance.py:3498} INFO - 0 downstream tasks scheduled from follow-on schedule check
[2025-06-16T16:20:11.968+0000] {local_task_job_runner.py:222} INFO - ::endgroup::
