[2025-06-16T19:34:59.133+0000] {local_task_job_runner.py:120} INFO - ::group::Pre task execution logs
[2025-06-16T19:34:59.322+0000] {taskinstance.py:2076} INFO - Dependencies all met for dep_context=non-requeueable deps ti=<TaskInstance: process_sales.run_sales_etl_spark manual__2025-06-16T19:29:49.881348+00:00 [queued]>
[2025-06-16T19:34:59.344+0000] {taskinstance.py:2076} INFO - Dependencies all met for dep_context=requeueable deps ti=<TaskInstance: process_sales.run_sales_etl_spark manual__2025-06-16T19:29:49.881348+00:00 [queued]>
[2025-06-16T19:34:59.345+0000] {taskinstance.py:2306} INFO - Starting attempt 2 of 2
[2025-06-16T19:34:59.378+0000] {taskinstance.py:2330} INFO - Executing <Task(PythonOperator): run_sales_etl_spark> on 2025-06-16 19:29:49.881348+00:00
[2025-06-16T19:34:59.404+0000] {standard_task_runner.py:63} INFO - Started process 229 to run task
[2025-06-16T19:34:59.413+0000] {standard_task_runner.py:90} INFO - Running: ['***', 'tasks', 'run', 'process_sales', 'run_sales_etl_spark', 'manual__2025-06-16T19:29:49.881348+00:00', '--job-id', '16', '--raw', '--subdir', 'DAGS_FOLDER/process_sales_dag.py', '--cfg-path', '/tmp/tmpsguyuwcl']
[2025-06-16T19:34:59.420+0000] {standard_task_runner.py:91} INFO - Job 16: Subtask run_sales_etl_spark
[2025-06-16T19:34:59.582+0000] {task_command.py:426} INFO - Running <TaskInstance: process_sales.run_sales_etl_spark manual__2025-06-16T19:29:49.881348+00:00 [running]> on host 129b5157c63b
[2025-06-16T19:34:59.875+0000] {taskinstance.py:2648} INFO - Exporting env vars: AIRFLOW_CTX_DAG_OWNER='andrii' AIRFLOW_CTX_DAG_ID='process_sales' AIRFLOW_CTX_TASK_ID='run_sales_etl_spark' AIRFLOW_CTX_EXECUTION_DATE='2025-06-16T19:29:49.881348+00:00' AIRFLOW_CTX_TRY_NUMBER='2' AIRFLOW_CTX_DAG_RUN_ID='manual__2025-06-16T19:29:49.881348+00:00'
[2025-06-16T19:34:59.878+0000] {taskinstance.py:430} INFO - ::endgroup::
[2025-06-16T19:34:59.965+0000] {taskinstance.py:441} INFO - ::group::Post task execution logs
[2025-06-16T19:34:59.967+0000] {taskinstance.py:2905} ERROR - Task failed with exception
Traceback (most recent call last):
  File "/home/airflow/.local/lib/python3.11/site-packages/airflow/models/taskinstance.py", line 465, in _execute_task
    result = _execute_callable(context=context, **execute_callable_kwargs)
             ^^^^^^^^^^^^^^^^^^^^^^^^^^^^^^^^^^^^^^^^^^^^^^^^^^^^^^^^^^^^^
  File "/home/airflow/.local/lib/python3.11/site-packages/airflow/models/taskinstance.py", line 432, in _execute_callable
    return execute_callable(context=context, **execute_callable_kwargs)
           ^^^^^^^^^^^^^^^^^^^^^^^^^^^^^^^^^^^^^^^^^^^^^^^^^^^^^^^^^^^^
  File "/home/airflow/.local/lib/python3.11/site-packages/airflow/models/baseoperator.py", line 400, in wrapper
    return func(self, *args, **kwargs)
           ^^^^^^^^^^^^^^^^^^^^^^^^^^^
  File "/home/airflow/.local/lib/python3.11/site-packages/airflow/operators/python.py", line 235, in execute
    return_value = self.execute_callable()
                   ^^^^^^^^^^^^^^^^^^^^^^^
  File "/home/airflow/.local/lib/python3.11/site-packages/airflow/operators/python.py", line 252, in execute_callable
    return self.python_callable(*self.op_args, **self.op_kwargs)
           ^^^^^^^^^^^^^^^^^^^^^^^^^^^^^^^^^^^^^^^^^^^^^^^^^^^^^
  File "/opt/airflow/dags/process_sales_dag.py", line 14, in run_spark_job
    subprocess.run([
  File "/usr/local/lib/python3.11/subprocess.py", line 548, in run
    with Popen(*popenargs, **kwargs) as process:
         ^^^^^^^^^^^^^^^^^^^^^^^^^^^
  File "/usr/local/lib/python3.11/subprocess.py", line 1026, in __init__
    self._execute_child(args, executable, preexec_fn, close_fds,
  File "/usr/local/lib/python3.11/subprocess.py", line 1955, in _execute_child
    raise child_exception_type(errno_num, err_msg, err_filename)
PermissionError: [Errno 13] Permission denied: 'wsl'
[2025-06-16T19:35:00.007+0000] {taskinstance.py:1206} INFO - Marking task as FAILED. dag_id=process_sales, task_id=run_sales_etl_spark, run_id=manual__2025-06-16T19:29:49.881348+00:00, execution_date=20250616T192949, start_date=20250616T193459, end_date=20250616T193500
[2025-06-16T19:35:00.056+0000] {standard_task_runner.py:110} ERROR - Failed to execute job 16 for task run_sales_etl_spark ([Errno 13] Permission denied: 'wsl'; 229)
[2025-06-16T19:35:00.132+0000] {local_task_job_runner.py:240} INFO - Task exited with return code 1
[2025-06-16T19:35:00.203+0000] {taskinstance.py:3498} INFO - 0 downstream tasks scheduled from follow-on schedule check
[2025-06-16T19:35:00.209+0000] {local_task_job_runner.py:222} INFO - ::endgroup::
