[2025-06-18T14:12:30.444+0000] {processor.py:161} INFO - Started process (PID=158) to work on /opt/airflow/dags/gold_enrich_user_profiles_dag.py
[2025-06-18T14:12:30.468+0000] {processor.py:830} INFO - Processing file /opt/airflow/dags/gold_enrich_user_profiles_dag.py for tasks to queue
[2025-06-18T14:12:30.568+0000] {logging_mixin.py:188} INFO - [2025-06-18T14:12:30.556+0000] {dagbag.py:545} INFO - Filling up the DagBag from /opt/airflow/dags/gold_enrich_user_profiles_dag.py
[2025-06-18T14:12:30.959+0000] {processor.py:840} INFO - DAG(s) 'enrich_user_profiles' retrieved from /opt/airflow/dags/gold_enrich_user_profiles_dag.py
[2025-06-18T14:12:32.833+0000] {logging_mixin.py:188} INFO - [2025-06-18T14:12:32.832+0000] {dag.py:3096} INFO - Sync 1 DAGs
[2025-06-18T14:12:32.858+0000] {logging_mixin.py:188} INFO - [2025-06-18T14:12:32.858+0000] {dag.py:3954} INFO - Setting next_dagrun for enrich_user_profiles to None, run_after=None
[2025-06-18T14:12:32.987+0000] {processor.py:183} INFO - Processing /opt/airflow/dags/gold_enrich_user_profiles_dag.py took 2.741 seconds
[2025-06-18T14:13:04.777+0000] {processor.py:161} INFO - Started process (PID=186) to work on /opt/airflow/dags/gold_enrich_user_profiles_dag.py
[2025-06-18T14:13:04.780+0000] {processor.py:830} INFO - Processing file /opt/airflow/dags/gold_enrich_user_profiles_dag.py for tasks to queue
[2025-06-18T14:13:04.785+0000] {logging_mixin.py:188} INFO - [2025-06-18T14:13:04.784+0000] {dagbag.py:545} INFO - Filling up the DagBag from /opt/airflow/dags/gold_enrich_user_profiles_dag.py
[2025-06-18T14:13:04.818+0000] {processor.py:840} INFO - DAG(s) 'enrich_user_profiles' retrieved from /opt/airflow/dags/gold_enrich_user_profiles_dag.py
[2025-06-18T14:13:04.849+0000] {logging_mixin.py:188} INFO - [2025-06-18T14:13:04.849+0000] {dag.py:3096} INFO - Sync 1 DAGs
[2025-06-18T14:13:04.877+0000] {logging_mixin.py:188} INFO - [2025-06-18T14:13:04.877+0000] {dag.py:3954} INFO - Setting next_dagrun for enrich_user_profiles to None, run_after=None
[2025-06-18T14:13:04.923+0000] {processor.py:183} INFO - Processing /opt/airflow/dags/gold_enrich_user_profiles_dag.py took 0.173 seconds
[2025-06-18T14:13:36.054+0000] {processor.py:161} INFO - Started process (PID=198) to work on /opt/airflow/dags/gold_enrich_user_profiles_dag.py
[2025-06-18T14:13:36.078+0000] {processor.py:830} INFO - Processing file /opt/airflow/dags/gold_enrich_user_profiles_dag.py for tasks to queue
[2025-06-18T14:13:36.112+0000] {logging_mixin.py:188} INFO - [2025-06-18T14:13:36.106+0000] {dagbag.py:545} INFO - Filling up the DagBag from /opt/airflow/dags/gold_enrich_user_profiles_dag.py
[2025-06-18T14:13:36.280+0000] {processor.py:840} INFO - DAG(s) 'enrich_user_profiles' retrieved from /opt/airflow/dags/gold_enrich_user_profiles_dag.py
[2025-06-18T14:13:37.608+0000] {logging_mixin.py:188} INFO - [2025-06-18T14:13:37.604+0000] {dag.py:3096} INFO - Sync 1 DAGs
[2025-06-18T14:13:37.677+0000] {logging_mixin.py:188} INFO - [2025-06-18T14:13:37.677+0000] {dag.py:3954} INFO - Setting next_dagrun for enrich_user_profiles to None, run_after=None
[2025-06-18T14:13:38.195+0000] {processor.py:183} INFO - Processing /opt/airflow/dags/gold_enrich_user_profiles_dag.py took 2.227 seconds
[2025-06-18T14:14:09.834+0000] {processor.py:161} INFO - Started process (PID=221) to work on /opt/airflow/dags/gold_enrich_user_profiles_dag.py
[2025-06-18T14:14:09.871+0000] {processor.py:830} INFO - Processing file /opt/airflow/dags/gold_enrich_user_profiles_dag.py for tasks to queue
[2025-06-18T14:14:09.891+0000] {logging_mixin.py:188} INFO - [2025-06-18T14:14:09.885+0000] {dagbag.py:545} INFO - Filling up the DagBag from /opt/airflow/dags/gold_enrich_user_profiles_dag.py
[2025-06-18T14:14:10.198+0000] {processor.py:840} INFO - DAG(s) 'enrich_user_profiles' retrieved from /opt/airflow/dags/gold_enrich_user_profiles_dag.py
[2025-06-18T14:14:10.567+0000] {logging_mixin.py:188} INFO - [2025-06-18T14:14:10.567+0000] {dag.py:3096} INFO - Sync 1 DAGs
[2025-06-18T14:14:11.384+0000] {logging_mixin.py:188} INFO - [2025-06-18T14:14:11.383+0000] {dag.py:3954} INFO - Setting next_dagrun for enrich_user_profiles to None, run_after=None
[2025-06-18T14:14:11.668+0000] {processor.py:183} INFO - Processing /opt/airflow/dags/gold_enrich_user_profiles_dag.py took 1.994 seconds
[2025-06-18T14:14:42.220+0000] {processor.py:161} INFO - Started process (PID=241) to work on /opt/airflow/dags/gold_enrich_user_profiles_dag.py
[2025-06-18T14:14:42.238+0000] {processor.py:830} INFO - Processing file /opt/airflow/dags/gold_enrich_user_profiles_dag.py for tasks to queue
[2025-06-18T14:14:42.250+0000] {logging_mixin.py:188} INFO - [2025-06-18T14:14:42.244+0000] {dagbag.py:545} INFO - Filling up the DagBag from /opt/airflow/dags/gold_enrich_user_profiles_dag.py
[2025-06-18T14:14:42.480+0000] {processor.py:840} INFO - DAG(s) 'enrich_user_profiles' retrieved from /opt/airflow/dags/gold_enrich_user_profiles_dag.py
[2025-06-18T14:14:44.126+0000] {logging_mixin.py:188} INFO - [2025-06-18T14:14:44.125+0000] {dag.py:3096} INFO - Sync 1 DAGs
[2025-06-18T14:14:44.747+0000] {logging_mixin.py:188} INFO - [2025-06-18T14:14:44.746+0000] {dag.py:3954} INFO - Setting next_dagrun for enrich_user_profiles to None, run_after=None
[2025-06-18T14:14:44.897+0000] {processor.py:183} INFO - Processing /opt/airflow/dags/gold_enrich_user_profiles_dag.py took 2.695 seconds
[2025-06-18T14:15:15.854+0000] {processor.py:161} INFO - Started process (PID=263) to work on /opt/airflow/dags/gold_enrich_user_profiles_dag.py
[2025-06-18T14:15:15.865+0000] {processor.py:830} INFO - Processing file /opt/airflow/dags/gold_enrich_user_profiles_dag.py for tasks to queue
[2025-06-18T14:15:15.888+0000] {logging_mixin.py:188} INFO - [2025-06-18T14:15:15.887+0000] {dagbag.py:545} INFO - Filling up the DagBag from /opt/airflow/dags/gold_enrich_user_profiles_dag.py
[2025-06-18T14:15:15.973+0000] {processor.py:840} INFO - DAG(s) 'enrich_user_profiles' retrieved from /opt/airflow/dags/gold_enrich_user_profiles_dag.py
[2025-06-18T14:15:16.045+0000] {logging_mixin.py:188} INFO - [2025-06-18T14:15:16.045+0000] {dag.py:3096} INFO - Sync 1 DAGs
[2025-06-18T14:15:16.134+0000] {logging_mixin.py:188} INFO - [2025-06-18T14:15:16.133+0000] {dag.py:3954} INFO - Setting next_dagrun for enrich_user_profiles to None, run_after=None
[2025-06-18T14:15:16.212+0000] {processor.py:183} INFO - Processing /opt/airflow/dags/gold_enrich_user_profiles_dag.py took 0.476 seconds
[2025-06-18T19:08:30.520+0000] {processor.py:161} INFO - Started process (PID=158) to work on /opt/airflow/dags/gold_enrich_user_profiles_dag.py
[2025-06-18T19:08:30.612+0000] {processor.py:830} INFO - Processing file /opt/airflow/dags/gold_enrich_user_profiles_dag.py for tasks to queue
[2025-06-18T19:08:30.751+0000] {logging_mixin.py:188} INFO - [2025-06-18T19:08:30.750+0000] {dagbag.py:545} INFO - Filling up the DagBag from /opt/airflow/dags/gold_enrich_user_profiles_dag.py
[2025-06-18T19:08:32.238+0000] {processor.py:840} INFO - DAG(s) 'enrich_user_profiles' retrieved from /opt/airflow/dags/gold_enrich_user_profiles_dag.py
[2025-06-18T19:08:38.582+0000] {logging_mixin.py:188} INFO - [2025-06-18T19:08:38.582+0000] {dag.py:3096} INFO - Sync 1 DAGs
[2025-06-18T19:08:38.656+0000] {logging_mixin.py:188} INFO - [2025-06-18T19:08:38.656+0000] {dag.py:3954} INFO - Setting next_dagrun for enrich_user_profiles to None, run_after=None
[2025-06-18T19:08:38.852+0000] {processor.py:183} INFO - Processing /opt/airflow/dags/gold_enrich_user_profiles_dag.py took 8.435 seconds
[2025-06-18T19:09:10.064+0000] {processor.py:161} INFO - Started process (PID=191) to work on /opt/airflow/dags/gold_enrich_user_profiles_dag.py
[2025-06-18T19:09:10.173+0000] {processor.py:830} INFO - Processing file /opt/airflow/dags/gold_enrich_user_profiles_dag.py for tasks to queue
[2025-06-18T19:09:10.207+0000] {logging_mixin.py:188} INFO - [2025-06-18T19:09:10.206+0000] {dagbag.py:545} INFO - Filling up the DagBag from /opt/airflow/dags/gold_enrich_user_profiles_dag.py
[2025-06-18T19:09:10.254+0000] {processor.py:840} INFO - DAG(s) 'enrich_user_profiles' retrieved from /opt/airflow/dags/gold_enrich_user_profiles_dag.py
[2025-06-18T19:09:10.311+0000] {logging_mixin.py:188} INFO - [2025-06-18T19:09:10.311+0000] {dag.py:3096} INFO - Sync 1 DAGs
[2025-06-18T19:09:10.384+0000] {logging_mixin.py:188} INFO - [2025-06-18T19:09:10.383+0000] {dag.py:3954} INFO - Setting next_dagrun for enrich_user_profiles to None, run_after=None
[2025-06-18T19:09:10.541+0000] {processor.py:183} INFO - Processing /opt/airflow/dags/gold_enrich_user_profiles_dag.py took 0.605 seconds
[2025-06-18T19:09:41.010+0000] {processor.py:161} INFO - Started process (PID=208) to work on /opt/airflow/dags/gold_enrich_user_profiles_dag.py
[2025-06-18T19:09:41.018+0000] {processor.py:830} INFO - Processing file /opt/airflow/dags/gold_enrich_user_profiles_dag.py for tasks to queue
[2025-06-18T19:09:41.027+0000] {logging_mixin.py:188} INFO - [2025-06-18T19:09:41.026+0000] {dagbag.py:545} INFO - Filling up the DagBag from /opt/airflow/dags/gold_enrich_user_profiles_dag.py
[2025-06-18T19:09:41.109+0000] {processor.py:840} INFO - DAG(s) 'enrich_user_profiles' retrieved from /opt/airflow/dags/gold_enrich_user_profiles_dag.py
[2025-06-18T19:09:41.845+0000] {logging_mixin.py:188} INFO - [2025-06-18T19:09:41.845+0000] {dag.py:3096} INFO - Sync 1 DAGs
[2025-06-18T19:09:41.862+0000] {logging_mixin.py:188} INFO - [2025-06-18T19:09:41.861+0000] {dag.py:3954} INFO - Setting next_dagrun for enrich_user_profiles to None, run_after=None
[2025-06-18T19:09:41.898+0000] {processor.py:183} INFO - Processing /opt/airflow/dags/gold_enrich_user_profiles_dag.py took 0.938 seconds
[2025-06-18T19:10:00.294+0000] {processor.py:161} INFO - Started process (PID=218) to work on /opt/airflow/dags/gold_enrich_user_profiles_dag.py
[2025-06-18T19:10:00.306+0000] {processor.py:830} INFO - Processing file /opt/airflow/dags/gold_enrich_user_profiles_dag.py for tasks to queue
[2025-06-18T19:10:00.316+0000] {logging_mixin.py:188} INFO - [2025-06-18T19:10:00.315+0000] {dagbag.py:545} INFO - Filling up the DagBag from /opt/airflow/dags/gold_enrich_user_profiles_dag.py
[2025-06-18T19:10:00.401+0000] {processor.py:840} INFO - DAG(s) 'enrich_user_profiles' retrieved from /opt/airflow/dags/gold_enrich_user_profiles_dag.py
[2025-06-18T19:10:00.455+0000] {logging_mixin.py:188} INFO - [2025-06-18T19:10:00.454+0000] {dag.py:3096} INFO - Sync 1 DAGs
[2025-06-18T19:10:00.495+0000] {logging_mixin.py:188} INFO - [2025-06-18T19:10:00.495+0000] {dag.py:3954} INFO - Setting next_dagrun for enrich_user_profiles to None, run_after=None
[2025-06-18T19:10:00.577+0000] {processor.py:183} INFO - Processing /opt/airflow/dags/gold_enrich_user_profiles_dag.py took 0.307 seconds
[2025-06-18T19:10:31.308+0000] {processor.py:161} INFO - Started process (PID=238) to work on /opt/airflow/dags/gold_enrich_user_profiles_dag.py
[2025-06-18T19:10:31.311+0000] {processor.py:830} INFO - Processing file /opt/airflow/dags/gold_enrich_user_profiles_dag.py for tasks to queue
[2025-06-18T19:10:31.322+0000] {logging_mixin.py:188} INFO - [2025-06-18T19:10:31.321+0000] {dagbag.py:545} INFO - Filling up the DagBag from /opt/airflow/dags/gold_enrich_user_profiles_dag.py
[2025-06-18T19:10:31.373+0000] {processor.py:840} INFO - DAG(s) 'enrich_user_profiles' retrieved from /opt/airflow/dags/gold_enrich_user_profiles_dag.py
[2025-06-18T19:10:31.456+0000] {logging_mixin.py:188} INFO - [2025-06-18T19:10:31.456+0000] {dag.py:3096} INFO - Sync 1 DAGs
[2025-06-18T19:10:31.499+0000] {logging_mixin.py:188} INFO - [2025-06-18T19:10:31.496+0000] {dag.py:3954} INFO - Setting next_dagrun for enrich_user_profiles to None, run_after=None
[2025-06-18T19:10:31.569+0000] {processor.py:183} INFO - Processing /opt/airflow/dags/gold_enrich_user_profiles_dag.py took 0.281 seconds
[2025-06-18T19:11:01.782+0000] {processor.py:161} INFO - Started process (PID=258) to work on /opt/airflow/dags/gold_enrich_user_profiles_dag.py
[2025-06-18T19:11:01.784+0000] {processor.py:830} INFO - Processing file /opt/airflow/dags/gold_enrich_user_profiles_dag.py for tasks to queue
[2025-06-18T19:11:01.788+0000] {logging_mixin.py:188} INFO - [2025-06-18T19:11:01.787+0000] {dagbag.py:545} INFO - Filling up the DagBag from /opt/airflow/dags/gold_enrich_user_profiles_dag.py
[2025-06-18T19:11:01.850+0000] {processor.py:840} INFO - DAG(s) 'enrich_user_profiles' retrieved from /opt/airflow/dags/gold_enrich_user_profiles_dag.py
[2025-06-18T19:11:01.922+0000] {logging_mixin.py:188} INFO - [2025-06-18T19:11:01.921+0000] {dag.py:3096} INFO - Sync 1 DAGs
[2025-06-18T19:11:01.996+0000] {logging_mixin.py:188} INFO - [2025-06-18T19:11:01.993+0000] {dag.py:3954} INFO - Setting next_dagrun for enrich_user_profiles to None, run_after=None
[2025-06-18T19:11:02.118+0000] {processor.py:183} INFO - Processing /opt/airflow/dags/gold_enrich_user_profiles_dag.py took 0.353 seconds
[2025-06-18T19:11:32.797+0000] {processor.py:161} INFO - Started process (PID=278) to work on /opt/airflow/dags/gold_enrich_user_profiles_dag.py
[2025-06-18T19:11:32.799+0000] {processor.py:830} INFO - Processing file /opt/airflow/dags/gold_enrich_user_profiles_dag.py for tasks to queue
[2025-06-18T19:11:32.803+0000] {logging_mixin.py:188} INFO - [2025-06-18T19:11:32.802+0000] {dagbag.py:545} INFO - Filling up the DagBag from /opt/airflow/dags/gold_enrich_user_profiles_dag.py
[2025-06-18T19:11:32.826+0000] {processor.py:840} INFO - DAG(s) 'enrich_user_profiles' retrieved from /opt/airflow/dags/gold_enrich_user_profiles_dag.py
[2025-06-18T19:11:34.068+0000] {logging_mixin.py:188} INFO - [2025-06-18T19:11:34.068+0000] {dag.py:3096} INFO - Sync 1 DAGs
[2025-06-18T19:11:34.085+0000] {logging_mixin.py:188} INFO - [2025-06-18T19:11:34.085+0000] {dag.py:3954} INFO - Setting next_dagrun for enrich_user_profiles to None, run_after=None
[2025-06-18T19:11:34.152+0000] {processor.py:183} INFO - Processing /opt/airflow/dags/gold_enrich_user_profiles_dag.py took 1.363 seconds
[2025-06-18T19:12:04.697+0000] {processor.py:161} INFO - Started process (PID=298) to work on /opt/airflow/dags/gold_enrich_user_profiles_dag.py
[2025-06-18T19:12:04.699+0000] {processor.py:830} INFO - Processing file /opt/airflow/dags/gold_enrich_user_profiles_dag.py for tasks to queue
[2025-06-18T19:12:04.702+0000] {logging_mixin.py:188} INFO - [2025-06-18T19:12:04.702+0000] {dagbag.py:545} INFO - Filling up the DagBag from /opt/airflow/dags/gold_enrich_user_profiles_dag.py
[2025-06-18T19:12:04.732+0000] {processor.py:840} INFO - DAG(s) 'enrich_user_profiles' retrieved from /opt/airflow/dags/gold_enrich_user_profiles_dag.py
[2025-06-18T19:12:04.795+0000] {logging_mixin.py:188} INFO - [2025-06-18T19:12:04.795+0000] {dag.py:3096} INFO - Sync 1 DAGs
[2025-06-18T19:12:04.832+0000] {logging_mixin.py:188} INFO - [2025-06-18T19:12:04.831+0000] {dag.py:3954} INFO - Setting next_dagrun for enrich_user_profiles to None, run_after=None
[2025-06-18T19:12:04.899+0000] {processor.py:183} INFO - Processing /opt/airflow/dags/gold_enrich_user_profiles_dag.py took 0.211 seconds
[2025-06-18T19:12:35.153+0000] {processor.py:161} INFO - Started process (PID=318) to work on /opt/airflow/dags/gold_enrich_user_profiles_dag.py
[2025-06-18T19:12:35.156+0000] {processor.py:830} INFO - Processing file /opt/airflow/dags/gold_enrich_user_profiles_dag.py for tasks to queue
[2025-06-18T19:12:35.161+0000] {logging_mixin.py:188} INFO - [2025-06-18T19:12:35.160+0000] {dagbag.py:545} INFO - Filling up the DagBag from /opt/airflow/dags/gold_enrich_user_profiles_dag.py
[2025-06-18T19:12:35.193+0000] {processor.py:840} INFO - DAG(s) 'enrich_user_profiles' retrieved from /opt/airflow/dags/gold_enrich_user_profiles_dag.py
[2025-06-18T19:12:35.221+0000] {logging_mixin.py:188} INFO - [2025-06-18T19:12:35.221+0000] {dag.py:3096} INFO - Sync 1 DAGs
[2025-06-18T19:12:35.246+0000] {logging_mixin.py:188} INFO - [2025-06-18T19:12:35.246+0000] {dag.py:3954} INFO - Setting next_dagrun for enrich_user_profiles to None, run_after=None
[2025-06-18T19:12:35.306+0000] {processor.py:183} INFO - Processing /opt/airflow/dags/gold_enrich_user_profiles_dag.py took 0.169 seconds
[2025-06-18T19:13:06.000+0000] {processor.py:161} INFO - Started process (PID=338) to work on /opt/airflow/dags/gold_enrich_user_profiles_dag.py
[2025-06-18T19:13:06.002+0000] {processor.py:830} INFO - Processing file /opt/airflow/dags/gold_enrich_user_profiles_dag.py for tasks to queue
[2025-06-18T19:13:06.007+0000] {logging_mixin.py:188} INFO - [2025-06-18T19:13:06.006+0000] {dagbag.py:545} INFO - Filling up the DagBag from /opt/airflow/dags/gold_enrich_user_profiles_dag.py
[2025-06-18T19:13:06.037+0000] {processor.py:840} INFO - DAG(s) 'enrich_user_profiles' retrieved from /opt/airflow/dags/gold_enrich_user_profiles_dag.py
[2025-06-18T19:13:06.456+0000] {logging_mixin.py:188} INFO - [2025-06-18T19:13:06.456+0000] {dag.py:3096} INFO - Sync 1 DAGs
[2025-06-18T19:13:06.471+0000] {logging_mixin.py:188} INFO - [2025-06-18T19:13:06.470+0000] {dag.py:3954} INFO - Setting next_dagrun for enrich_user_profiles to None, run_after=None
[2025-06-18T19:13:06.516+0000] {processor.py:183} INFO - Processing /opt/airflow/dags/gold_enrich_user_profiles_dag.py took 0.531 seconds
[2025-06-18T19:13:36.863+0000] {processor.py:161} INFO - Started process (PID=358) to work on /opt/airflow/dags/gold_enrich_user_profiles_dag.py
[2025-06-18T19:13:36.872+0000] {processor.py:830} INFO - Processing file /opt/airflow/dags/gold_enrich_user_profiles_dag.py for tasks to queue
[2025-06-18T19:13:36.877+0000] {logging_mixin.py:188} INFO - [2025-06-18T19:13:36.876+0000] {dagbag.py:545} INFO - Filling up the DagBag from /opt/airflow/dags/gold_enrich_user_profiles_dag.py
[2025-06-18T19:13:36.933+0000] {processor.py:840} INFO - DAG(s) 'enrich_user_profiles' retrieved from /opt/airflow/dags/gold_enrich_user_profiles_dag.py
[2025-06-18T19:13:36.992+0000] {logging_mixin.py:188} INFO - [2025-06-18T19:13:36.992+0000] {dag.py:3096} INFO - Sync 1 DAGs
[2025-06-18T19:13:37.012+0000] {logging_mixin.py:188} INFO - [2025-06-18T19:13:37.011+0000] {dag.py:3954} INFO - Setting next_dagrun for enrich_user_profiles to None, run_after=None
[2025-06-18T19:13:37.278+0000] {processor.py:183} INFO - Processing /opt/airflow/dags/gold_enrich_user_profiles_dag.py took 0.431 seconds
[2025-06-18T19:14:08.089+0000] {processor.py:161} INFO - Started process (PID=378) to work on /opt/airflow/dags/gold_enrich_user_profiles_dag.py
[2025-06-18T19:14:08.097+0000] {processor.py:830} INFO - Processing file /opt/airflow/dags/gold_enrich_user_profiles_dag.py for tasks to queue
[2025-06-18T19:14:08.107+0000] {logging_mixin.py:188} INFO - [2025-06-18T19:14:08.105+0000] {dagbag.py:545} INFO - Filling up the DagBag from /opt/airflow/dags/gold_enrich_user_profiles_dag.py
[2025-06-18T19:14:08.216+0000] {processor.py:840} INFO - DAG(s) 'enrich_user_profiles' retrieved from /opt/airflow/dags/gold_enrich_user_profiles_dag.py
[2025-06-18T19:14:08.260+0000] {logging_mixin.py:188} INFO - [2025-06-18T19:14:08.259+0000] {dag.py:3096} INFO - Sync 1 DAGs
[2025-06-18T19:14:08.289+0000] {logging_mixin.py:188} INFO - [2025-06-18T19:14:08.289+0000] {dag.py:3954} INFO - Setting next_dagrun for enrich_user_profiles to None, run_after=None
[2025-06-18T19:14:08.625+0000] {processor.py:183} INFO - Processing /opt/airflow/dags/gold_enrich_user_profiles_dag.py took 0.561 seconds
[2025-06-18T19:14:38.756+0000] {processor.py:161} INFO - Started process (PID=398) to work on /opt/airflow/dags/gold_enrich_user_profiles_dag.py
[2025-06-18T19:14:38.759+0000] {processor.py:830} INFO - Processing file /opt/airflow/dags/gold_enrich_user_profiles_dag.py for tasks to queue
[2025-06-18T19:14:38.766+0000] {logging_mixin.py:188} INFO - [2025-06-18T19:14:38.765+0000] {dagbag.py:545} INFO - Filling up the DagBag from /opt/airflow/dags/gold_enrich_user_profiles_dag.py
[2025-06-18T19:14:38.842+0000] {processor.py:840} INFO - DAG(s) 'enrich_user_profiles' retrieved from /opt/airflow/dags/gold_enrich_user_profiles_dag.py
[2025-06-18T19:14:39.392+0000] {logging_mixin.py:188} INFO - [2025-06-18T19:14:39.392+0000] {dag.py:3096} INFO - Sync 1 DAGs
[2025-06-18T19:14:39.428+0000] {logging_mixin.py:188} INFO - [2025-06-18T19:14:39.427+0000] {dag.py:3954} INFO - Setting next_dagrun for enrich_user_profiles to None, run_after=None
[2025-06-18T19:14:39.516+0000] {processor.py:183} INFO - Processing /opt/airflow/dags/gold_enrich_user_profiles_dag.py took 0.774 seconds
[2025-06-18T19:15:10.000+0000] {processor.py:161} INFO - Started process (PID=418) to work on /opt/airflow/dags/gold_enrich_user_profiles_dag.py
[2025-06-18T19:15:10.003+0000] {processor.py:830} INFO - Processing file /opt/airflow/dags/gold_enrich_user_profiles_dag.py for tasks to queue
[2025-06-18T19:15:10.008+0000] {logging_mixin.py:188} INFO - [2025-06-18T19:15:10.007+0000] {dagbag.py:545} INFO - Filling up the DagBag from /opt/airflow/dags/gold_enrich_user_profiles_dag.py
[2025-06-18T19:15:10.296+0000] {processor.py:840} INFO - DAG(s) 'enrich_user_profiles' retrieved from /opt/airflow/dags/gold_enrich_user_profiles_dag.py
[2025-06-18T19:15:10.339+0000] {logging_mixin.py:188} INFO - [2025-06-18T19:15:10.339+0000] {dag.py:3096} INFO - Sync 1 DAGs
[2025-06-18T19:15:10.353+0000] {logging_mixin.py:188} INFO - [2025-06-18T19:15:10.352+0000] {dag.py:3954} INFO - Setting next_dagrun for enrich_user_profiles to None, run_after=None
[2025-06-18T19:15:10.389+0000] {processor.py:183} INFO - Processing /opt/airflow/dags/gold_enrich_user_profiles_dag.py took 0.403 seconds
[2025-06-18T19:15:40.755+0000] {processor.py:161} INFO - Started process (PID=438) to work on /opt/airflow/dags/gold_enrich_user_profiles_dag.py
[2025-06-18T19:15:40.762+0000] {processor.py:830} INFO - Processing file /opt/airflow/dags/gold_enrich_user_profiles_dag.py for tasks to queue
[2025-06-18T19:15:40.776+0000] {logging_mixin.py:188} INFO - [2025-06-18T19:15:40.774+0000] {dagbag.py:545} INFO - Filling up the DagBag from /opt/airflow/dags/gold_enrich_user_profiles_dag.py
[2025-06-18T19:15:40.870+0000] {processor.py:840} INFO - DAG(s) 'enrich_user_profiles' retrieved from /opt/airflow/dags/gold_enrich_user_profiles_dag.py
[2025-06-18T19:15:40.953+0000] {logging_mixin.py:188} INFO - [2025-06-18T19:15:40.951+0000] {dag.py:3096} INFO - Sync 1 DAGs
[2025-06-18T19:15:40.993+0000] {logging_mixin.py:188} INFO - [2025-06-18T19:15:40.992+0000] {dag.py:3954} INFO - Setting next_dagrun for enrich_user_profiles to None, run_after=None
[2025-06-18T19:15:41.059+0000] {processor.py:183} INFO - Processing /opt/airflow/dags/gold_enrich_user_profiles_dag.py took 0.346 seconds
[2025-06-18T19:16:21.190+0000] {processor.py:161} INFO - Started process (PID=157) to work on /opt/airflow/dags/gold_enrich_user_profiles_dag.py
[2025-06-18T19:16:21.209+0000] {processor.py:830} INFO - Processing file /opt/airflow/dags/gold_enrich_user_profiles_dag.py for tasks to queue
[2025-06-18T19:16:21.300+0000] {logging_mixin.py:188} INFO - [2025-06-18T19:16:21.283+0000] {dagbag.py:545} INFO - Filling up the DagBag from /opt/airflow/dags/gold_enrich_user_profiles_dag.py
[2025-06-18T19:16:21.845+0000] {processor.py:840} INFO - DAG(s) 'enrich_user_profiles' retrieved from /opt/airflow/dags/gold_enrich_user_profiles_dag.py
[2025-06-18T19:16:23.391+0000] {logging_mixin.py:188} INFO - [2025-06-18T19:16:23.391+0000] {dag.py:3096} INFO - Sync 1 DAGs
[2025-06-18T19:16:23.418+0000] {logging_mixin.py:188} INFO - [2025-06-18T19:16:23.418+0000] {dag.py:3954} INFO - Setting next_dagrun for enrich_user_profiles to None, run_after=None
[2025-06-18T19:16:23.497+0000] {processor.py:183} INFO - Processing /opt/airflow/dags/gold_enrich_user_profiles_dag.py took 2.384 seconds
[2025-06-18T19:16:53.838+0000] {processor.py:161} INFO - Started process (PID=182) to work on /opt/airflow/dags/gold_enrich_user_profiles_dag.py
[2025-06-18T19:16:53.842+0000] {processor.py:830} INFO - Processing file /opt/airflow/dags/gold_enrich_user_profiles_dag.py for tasks to queue
[2025-06-18T19:16:53.845+0000] {logging_mixin.py:188} INFO - [2025-06-18T19:16:53.844+0000] {dagbag.py:545} INFO - Filling up the DagBag from /opt/airflow/dags/gold_enrich_user_profiles_dag.py
[2025-06-18T19:16:53.888+0000] {processor.py:840} INFO - DAG(s) 'enrich_user_profiles' retrieved from /opt/airflow/dags/gold_enrich_user_profiles_dag.py
[2025-06-18T19:16:53.912+0000] {logging_mixin.py:188} INFO - [2025-06-18T19:16:53.911+0000] {dag.py:3096} INFO - Sync 1 DAGs
[2025-06-18T19:16:53.933+0000] {logging_mixin.py:188} INFO - [2025-06-18T19:16:53.933+0000] {dag.py:3954} INFO - Setting next_dagrun for enrich_user_profiles to None, run_after=None
[2025-06-18T19:16:53.974+0000] {processor.py:183} INFO - Processing /opt/airflow/dags/gold_enrich_user_profiles_dag.py took 0.149 seconds
[2025-06-18T19:17:24.803+0000] {processor.py:161} INFO - Started process (PID=197) to work on /opt/airflow/dags/gold_enrich_user_profiles_dag.py
[2025-06-18T19:17:24.830+0000] {processor.py:830} INFO - Processing file /opt/airflow/dags/gold_enrich_user_profiles_dag.py for tasks to queue
[2025-06-18T19:17:24.863+0000] {logging_mixin.py:188} INFO - [2025-06-18T19:17:24.854+0000] {dagbag.py:545} INFO - Filling up the DagBag from /opt/airflow/dags/gold_enrich_user_profiles_dag.py
[2025-06-18T19:17:25.050+0000] {processor.py:840} INFO - DAG(s) 'enrich_user_profiles' retrieved from /opt/airflow/dags/gold_enrich_user_profiles_dag.py
[2025-06-18T19:17:25.690+0000] {logging_mixin.py:188} INFO - [2025-06-18T19:17:25.690+0000] {dag.py:3096} INFO - Sync 1 DAGs
[2025-06-18T19:17:25.725+0000] {logging_mixin.py:188} INFO - [2025-06-18T19:17:25.725+0000] {dag.py:3954} INFO - Setting next_dagrun for enrich_user_profiles to None, run_after=None
[2025-06-18T19:17:25.781+0000] {processor.py:183} INFO - Processing /opt/airflow/dags/gold_enrich_user_profiles_dag.py took 1.129 seconds
[2025-06-18T19:17:56.280+0000] {processor.py:161} INFO - Started process (PID=217) to work on /opt/airflow/dags/gold_enrich_user_profiles_dag.py
[2025-06-18T19:17:56.285+0000] {processor.py:830} INFO - Processing file /opt/airflow/dags/gold_enrich_user_profiles_dag.py for tasks to queue
[2025-06-18T19:17:56.292+0000] {logging_mixin.py:188} INFO - [2025-06-18T19:17:56.291+0000] {dagbag.py:545} INFO - Filling up the DagBag from /opt/airflow/dags/gold_enrich_user_profiles_dag.py
[2025-06-18T19:17:56.364+0000] {processor.py:840} INFO - DAG(s) 'enrich_user_profiles' retrieved from /opt/airflow/dags/gold_enrich_user_profiles_dag.py
[2025-06-18T19:17:56.431+0000] {logging_mixin.py:188} INFO - [2025-06-18T19:17:56.430+0000] {dag.py:3096} INFO - Sync 1 DAGs
[2025-06-18T19:17:56.461+0000] {logging_mixin.py:188} INFO - [2025-06-18T19:17:56.460+0000] {dag.py:3954} INFO - Setting next_dagrun for enrich_user_profiles to None, run_after=None
[2025-06-18T19:17:56.498+0000] {processor.py:183} INFO - Processing /opt/airflow/dags/gold_enrich_user_profiles_dag.py took 0.257 seconds
[2025-06-18T19:18:27.160+0000] {processor.py:161} INFO - Started process (PID=237) to work on /opt/airflow/dags/gold_enrich_user_profiles_dag.py
[2025-06-18T19:18:27.163+0000] {processor.py:830} INFO - Processing file /opt/airflow/dags/gold_enrich_user_profiles_dag.py for tasks to queue
[2025-06-18T19:18:27.171+0000] {logging_mixin.py:188} INFO - [2025-06-18T19:18:27.168+0000] {dagbag.py:545} INFO - Filling up the DagBag from /opt/airflow/dags/gold_enrich_user_profiles_dag.py
[2025-06-18T19:18:27.210+0000] {processor.py:840} INFO - DAG(s) 'enrich_user_profiles' retrieved from /opt/airflow/dags/gold_enrich_user_profiles_dag.py
[2025-06-18T19:18:27.435+0000] {logging_mixin.py:188} INFO - [2025-06-18T19:18:27.435+0000] {dag.py:3096} INFO - Sync 1 DAGs
[2025-06-18T19:18:29.323+0000] {logging_mixin.py:188} INFO - [2025-06-18T19:18:29.322+0000] {dag.py:3954} INFO - Setting next_dagrun for enrich_user_profiles to None, run_after=None
[2025-06-18T19:18:29.449+0000] {processor.py:183} INFO - Processing /opt/airflow/dags/gold_enrich_user_profiles_dag.py took 2.302 seconds
[2025-06-18T19:19:00.376+0000] {processor.py:161} INFO - Started process (PID=262) to work on /opt/airflow/dags/gold_enrich_user_profiles_dag.py
[2025-06-18T19:19:00.378+0000] {processor.py:830} INFO - Processing file /opt/airflow/dags/gold_enrich_user_profiles_dag.py for tasks to queue
[2025-06-18T19:19:00.382+0000] {logging_mixin.py:188} INFO - [2025-06-18T19:19:00.381+0000] {dagbag.py:545} INFO - Filling up the DagBag from /opt/airflow/dags/gold_enrich_user_profiles_dag.py
[2025-06-18T19:19:00.410+0000] {processor.py:840} INFO - DAG(s) 'enrich_user_profiles' retrieved from /opt/airflow/dags/gold_enrich_user_profiles_dag.py
[2025-06-18T19:19:00.459+0000] {logging_mixin.py:188} INFO - [2025-06-18T19:19:00.459+0000] {dag.py:3096} INFO - Sync 1 DAGs
[2025-06-18T19:19:00.486+0000] {logging_mixin.py:188} INFO - [2025-06-18T19:19:00.485+0000] {dag.py:3954} INFO - Setting next_dagrun for enrich_user_profiles to None, run_after=None
[2025-06-18T19:19:00.536+0000] {processor.py:183} INFO - Processing /opt/airflow/dags/gold_enrich_user_profiles_dag.py took 0.174 seconds
[2025-06-18T19:19:52.820+0000] {processor.py:161} INFO - Started process (PID=157) to work on /opt/airflow/dags/gold_enrich_user_profiles_dag.py
[2025-06-18T19:19:52.830+0000] {processor.py:830} INFO - Processing file /opt/airflow/dags/gold_enrich_user_profiles_dag.py for tasks to queue
[2025-06-18T19:19:52.879+0000] {logging_mixin.py:188} INFO - [2025-06-18T19:19:52.874+0000] {dagbag.py:545} INFO - Filling up the DagBag from /opt/airflow/dags/gold_enrich_user_profiles_dag.py
[2025-06-18T19:19:53.006+0000] {processor.py:840} INFO - DAG(s) 'enrich_user_profiles' retrieved from /opt/airflow/dags/gold_enrich_user_profiles_dag.py
[2025-06-18T19:19:53.571+0000] {logging_mixin.py:188} INFO - [2025-06-18T19:19:53.571+0000] {dag.py:3096} INFO - Sync 1 DAGs
[2025-06-18T19:19:53.728+0000] {logging_mixin.py:188} INFO - [2025-06-18T19:19:53.728+0000] {dag.py:3954} INFO - Setting next_dagrun for enrich_user_profiles to None, run_after=None
[2025-06-18T19:19:53.900+0000] {processor.py:183} INFO - Processing /opt/airflow/dags/gold_enrich_user_profiles_dag.py took 1.146 seconds
[2025-06-18T19:20:25.071+0000] {processor.py:161} INFO - Started process (PID=178) to work on /opt/airflow/dags/gold_enrich_user_profiles_dag.py
[2025-06-18T19:20:25.102+0000] {processor.py:830} INFO - Processing file /opt/airflow/dags/gold_enrich_user_profiles_dag.py for tasks to queue
[2025-06-18T19:20:25.148+0000] {logging_mixin.py:188} INFO - [2025-06-18T19:20:25.141+0000] {dagbag.py:545} INFO - Filling up the DagBag from /opt/airflow/dags/gold_enrich_user_profiles_dag.py
[2025-06-18T19:20:25.262+0000] {processor.py:840} INFO - DAG(s) 'enrich_user_profiles' retrieved from /opt/airflow/dags/gold_enrich_user_profiles_dag.py
[2025-06-18T19:20:25.343+0000] {logging_mixin.py:188} INFO - [2025-06-18T19:20:25.342+0000] {dag.py:3096} INFO - Sync 1 DAGs
[2025-06-18T19:20:25.405+0000] {logging_mixin.py:188} INFO - [2025-06-18T19:20:25.405+0000] {dag.py:3954} INFO - Setting next_dagrun for enrich_user_profiles to None, run_after=None
[2025-06-18T19:20:25.465+0000] {processor.py:183} INFO - Processing /opt/airflow/dags/gold_enrich_user_profiles_dag.py took 0.679 seconds
[2025-06-18T19:20:56.575+0000] {processor.py:161} INFO - Started process (PID=198) to work on /opt/airflow/dags/gold_enrich_user_profiles_dag.py
[2025-06-18T19:20:56.589+0000] {processor.py:830} INFO - Processing file /opt/airflow/dags/gold_enrich_user_profiles_dag.py for tasks to queue
[2025-06-18T19:20:56.613+0000] {logging_mixin.py:188} INFO - [2025-06-18T19:20:56.610+0000] {dagbag.py:545} INFO - Filling up the DagBag from /opt/airflow/dags/gold_enrich_user_profiles_dag.py
[2025-06-18T19:20:56.818+0000] {processor.py:840} INFO - DAG(s) 'enrich_user_profiles' retrieved from /opt/airflow/dags/gold_enrich_user_profiles_dag.py
[2025-06-18T19:20:57.541+0000] {logging_mixin.py:188} INFO - [2025-06-18T19:20:57.529+0000] {dag.py:3096} INFO - Sync 1 DAGs
[2025-06-18T19:20:58.020+0000] {logging_mixin.py:188} INFO - [2025-06-18T19:20:58.019+0000] {dag.py:3954} INFO - Setting next_dagrun for enrich_user_profiles to None, run_after=None
[2025-06-18T19:20:58.135+0000] {processor.py:183} INFO - Processing /opt/airflow/dags/gold_enrich_user_profiles_dag.py took 1.731 seconds
[2025-06-18T19:21:29.898+0000] {processor.py:161} INFO - Started process (PID=221) to work on /opt/airflow/dags/gold_enrich_user_profiles_dag.py
[2025-06-18T19:21:29.912+0000] {processor.py:830} INFO - Processing file /opt/airflow/dags/gold_enrich_user_profiles_dag.py for tasks to queue
[2025-06-18T19:21:29.952+0000] {logging_mixin.py:188} INFO - [2025-06-18T19:21:29.943+0000] {dagbag.py:545} INFO - Filling up the DagBag from /opt/airflow/dags/gold_enrich_user_profiles_dag.py
[2025-06-18T19:21:30.047+0000] {processor.py:840} INFO - DAG(s) 'enrich_user_profiles' retrieved from /opt/airflow/dags/gold_enrich_user_profiles_dag.py
[2025-06-18T19:21:30.176+0000] {logging_mixin.py:188} INFO - [2025-06-18T19:21:30.176+0000] {dag.py:3096} INFO - Sync 1 DAGs
[2025-06-18T19:21:30.296+0000] {logging_mixin.py:188} INFO - [2025-06-18T19:21:30.295+0000] {dag.py:3954} INFO - Setting next_dagrun for enrich_user_profiles to None, run_after=None
[2025-06-18T19:21:30.349+0000] {processor.py:183} INFO - Processing /opt/airflow/dags/gold_enrich_user_profiles_dag.py took 0.558 seconds
[2025-06-18T19:22:00.840+0000] {processor.py:161} INFO - Started process (PID=238) to work on /opt/airflow/dags/gold_enrich_user_profiles_dag.py
[2025-06-18T19:22:00.842+0000] {processor.py:830} INFO - Processing file /opt/airflow/dags/gold_enrich_user_profiles_dag.py for tasks to queue
[2025-06-18T19:22:00.847+0000] {logging_mixin.py:188} INFO - [2025-06-18T19:22:00.847+0000] {dagbag.py:545} INFO - Filling up the DagBag from /opt/airflow/dags/gold_enrich_user_profiles_dag.py
[2025-06-18T19:22:00.887+0000] {processor.py:840} INFO - DAG(s) 'enrich_user_profiles' retrieved from /opt/airflow/dags/gold_enrich_user_profiles_dag.py
[2025-06-18T19:22:01.098+0000] {logging_mixin.py:188} INFO - [2025-06-18T19:22:01.097+0000] {dag.py:3096} INFO - Sync 1 DAGs
[2025-06-18T19:22:01.328+0000] {logging_mixin.py:188} INFO - [2025-06-18T19:22:01.327+0000] {dag.py:3954} INFO - Setting next_dagrun for enrich_user_profiles to None, run_after=None
[2025-06-18T19:22:01.374+0000] {processor.py:183} INFO - Processing /opt/airflow/dags/gold_enrich_user_profiles_dag.py took 0.546 seconds
[2025-06-18T19:22:31.612+0000] {processor.py:161} INFO - Started process (PID=258) to work on /opt/airflow/dags/gold_enrich_user_profiles_dag.py
[2025-06-18T19:22:31.615+0000] {processor.py:830} INFO - Processing file /opt/airflow/dags/gold_enrich_user_profiles_dag.py for tasks to queue
[2025-06-18T19:22:31.620+0000] {logging_mixin.py:188} INFO - [2025-06-18T19:22:31.619+0000] {dagbag.py:545} INFO - Filling up the DagBag from /opt/airflow/dags/gold_enrich_user_profiles_dag.py
[2025-06-18T19:22:31.676+0000] {processor.py:840} INFO - DAG(s) 'enrich_user_profiles' retrieved from /opt/airflow/dags/gold_enrich_user_profiles_dag.py
[2025-06-18T19:22:31.766+0000] {logging_mixin.py:188} INFO - [2025-06-18T19:22:31.766+0000] {dag.py:3096} INFO - Sync 1 DAGs
[2025-06-18T19:22:31.793+0000] {logging_mixin.py:188} INFO - [2025-06-18T19:22:31.792+0000] {dag.py:3954} INFO - Setting next_dagrun for enrich_user_profiles to None, run_after=None
[2025-06-18T19:22:31.832+0000] {processor.py:183} INFO - Processing /opt/airflow/dags/gold_enrich_user_profiles_dag.py took 0.236 seconds
[2025-06-18T19:23:02.765+0000] {processor.py:161} INFO - Started process (PID=278) to work on /opt/airflow/dags/gold_enrich_user_profiles_dag.py
[2025-06-18T19:23:02.768+0000] {processor.py:830} INFO - Processing file /opt/airflow/dags/gold_enrich_user_profiles_dag.py for tasks to queue
[2025-06-18T19:23:02.775+0000] {logging_mixin.py:188} INFO - [2025-06-18T19:23:02.774+0000] {dagbag.py:545} INFO - Filling up the DagBag from /opt/airflow/dags/gold_enrich_user_profiles_dag.py
[2025-06-18T19:23:02.867+0000] {processor.py:840} INFO - DAG(s) 'enrich_user_profiles' retrieved from /opt/airflow/dags/gold_enrich_user_profiles_dag.py
[2025-06-18T19:23:04.526+0000] {logging_mixin.py:188} INFO - [2025-06-18T19:23:04.525+0000] {dag.py:3096} INFO - Sync 1 DAGs
[2025-06-18T19:23:04.571+0000] {logging_mixin.py:188} INFO - [2025-06-18T19:23:04.571+0000] {dag.py:3954} INFO - Setting next_dagrun for enrich_user_profiles to None, run_after=None
[2025-06-18T19:23:05.133+0000] {processor.py:183} INFO - Processing /opt/airflow/dags/gold_enrich_user_profiles_dag.py took 2.384 seconds
[2025-06-18T19:23:36.611+0000] {processor.py:161} INFO - Started process (PID=303) to work on /opt/airflow/dags/gold_enrich_user_profiles_dag.py
[2025-06-18T19:23:36.615+0000] {processor.py:830} INFO - Processing file /opt/airflow/dags/gold_enrich_user_profiles_dag.py for tasks to queue
[2025-06-18T19:23:36.624+0000] {logging_mixin.py:188} INFO - [2025-06-18T19:23:36.623+0000] {dagbag.py:545} INFO - Filling up the DagBag from /opt/airflow/dags/gold_enrich_user_profiles_dag.py
[2025-06-18T19:23:36.693+0000] {processor.py:840} INFO - DAG(s) 'enrich_user_profiles' retrieved from /opt/airflow/dags/gold_enrich_user_profiles_dag.py
[2025-06-18T19:23:36.795+0000] {logging_mixin.py:188} INFO - [2025-06-18T19:23:36.794+0000] {dag.py:3096} INFO - Sync 1 DAGs
[2025-06-18T19:23:36.921+0000] {logging_mixin.py:188} INFO - [2025-06-18T19:23:36.920+0000] {dag.py:3954} INFO - Setting next_dagrun for enrich_user_profiles to None, run_after=None
[2025-06-18T19:23:36.977+0000] {processor.py:183} INFO - Processing /opt/airflow/dags/gold_enrich_user_profiles_dag.py took 0.408 seconds
[2025-06-18T19:24:08.061+0000] {processor.py:161} INFO - Started process (PID=323) to work on /opt/airflow/dags/gold_enrich_user_profiles_dag.py
[2025-06-18T19:24:08.063+0000] {processor.py:830} INFO - Processing file /opt/airflow/dags/gold_enrich_user_profiles_dag.py for tasks to queue
[2025-06-18T19:24:08.068+0000] {logging_mixin.py:188} INFO - [2025-06-18T19:24:08.068+0000] {dagbag.py:545} INFO - Filling up the DagBag from /opt/airflow/dags/gold_enrich_user_profiles_dag.py
[2025-06-18T19:24:08.114+0000] {processor.py:840} INFO - DAG(s) 'enrich_user_profiles' retrieved from /opt/airflow/dags/gold_enrich_user_profiles_dag.py
[2025-06-18T19:24:08.616+0000] {logging_mixin.py:188} INFO - [2025-06-18T19:24:08.616+0000] {dag.py:3096} INFO - Sync 1 DAGs
[2025-06-18T19:24:08.633+0000] {logging_mixin.py:188} INFO - [2025-06-18T19:24:08.633+0000] {dag.py:3954} INFO - Setting next_dagrun for enrich_user_profiles to None, run_after=None
[2025-06-18T19:24:08.674+0000] {processor.py:183} INFO - Processing /opt/airflow/dags/gold_enrich_user_profiles_dag.py took 0.625 seconds
[2025-06-18T19:24:39.302+0000] {processor.py:161} INFO - Started process (PID=346) to work on /opt/airflow/dags/gold_enrich_user_profiles_dag.py
[2025-06-18T19:24:39.308+0000] {processor.py:830} INFO - Processing file /opt/airflow/dags/gold_enrich_user_profiles_dag.py for tasks to queue
[2025-06-18T19:24:39.315+0000] {logging_mixin.py:188} INFO - [2025-06-18T19:24:39.314+0000] {dagbag.py:545} INFO - Filling up the DagBag from /opt/airflow/dags/gold_enrich_user_profiles_dag.py
[2025-06-18T19:24:39.376+0000] {processor.py:840} INFO - DAG(s) 'enrich_user_profiles' retrieved from /opt/airflow/dags/gold_enrich_user_profiles_dag.py
[2025-06-18T19:24:39.467+0000] {logging_mixin.py:188} INFO - [2025-06-18T19:24:39.467+0000] {dag.py:3096} INFO - Sync 1 DAGs
[2025-06-18T19:24:39.550+0000] {logging_mixin.py:188} INFO - [2025-06-18T19:24:39.550+0000] {dag.py:3954} INFO - Setting next_dagrun for enrich_user_profiles to None, run_after=None
[2025-06-18T19:24:39.616+0000] {processor.py:183} INFO - Processing /opt/airflow/dags/gold_enrich_user_profiles_dag.py took 0.344 seconds
[2025-06-18T19:25:10.277+0000] {processor.py:161} INFO - Started process (PID=363) to work on /opt/airflow/dags/gold_enrich_user_profiles_dag.py
[2025-06-18T19:25:10.285+0000] {processor.py:830} INFO - Processing file /opt/airflow/dags/gold_enrich_user_profiles_dag.py for tasks to queue
[2025-06-18T19:25:10.303+0000] {logging_mixin.py:188} INFO - [2025-06-18T19:25:10.300+0000] {dagbag.py:545} INFO - Filling up the DagBag from /opt/airflow/dags/gold_enrich_user_profiles_dag.py
[2025-06-18T19:25:10.401+0000] {processor.py:840} INFO - DAG(s) 'enrich_user_profiles' retrieved from /opt/airflow/dags/gold_enrich_user_profiles_dag.py
[2025-06-18T19:25:11.620+0000] {logging_mixin.py:188} INFO - [2025-06-18T19:25:11.619+0000] {dag.py:3096} INFO - Sync 1 DAGs
[2025-06-18T19:25:11.673+0000] {logging_mixin.py:188} INFO - [2025-06-18T19:25:11.672+0000] {dag.py:3954} INFO - Setting next_dagrun for enrich_user_profiles to None, run_after=None
[2025-06-18T19:25:11.767+0000] {processor.py:183} INFO - Processing /opt/airflow/dags/gold_enrich_user_profiles_dag.py took 1.565 seconds
[2025-06-18T19:25:41.992+0000] {processor.py:161} INFO - Started process (PID=383) to work on /opt/airflow/dags/gold_enrich_user_profiles_dag.py
[2025-06-18T19:25:41.994+0000] {processor.py:830} INFO - Processing file /opt/airflow/dags/gold_enrich_user_profiles_dag.py for tasks to queue
[2025-06-18T19:25:41.998+0000] {logging_mixin.py:188} INFO - [2025-06-18T19:25:41.997+0000] {dagbag.py:545} INFO - Filling up the DagBag from /opt/airflow/dags/gold_enrich_user_profiles_dag.py
[2025-06-18T19:25:42.034+0000] {processor.py:840} INFO - DAG(s) 'enrich_user_profiles' retrieved from /opt/airflow/dags/gold_enrich_user_profiles_dag.py
[2025-06-18T19:25:42.121+0000] {logging_mixin.py:188} INFO - [2025-06-18T19:25:42.121+0000] {dag.py:3096} INFO - Sync 1 DAGs
[2025-06-18T19:25:43.274+0000] {logging_mixin.py:188} INFO - [2025-06-18T19:25:43.273+0000] {dag.py:3954} INFO - Setting next_dagrun for enrich_user_profiles to None, run_after=None
[2025-06-18T19:25:43.437+0000] {processor.py:183} INFO - Processing /opt/airflow/dags/gold_enrich_user_profiles_dag.py took 1.456 seconds
[2025-06-18T19:26:14.192+0000] {processor.py:161} INFO - Started process (PID=403) to work on /opt/airflow/dags/gold_enrich_user_profiles_dag.py
[2025-06-18T19:26:14.194+0000] {processor.py:830} INFO - Processing file /opt/airflow/dags/gold_enrich_user_profiles_dag.py for tasks to queue
[2025-06-18T19:26:14.197+0000] {logging_mixin.py:188} INFO - [2025-06-18T19:26:14.196+0000] {dagbag.py:545} INFO - Filling up the DagBag from /opt/airflow/dags/gold_enrich_user_profiles_dag.py
[2025-06-18T19:26:14.224+0000] {processor.py:840} INFO - DAG(s) 'enrich_user_profiles' retrieved from /opt/airflow/dags/gold_enrich_user_profiles_dag.py
[2025-06-18T19:26:14.573+0000] {logging_mixin.py:188} INFO - [2025-06-18T19:26:14.573+0000] {dag.py:3096} INFO - Sync 1 DAGs
[2025-06-18T19:26:14.585+0000] {logging_mixin.py:188} INFO - [2025-06-18T19:26:14.584+0000] {dag.py:3954} INFO - Setting next_dagrun for enrich_user_profiles to None, run_after=None
[2025-06-18T19:26:14.618+0000] {processor.py:183} INFO - Processing /opt/airflow/dags/gold_enrich_user_profiles_dag.py took 0.434 seconds
[2025-06-18T19:26:45.350+0000] {processor.py:161} INFO - Started process (PID=423) to work on /opt/airflow/dags/gold_enrich_user_profiles_dag.py
[2025-06-18T19:26:45.357+0000] {processor.py:830} INFO - Processing file /opt/airflow/dags/gold_enrich_user_profiles_dag.py for tasks to queue
[2025-06-18T19:26:45.366+0000] {logging_mixin.py:188} INFO - [2025-06-18T19:26:45.364+0000] {dagbag.py:545} INFO - Filling up the DagBag from /opt/airflow/dags/gold_enrich_user_profiles_dag.py
[2025-06-18T19:26:45.413+0000] {processor.py:840} INFO - DAG(s) 'enrich_user_profiles' retrieved from /opt/airflow/dags/gold_enrich_user_profiles_dag.py
[2025-06-18T19:26:45.505+0000] {logging_mixin.py:188} INFO - [2025-06-18T19:26:45.504+0000] {dag.py:3096} INFO - Sync 1 DAGs
[2025-06-18T19:26:45.535+0000] {logging_mixin.py:188} INFO - [2025-06-18T19:26:45.535+0000] {dag.py:3954} INFO - Setting next_dagrun for enrich_user_profiles to None, run_after=None
[2025-06-18T19:26:45.683+0000] {processor.py:183} INFO - Processing /opt/airflow/dags/gold_enrich_user_profiles_dag.py took 0.355 seconds
[2025-06-18T19:27:15.980+0000] {processor.py:161} INFO - Started process (PID=443) to work on /opt/airflow/dags/gold_enrich_user_profiles_dag.py
[2025-06-18T19:27:15.983+0000] {processor.py:830} INFO - Processing file /opt/airflow/dags/gold_enrich_user_profiles_dag.py for tasks to queue
[2025-06-18T19:27:15.988+0000] {logging_mixin.py:188} INFO - [2025-06-18T19:27:15.988+0000] {dagbag.py:545} INFO - Filling up the DagBag from /opt/airflow/dags/gold_enrich_user_profiles_dag.py
[2025-06-18T19:27:16.053+0000] {processor.py:840} INFO - DAG(s) 'enrich_user_profiles' retrieved from /opt/airflow/dags/gold_enrich_user_profiles_dag.py
[2025-06-18T19:27:16.149+0000] {logging_mixin.py:188} INFO - [2025-06-18T19:27:16.148+0000] {dag.py:3096} INFO - Sync 1 DAGs
[2025-06-18T19:27:16.423+0000] {logging_mixin.py:188} INFO - [2025-06-18T19:27:16.420+0000] {dag.py:3954} INFO - Setting next_dagrun for enrich_user_profiles to None, run_after=None
[2025-06-18T19:27:16.638+0000] {processor.py:183} INFO - Processing /opt/airflow/dags/gold_enrich_user_profiles_dag.py took 0.676 seconds
[2025-06-18T19:27:47.127+0000] {processor.py:161} INFO - Started process (PID=463) to work on /opt/airflow/dags/gold_enrich_user_profiles_dag.py
[2025-06-18T19:27:47.130+0000] {processor.py:830} INFO - Processing file /opt/airflow/dags/gold_enrich_user_profiles_dag.py for tasks to queue
[2025-06-18T19:27:47.135+0000] {logging_mixin.py:188} INFO - [2025-06-18T19:27:47.134+0000] {dagbag.py:545} INFO - Filling up the DagBag from /opt/airflow/dags/gold_enrich_user_profiles_dag.py
[2025-06-18T19:27:47.174+0000] {processor.py:840} INFO - DAG(s) 'enrich_user_profiles' retrieved from /opt/airflow/dags/gold_enrich_user_profiles_dag.py
[2025-06-18T19:27:47.335+0000] {logging_mixin.py:188} INFO - [2025-06-18T19:27:47.335+0000] {dag.py:3096} INFO - Sync 1 DAGs
[2025-06-18T19:27:47.351+0000] {logging_mixin.py:188} INFO - [2025-06-18T19:27:47.351+0000] {dag.py:3954} INFO - Setting next_dagrun for enrich_user_profiles to None, run_after=None
[2025-06-18T19:27:47.397+0000] {processor.py:183} INFO - Processing /opt/airflow/dags/gold_enrich_user_profiles_dag.py took 0.286 seconds
[2025-06-18T19:28:17.636+0000] {processor.py:161} INFO - Started process (PID=483) to work on /opt/airflow/dags/gold_enrich_user_profiles_dag.py
[2025-06-18T19:28:17.638+0000] {processor.py:830} INFO - Processing file /opt/airflow/dags/gold_enrich_user_profiles_dag.py for tasks to queue
[2025-06-18T19:28:17.642+0000] {logging_mixin.py:188} INFO - [2025-06-18T19:28:17.641+0000] {dagbag.py:545} INFO - Filling up the DagBag from /opt/airflow/dags/gold_enrich_user_profiles_dag.py
[2025-06-18T19:28:17.669+0000] {processor.py:840} INFO - DAG(s) 'enrich_user_profiles' retrieved from /opt/airflow/dags/gold_enrich_user_profiles_dag.py
[2025-06-18T19:28:17.712+0000] {logging_mixin.py:188} INFO - [2025-06-18T19:28:17.711+0000] {dag.py:3096} INFO - Sync 1 DAGs
[2025-06-18T19:28:17.737+0000] {logging_mixin.py:188} INFO - [2025-06-18T19:28:17.737+0000] {dag.py:3954} INFO - Setting next_dagrun for enrich_user_profiles to None, run_after=None
[2025-06-18T19:28:17.834+0000] {processor.py:183} INFO - Processing /opt/airflow/dags/gold_enrich_user_profiles_dag.py took 0.210 seconds
[2025-06-18T19:28:48.290+0000] {processor.py:161} INFO - Started process (PID=501) to work on /opt/airflow/dags/gold_enrich_user_profiles_dag.py
[2025-06-18T19:28:48.292+0000] {processor.py:830} INFO - Processing file /opt/airflow/dags/gold_enrich_user_profiles_dag.py for tasks to queue
[2025-06-18T19:28:48.296+0000] {logging_mixin.py:188} INFO - [2025-06-18T19:28:48.295+0000] {dagbag.py:545} INFO - Filling up the DagBag from /opt/airflow/dags/gold_enrich_user_profiles_dag.py
[2025-06-18T19:28:48.336+0000] {processor.py:840} INFO - DAG(s) 'enrich_user_profiles' retrieved from /opt/airflow/dags/gold_enrich_user_profiles_dag.py
[2025-06-18T19:28:48.376+0000] {logging_mixin.py:188} INFO - [2025-06-18T19:28:48.376+0000] {dag.py:3096} INFO - Sync 1 DAGs
[2025-06-18T19:28:48.417+0000] {logging_mixin.py:188} INFO - [2025-06-18T19:28:48.416+0000] {dag.py:3954} INFO - Setting next_dagrun for enrich_user_profiles to None, run_after=None
[2025-06-18T19:28:48.473+0000] {processor.py:183} INFO - Processing /opt/airflow/dags/gold_enrich_user_profiles_dag.py took 0.198 seconds
[2025-06-18T19:29:19.125+0000] {processor.py:161} INFO - Started process (PID=518) to work on /opt/airflow/dags/gold_enrich_user_profiles_dag.py
[2025-06-18T19:29:19.131+0000] {processor.py:830} INFO - Processing file /opt/airflow/dags/gold_enrich_user_profiles_dag.py for tasks to queue
[2025-06-18T19:29:19.137+0000] {logging_mixin.py:188} INFO - [2025-06-18T19:29:19.136+0000] {dagbag.py:545} INFO - Filling up the DagBag from /opt/airflow/dags/gold_enrich_user_profiles_dag.py
[2025-06-18T19:29:19.194+0000] {processor.py:840} INFO - DAG(s) 'enrich_user_profiles' retrieved from /opt/airflow/dags/gold_enrich_user_profiles_dag.py
[2025-06-18T19:29:20.054+0000] {logging_mixin.py:188} INFO - [2025-06-18T19:29:20.054+0000] {dag.py:3096} INFO - Sync 1 DAGs
[2025-06-18T19:29:20.082+0000] {logging_mixin.py:188} INFO - [2025-06-18T19:29:20.081+0000] {dag.py:3954} INFO - Setting next_dagrun for enrich_user_profiles to None, run_after=None
[2025-06-18T19:29:20.138+0000] {processor.py:183} INFO - Processing /opt/airflow/dags/gold_enrich_user_profiles_dag.py took 1.034 seconds
[2025-06-18T19:29:50.504+0000] {processor.py:161} INFO - Started process (PID=538) to work on /opt/airflow/dags/gold_enrich_user_profiles_dag.py
[2025-06-18T19:29:50.513+0000] {processor.py:830} INFO - Processing file /opt/airflow/dags/gold_enrich_user_profiles_dag.py for tasks to queue
[2025-06-18T19:29:50.521+0000] {logging_mixin.py:188} INFO - [2025-06-18T19:29:50.519+0000] {dagbag.py:545} INFO - Filling up the DagBag from /opt/airflow/dags/gold_enrich_user_profiles_dag.py
[2025-06-18T19:29:50.601+0000] {processor.py:840} INFO - DAG(s) 'enrich_user_profiles' retrieved from /opt/airflow/dags/gold_enrich_user_profiles_dag.py
[2025-06-18T19:29:50.815+0000] {logging_mixin.py:188} INFO - [2025-06-18T19:29:50.814+0000] {dag.py:3096} INFO - Sync 1 DAGs
[2025-06-18T19:29:50.872+0000] {logging_mixin.py:188} INFO - [2025-06-18T19:29:50.871+0000] {dag.py:3954} INFO - Setting next_dagrun for enrich_user_profiles to None, run_after=None
[2025-06-18T19:29:50.940+0000] {processor.py:183} INFO - Processing /opt/airflow/dags/gold_enrich_user_profiles_dag.py took 0.462 seconds
[2025-06-18T19:30:21.074+0000] {processor.py:161} INFO - Started process (PID=558) to work on /opt/airflow/dags/gold_enrich_user_profiles_dag.py
[2025-06-18T19:30:21.078+0000] {processor.py:830} INFO - Processing file /opt/airflow/dags/gold_enrich_user_profiles_dag.py for tasks to queue
[2025-06-18T19:30:21.082+0000] {logging_mixin.py:188} INFO - [2025-06-18T19:30:21.081+0000] {dagbag.py:545} INFO - Filling up the DagBag from /opt/airflow/dags/gold_enrich_user_profiles_dag.py
[2025-06-18T19:30:21.166+0000] {processor.py:840} INFO - DAG(s) 'enrich_user_profiles' retrieved from /opt/airflow/dags/gold_enrich_user_profiles_dag.py
[2025-06-18T19:30:21.230+0000] {logging_mixin.py:188} INFO - [2025-06-18T19:30:21.221+0000] {dag.py:3096} INFO - Sync 1 DAGs
[2025-06-18T19:30:21.320+0000] {logging_mixin.py:188} INFO - [2025-06-18T19:30:21.319+0000] {dag.py:3954} INFO - Setting next_dagrun for enrich_user_profiles to None, run_after=None
[2025-06-18T19:30:21.520+0000] {processor.py:183} INFO - Processing /opt/airflow/dags/gold_enrich_user_profiles_dag.py took 0.456 seconds
[2025-06-18T19:30:51.868+0000] {processor.py:161} INFO - Started process (PID=578) to work on /opt/airflow/dags/gold_enrich_user_profiles_dag.py
[2025-06-18T19:30:51.871+0000] {processor.py:830} INFO - Processing file /opt/airflow/dags/gold_enrich_user_profiles_dag.py for tasks to queue
[2025-06-18T19:30:51.877+0000] {logging_mixin.py:188} INFO - [2025-06-18T19:30:51.876+0000] {dagbag.py:545} INFO - Filling up the DagBag from /opt/airflow/dags/gold_enrich_user_profiles_dag.py
[2025-06-18T19:30:51.931+0000] {processor.py:840} INFO - DAG(s) 'enrich_user_profiles' retrieved from /opt/airflow/dags/gold_enrich_user_profiles_dag.py
[2025-06-18T19:30:52.174+0000] {logging_mixin.py:188} INFO - [2025-06-18T19:30:52.174+0000] {dag.py:3096} INFO - Sync 1 DAGs
[2025-06-18T19:30:52.191+0000] {logging_mixin.py:188} INFO - [2025-06-18T19:30:52.190+0000] {dag.py:3954} INFO - Setting next_dagrun for enrich_user_profiles to None, run_after=None
[2025-06-18T19:30:52.224+0000] {processor.py:183} INFO - Processing /opt/airflow/dags/gold_enrich_user_profiles_dag.py took 0.385 seconds
[2025-06-18T19:31:22.516+0000] {processor.py:161} INFO - Started process (PID=603) to work on /opt/airflow/dags/gold_enrich_user_profiles_dag.py
[2025-06-18T19:31:22.518+0000] {processor.py:830} INFO - Processing file /opt/airflow/dags/gold_enrich_user_profiles_dag.py for tasks to queue
[2025-06-18T19:31:22.521+0000] {logging_mixin.py:188} INFO - [2025-06-18T19:31:22.521+0000] {dagbag.py:545} INFO - Filling up the DagBag from /opt/airflow/dags/gold_enrich_user_profiles_dag.py
[2025-06-18T19:31:22.554+0000] {processor.py:840} INFO - DAG(s) 'enrich_user_profiles' retrieved from /opt/airflow/dags/gold_enrich_user_profiles_dag.py
[2025-06-18T19:31:22.596+0000] {logging_mixin.py:188} INFO - [2025-06-18T19:31:22.596+0000] {dag.py:3096} INFO - Sync 1 DAGs
[2025-06-18T19:31:22.618+0000] {logging_mixin.py:188} INFO - [2025-06-18T19:31:22.618+0000] {dag.py:3954} INFO - Setting next_dagrun for enrich_user_profiles to None, run_after=None
[2025-06-18T19:31:22.652+0000] {processor.py:183} INFO - Processing /opt/airflow/dags/gold_enrich_user_profiles_dag.py took 0.148 seconds
[2025-06-18T19:31:53.236+0000] {processor.py:161} INFO - Started process (PID=618) to work on /opt/airflow/dags/gold_enrich_user_profiles_dag.py
[2025-06-18T19:31:53.255+0000] {processor.py:830} INFO - Processing file /opt/airflow/dags/gold_enrich_user_profiles_dag.py for tasks to queue
[2025-06-18T19:31:53.297+0000] {logging_mixin.py:188} INFO - [2025-06-18T19:31:53.289+0000] {dagbag.py:545} INFO - Filling up the DagBag from /opt/airflow/dags/gold_enrich_user_profiles_dag.py
[2025-06-18T19:31:53.542+0000] {processor.py:840} INFO - DAG(s) 'enrich_user_profiles' retrieved from /opt/airflow/dags/gold_enrich_user_profiles_dag.py
[2025-06-18T19:31:53.625+0000] {logging_mixin.py:188} INFO - [2025-06-18T19:31:53.625+0000] {dag.py:3096} INFO - Sync 1 DAGs
[2025-06-18T19:31:53.675+0000] {logging_mixin.py:188} INFO - [2025-06-18T19:31:53.674+0000] {dag.py:3954} INFO - Setting next_dagrun for enrich_user_profiles to None, run_after=None
[2025-06-18T19:31:53.741+0000] {processor.py:183} INFO - Processing /opt/airflow/dags/gold_enrich_user_profiles_dag.py took 0.643 seconds
[2025-06-18T19:32:24.243+0000] {processor.py:161} INFO - Started process (PID=638) to work on /opt/airflow/dags/gold_enrich_user_profiles_dag.py
[2025-06-18T19:32:24.246+0000] {processor.py:830} INFO - Processing file /opt/airflow/dags/gold_enrich_user_profiles_dag.py for tasks to queue
[2025-06-18T19:32:24.252+0000] {logging_mixin.py:188} INFO - [2025-06-18T19:32:24.251+0000] {dagbag.py:545} INFO - Filling up the DagBag from /opt/airflow/dags/gold_enrich_user_profiles_dag.py
[2025-06-18T19:32:24.307+0000] {processor.py:840} INFO - DAG(s) 'enrich_user_profiles' retrieved from /opt/airflow/dags/gold_enrich_user_profiles_dag.py
[2025-06-18T19:32:24.585+0000] {logging_mixin.py:188} INFO - [2025-06-18T19:32:24.585+0000] {dag.py:3096} INFO - Sync 1 DAGs
[2025-06-18T19:32:24.605+0000] {logging_mixin.py:188} INFO - [2025-06-18T19:32:24.604+0000] {dag.py:3954} INFO - Setting next_dagrun for enrich_user_profiles to None, run_after=None
[2025-06-18T19:32:24.667+0000] {processor.py:183} INFO - Processing /opt/airflow/dags/gold_enrich_user_profiles_dag.py took 0.440 seconds
[2025-06-18T19:32:55.169+0000] {processor.py:161} INFO - Started process (PID=658) to work on /opt/airflow/dags/gold_enrich_user_profiles_dag.py
[2025-06-18T19:32:55.172+0000] {processor.py:830} INFO - Processing file /opt/airflow/dags/gold_enrich_user_profiles_dag.py for tasks to queue
[2025-06-18T19:32:55.177+0000] {logging_mixin.py:188} INFO - [2025-06-18T19:32:55.176+0000] {dagbag.py:545} INFO - Filling up the DagBag from /opt/airflow/dags/gold_enrich_user_profiles_dag.py
[2025-06-18T19:32:55.313+0000] {processor.py:840} INFO - DAG(s) 'enrich_user_profiles' retrieved from /opt/airflow/dags/gold_enrich_user_profiles_dag.py
[2025-06-18T19:32:55.538+0000] {logging_mixin.py:188} INFO - [2025-06-18T19:32:55.533+0000] {dag.py:3096} INFO - Sync 1 DAGs
[2025-06-18T19:32:55.650+0000] {logging_mixin.py:188} INFO - [2025-06-18T19:32:55.649+0000] {dag.py:3954} INFO - Setting next_dagrun for enrich_user_profiles to None, run_after=None
[2025-06-18T19:32:56.241+0000] {processor.py:183} INFO - Processing /opt/airflow/dags/gold_enrich_user_profiles_dag.py took 1.106 seconds
[2025-06-18T19:33:27.187+0000] {processor.py:161} INFO - Started process (PID=678) to work on /opt/airflow/dags/gold_enrich_user_profiles_dag.py
[2025-06-18T19:33:27.190+0000] {processor.py:830} INFO - Processing file /opt/airflow/dags/gold_enrich_user_profiles_dag.py for tasks to queue
[2025-06-18T19:33:27.195+0000] {logging_mixin.py:188} INFO - [2025-06-18T19:33:27.194+0000] {dagbag.py:545} INFO - Filling up the DagBag from /opt/airflow/dags/gold_enrich_user_profiles_dag.py
[2025-06-18T19:33:27.230+0000] {processor.py:840} INFO - DAG(s) 'enrich_user_profiles' retrieved from /opt/airflow/dags/gold_enrich_user_profiles_dag.py
[2025-06-18T19:33:27.257+0000] {logging_mixin.py:188} INFO - [2025-06-18T19:33:27.256+0000] {dag.py:3096} INFO - Sync 1 DAGs
[2025-06-18T19:33:27.278+0000] {logging_mixin.py:188} INFO - [2025-06-18T19:33:27.278+0000] {dag.py:3954} INFO - Setting next_dagrun for enrich_user_profiles to None, run_after=None
[2025-06-18T19:33:27.328+0000] {processor.py:183} INFO - Processing /opt/airflow/dags/gold_enrich_user_profiles_dag.py took 0.156 seconds
[2025-06-18T19:33:58.081+0000] {processor.py:161} INFO - Started process (PID=698) to work on /opt/airflow/dags/gold_enrich_user_profiles_dag.py
[2025-06-18T19:33:58.085+0000] {processor.py:830} INFO - Processing file /opt/airflow/dags/gold_enrich_user_profiles_dag.py for tasks to queue
[2025-06-18T19:33:58.090+0000] {logging_mixin.py:188} INFO - [2025-06-18T19:33:58.089+0000] {dagbag.py:545} INFO - Filling up the DagBag from /opt/airflow/dags/gold_enrich_user_profiles_dag.py
[2025-06-18T19:33:58.184+0000] {processor.py:840} INFO - DAG(s) 'enrich_user_profiles' retrieved from /opt/airflow/dags/gold_enrich_user_profiles_dag.py
[2025-06-18T19:33:59.123+0000] {logging_mixin.py:188} INFO - [2025-06-18T19:33:59.122+0000] {dag.py:3096} INFO - Sync 1 DAGs
[2025-06-18T19:33:59.147+0000] {logging_mixin.py:188} INFO - [2025-06-18T19:33:59.146+0000] {dag.py:3954} INFO - Setting next_dagrun for enrich_user_profiles to None, run_after=None
[2025-06-18T19:33:59.230+0000] {processor.py:183} INFO - Processing /opt/airflow/dags/gold_enrich_user_profiles_dag.py took 1.175 seconds
[2025-06-18T19:34:29.981+0000] {processor.py:161} INFO - Started process (PID=718) to work on /opt/airflow/dags/gold_enrich_user_profiles_dag.py
[2025-06-18T19:34:29.987+0000] {processor.py:830} INFO - Processing file /opt/airflow/dags/gold_enrich_user_profiles_dag.py for tasks to queue
[2025-06-18T19:34:29.995+0000] {logging_mixin.py:188} INFO - [2025-06-18T19:34:29.994+0000] {dagbag.py:545} INFO - Filling up the DagBag from /opt/airflow/dags/gold_enrich_user_profiles_dag.py
[2025-06-18T19:34:30.082+0000] {processor.py:840} INFO - DAG(s) 'enrich_user_profiles' retrieved from /opt/airflow/dags/gold_enrich_user_profiles_dag.py
[2025-06-18T19:34:30.163+0000] {logging_mixin.py:188} INFO - [2025-06-18T19:34:30.162+0000] {dag.py:3096} INFO - Sync 1 DAGs
[2025-06-18T19:34:30.193+0000] {logging_mixin.py:188} INFO - [2025-06-18T19:34:30.192+0000] {dag.py:3954} INFO - Setting next_dagrun for enrich_user_profiles to None, run_after=None
[2025-06-18T19:34:30.256+0000] {processor.py:183} INFO - Processing /opt/airflow/dags/gold_enrich_user_profiles_dag.py took 0.311 seconds
[2025-06-18T19:34:36.708+0000] {processor.py:161} INFO - Started process (PID=738) to work on /opt/airflow/dags/gold_enrich_user_profiles_dag.py
[2025-06-18T19:34:36.709+0000] {processor.py:830} INFO - Processing file /opt/airflow/dags/gold_enrich_user_profiles_dag.py for tasks to queue
[2025-06-18T19:34:36.715+0000] {logging_mixin.py:188} INFO - [2025-06-18T19:34:36.714+0000] {dagbag.py:545} INFO - Filling up the DagBag from /opt/airflow/dags/gold_enrich_user_profiles_dag.py
[2025-06-18T19:34:36.764+0000] {processor.py:840} INFO - DAG(s) 'gold_enrich_user_profiles' retrieved from /opt/airflow/dags/gold_enrich_user_profiles_dag.py
[2025-06-18T19:34:36.956+0000] {logging_mixin.py:188} INFO - [2025-06-18T19:34:36.955+0000] {override.py:1829} INFO - Created Permission View: can read on DAG:gold_enrich_user_profiles
[2025-06-18T19:34:36.975+0000] {logging_mixin.py:188} INFO - [2025-06-18T19:34:36.974+0000] {override.py:1829} INFO - Created Permission View: can delete on DAG:gold_enrich_user_profiles
[2025-06-18T19:34:36.987+0000] {logging_mixin.py:188} INFO - [2025-06-18T19:34:36.987+0000] {override.py:1829} INFO - Created Permission View: can edit on DAG:gold_enrich_user_profiles
[2025-06-18T19:34:36.988+0000] {logging_mixin.py:188} INFO - [2025-06-18T19:34:36.988+0000] {dag.py:3096} INFO - Sync 1 DAGs
[2025-06-18T19:34:37.003+0000] {logging_mixin.py:188} INFO - [2025-06-18T19:34:37.003+0000] {dag.py:3118} INFO - Creating ORM DAG for gold_enrich_user_profiles
[2025-06-18T19:34:37.005+0000] {logging_mixin.py:188} INFO - [2025-06-18T19:34:37.004+0000] {dag.py:3954} INFO - Setting next_dagrun for gold_enrich_user_profiles to None, run_after=None
[2025-06-18T19:34:37.039+0000] {processor.py:183} INFO - Processing /opt/airflow/dags/gold_enrich_user_profiles_dag.py took 0.345 seconds
[2025-06-18T19:35:07.878+0000] {processor.py:161} INFO - Started process (PID=758) to work on /opt/airflow/dags/gold_enrich_user_profiles_dag.py
[2025-06-18T19:35:07.881+0000] {processor.py:830} INFO - Processing file /opt/airflow/dags/gold_enrich_user_profiles_dag.py for tasks to queue
[2025-06-18T19:35:07.885+0000] {logging_mixin.py:188} INFO - [2025-06-18T19:35:07.885+0000] {dagbag.py:545} INFO - Filling up the DagBag from /opt/airflow/dags/gold_enrich_user_profiles_dag.py
[2025-06-18T19:35:07.921+0000] {processor.py:840} INFO - DAG(s) 'gold_enrich_user_profiles' retrieved from /opt/airflow/dags/gold_enrich_user_profiles_dag.py
[2025-06-18T19:35:07.974+0000] {logging_mixin.py:188} INFO - [2025-06-18T19:35:07.973+0000] {dag.py:3096} INFO - Sync 1 DAGs
[2025-06-18T19:35:07.992+0000] {logging_mixin.py:188} INFO - [2025-06-18T19:35:07.991+0000] {dag.py:3954} INFO - Setting next_dagrun for gold_enrich_user_profiles to None, run_after=None
[2025-06-18T19:35:08.019+0000] {processor.py:183} INFO - Processing /opt/airflow/dags/gold_enrich_user_profiles_dag.py took 0.156 seconds
[2025-06-18T19:35:38.400+0000] {processor.py:161} INFO - Started process (PID=778) to work on /opt/airflow/dags/gold_enrich_user_profiles_dag.py
[2025-06-18T19:35:38.402+0000] {processor.py:830} INFO - Processing file /opt/airflow/dags/gold_enrich_user_profiles_dag.py for tasks to queue
[2025-06-18T19:35:38.405+0000] {logging_mixin.py:188} INFO - [2025-06-18T19:35:38.404+0000] {dagbag.py:545} INFO - Filling up the DagBag from /opt/airflow/dags/gold_enrich_user_profiles_dag.py
[2025-06-18T19:35:38.430+0000] {processor.py:840} INFO - DAG(s) 'gold_enrich_user_profiles' retrieved from /opt/airflow/dags/gold_enrich_user_profiles_dag.py
[2025-06-18T19:35:38.469+0000] {logging_mixin.py:188} INFO - [2025-06-18T19:35:38.469+0000] {dag.py:3096} INFO - Sync 1 DAGs
[2025-06-18T19:35:38.488+0000] {logging_mixin.py:188} INFO - [2025-06-18T19:35:38.488+0000] {dag.py:3954} INFO - Setting next_dagrun for gold_enrich_user_profiles to None, run_after=None
[2025-06-18T19:35:38.531+0000] {processor.py:183} INFO - Processing /opt/airflow/dags/gold_enrich_user_profiles_dag.py took 0.141 seconds
[2025-06-18T19:36:24.167+0000] {processor.py:161} INFO - Started process (PID=158) to work on /opt/airflow/dags/gold_enrich_user_profiles_dag.py
[2025-06-18T19:36:24.193+0000] {processor.py:830} INFO - Processing file /opt/airflow/dags/gold_enrich_user_profiles_dag.py for tasks to queue
[2025-06-18T19:36:24.251+0000] {logging_mixin.py:188} INFO - [2025-06-18T19:36:24.239+0000] {dagbag.py:545} INFO - Filling up the DagBag from /opt/airflow/dags/gold_enrich_user_profiles_dag.py
[2025-06-18T19:36:24.512+0000] {processor.py:840} INFO - DAG(s) 'gold_enrich_user_profiles' retrieved from /opt/airflow/dags/gold_enrich_user_profiles_dag.py
[2025-06-18T19:36:25.349+0000] {logging_mixin.py:188} INFO - [2025-06-18T19:36:25.348+0000] {dag.py:3096} INFO - Sync 1 DAGs
[2025-06-18T19:36:25.479+0000] {logging_mixin.py:188} INFO - [2025-06-18T19:36:25.478+0000] {dag.py:3954} INFO - Setting next_dagrun for gold_enrich_user_profiles to None, run_after=None
[2025-06-18T19:36:25.595+0000] {processor.py:183} INFO - Processing /opt/airflow/dags/gold_enrich_user_profiles_dag.py took 1.561 seconds
[2025-06-18T19:36:56.287+0000] {processor.py:161} INFO - Started process (PID=178) to work on /opt/airflow/dags/gold_enrich_user_profiles_dag.py
[2025-06-18T19:36:56.323+0000] {processor.py:830} INFO - Processing file /opt/airflow/dags/gold_enrich_user_profiles_dag.py for tasks to queue
[2025-06-18T19:36:56.379+0000] {logging_mixin.py:188} INFO - [2025-06-18T19:36:56.374+0000] {dagbag.py:545} INFO - Filling up the DagBag from /opt/airflow/dags/gold_enrich_user_profiles_dag.py
[2025-06-18T19:36:56.631+0000] {processor.py:840} INFO - DAG(s) 'gold_enrich_user_profiles' retrieved from /opt/airflow/dags/gold_enrich_user_profiles_dag.py
[2025-06-18T19:36:56.936+0000] {logging_mixin.py:188} INFO - [2025-06-18T19:36:56.936+0000] {dag.py:3096} INFO - Sync 1 DAGs
[2025-06-18T19:36:57.015+0000] {logging_mixin.py:188} INFO - [2025-06-18T19:36:57.014+0000] {dag.py:3954} INFO - Setting next_dagrun for gold_enrich_user_profiles to None, run_after=None
[2025-06-18T19:36:57.086+0000] {processor.py:183} INFO - Processing /opt/airflow/dags/gold_enrich_user_profiles_dag.py took 1.099 seconds
[2025-06-18T19:37:28.351+0000] {processor.py:161} INFO - Started process (PID=251) to work on /opt/airflow/dags/gold_enrich_user_profiles_dag.py
[2025-06-18T19:37:28.396+0000] {processor.py:830} INFO - Processing file /opt/airflow/dags/gold_enrich_user_profiles_dag.py for tasks to queue
[2025-06-18T19:37:28.455+0000] {logging_mixin.py:188} INFO - [2025-06-18T19:37:28.439+0000] {dagbag.py:545} INFO - Filling up the DagBag from /opt/airflow/dags/gold_enrich_user_profiles_dag.py
[2025-06-18T19:37:28.857+0000] {processor.py:840} INFO - DAG(s) 'gold_enrich_user_profiles' retrieved from /opt/airflow/dags/gold_enrich_user_profiles_dag.py
[2025-06-18T19:37:29.251+0000] {logging_mixin.py:188} INFO - [2025-06-18T19:37:29.251+0000] {dag.py:3096} INFO - Sync 1 DAGs
[2025-06-18T19:37:29.489+0000] {logging_mixin.py:188} INFO - [2025-06-18T19:37:29.481+0000] {dag.py:3954} INFO - Setting next_dagrun for gold_enrich_user_profiles to None, run_after=None
[2025-06-18T19:37:29.810+0000] {processor.py:183} INFO - Processing /opt/airflow/dags/gold_enrich_user_profiles_dag.py took 1.611 seconds
[2025-06-18T19:38:00.329+0000] {processor.py:161} INFO - Started process (PID=411) to work on /opt/airflow/dags/gold_enrich_user_profiles_dag.py
[2025-06-18T19:38:00.343+0000] {processor.py:830} INFO - Processing file /opt/airflow/dags/gold_enrich_user_profiles_dag.py for tasks to queue
[2025-06-18T19:38:00.387+0000] {logging_mixin.py:188} INFO - [2025-06-18T19:38:00.378+0000] {dagbag.py:545} INFO - Filling up the DagBag from /opt/airflow/dags/gold_enrich_user_profiles_dag.py
[2025-06-18T19:38:00.874+0000] {processor.py:840} INFO - DAG(s) 'gold_enrich_user_profiles' retrieved from /opt/airflow/dags/gold_enrich_user_profiles_dag.py
[2025-06-18T19:38:01.286+0000] {logging_mixin.py:188} INFO - [2025-06-18T19:38:01.286+0000] {dag.py:3096} INFO - Sync 1 DAGs
[2025-06-18T19:38:01.451+0000] {logging_mixin.py:188} INFO - [2025-06-18T19:38:01.450+0000] {dag.py:3954} INFO - Setting next_dagrun for gold_enrich_user_profiles to None, run_after=None
[2025-06-18T19:38:01.583+0000] {processor.py:183} INFO - Processing /opt/airflow/dags/gold_enrich_user_profiles_dag.py took 1.498 seconds
[2025-06-18T19:38:31.993+0000] {processor.py:161} INFO - Started process (PID=459) to work on /opt/airflow/dags/gold_enrich_user_profiles_dag.py
[2025-06-18T19:38:32.006+0000] {processor.py:830} INFO - Processing file /opt/airflow/dags/gold_enrich_user_profiles_dag.py for tasks to queue
[2025-06-18T19:38:32.038+0000] {logging_mixin.py:188} INFO - [2025-06-18T19:38:32.036+0000] {dagbag.py:545} INFO - Filling up the DagBag from /opt/airflow/dags/gold_enrich_user_profiles_dag.py
[2025-06-18T19:38:32.119+0000] {processor.py:840} INFO - DAG(s) 'gold_enrich_user_profiles' retrieved from /opt/airflow/dags/gold_enrich_user_profiles_dag.py
[2025-06-18T19:38:32.208+0000] {logging_mixin.py:188} INFO - [2025-06-18T19:38:32.208+0000] {dag.py:3096} INFO - Sync 1 DAGs
[2025-06-18T19:38:32.248+0000] {logging_mixin.py:188} INFO - [2025-06-18T19:38:32.247+0000] {dag.py:3954} INFO - Setting next_dagrun for gold_enrich_user_profiles to None, run_after=None
[2025-06-18T19:38:32.335+0000] {processor.py:183} INFO - Processing /opt/airflow/dags/gold_enrich_user_profiles_dag.py took 0.400 seconds
[2025-06-18T19:39:04.486+0000] {processor.py:161} INFO - Started process (PID=479) to work on /opt/airflow/dags/gold_enrich_user_profiles_dag.py
[2025-06-18T19:39:04.523+0000] {processor.py:830} INFO - Processing file /opt/airflow/dags/gold_enrich_user_profiles_dag.py for tasks to queue
[2025-06-18T19:39:04.549+0000] {logging_mixin.py:188} INFO - [2025-06-18T19:39:04.547+0000] {dagbag.py:545} INFO - Filling up the DagBag from /opt/airflow/dags/gold_enrich_user_profiles_dag.py
[2025-06-18T19:39:04.639+0000] {processor.py:840} INFO - DAG(s) 'gold_enrich_user_profiles' retrieved from /opt/airflow/dags/gold_enrich_user_profiles_dag.py
[2025-06-18T19:39:05.288+0000] {logging_mixin.py:188} INFO - [2025-06-18T19:39:05.287+0000] {dag.py:3096} INFO - Sync 1 DAGs
[2025-06-18T19:39:05.348+0000] {logging_mixin.py:188} INFO - [2025-06-18T19:39:05.348+0000] {dag.py:3954} INFO - Setting next_dagrun for gold_enrich_user_profiles to None, run_after=None
[2025-06-18T19:39:05.623+0000] {processor.py:183} INFO - Processing /opt/airflow/dags/gold_enrich_user_profiles_dag.py took 1.798 seconds
[2025-06-18T19:39:36.371+0000] {processor.py:161} INFO - Started process (PID=499) to work on /opt/airflow/dags/gold_enrich_user_profiles_dag.py
[2025-06-18T19:39:36.374+0000] {processor.py:830} INFO - Processing file /opt/airflow/dags/gold_enrich_user_profiles_dag.py for tasks to queue
[2025-06-18T19:39:36.389+0000] {logging_mixin.py:188} INFO - [2025-06-18T19:39:36.385+0000] {dagbag.py:545} INFO - Filling up the DagBag from /opt/airflow/dags/gold_enrich_user_profiles_dag.py
[2025-06-18T19:39:36.658+0000] {processor.py:840} INFO - DAG(s) 'gold_enrich_user_profiles' retrieved from /opt/airflow/dags/gold_enrich_user_profiles_dag.py
[2025-06-18T19:39:36.759+0000] {logging_mixin.py:188} INFO - [2025-06-18T19:39:36.759+0000] {dag.py:3096} INFO - Sync 1 DAGs
[2025-06-18T19:39:36.851+0000] {logging_mixin.py:188} INFO - [2025-06-18T19:39:36.850+0000] {dag.py:3954} INFO - Setting next_dagrun for gold_enrich_user_profiles to None, run_after=None
[2025-06-18T19:39:37.173+0000] {processor.py:183} INFO - Processing /opt/airflow/dags/gold_enrich_user_profiles_dag.py took 0.822 seconds
[2025-06-18T19:40:08.104+0000] {processor.py:161} INFO - Started process (PID=519) to work on /opt/airflow/dags/gold_enrich_user_profiles_dag.py
[2025-06-18T19:40:08.111+0000] {processor.py:830} INFO - Processing file /opt/airflow/dags/gold_enrich_user_profiles_dag.py for tasks to queue
[2025-06-18T19:40:08.121+0000] {logging_mixin.py:188} INFO - [2025-06-18T19:40:08.120+0000] {dagbag.py:545} INFO - Filling up the DagBag from /opt/airflow/dags/gold_enrich_user_profiles_dag.py
[2025-06-18T19:40:08.192+0000] {processor.py:840} INFO - DAG(s) 'gold_enrich_user_profiles' retrieved from /opt/airflow/dags/gold_enrich_user_profiles_dag.py
[2025-06-18T19:40:08.312+0000] {logging_mixin.py:188} INFO - [2025-06-18T19:40:08.311+0000] {dag.py:3096} INFO - Sync 1 DAGs
[2025-06-18T19:40:08.524+0000] {logging_mixin.py:188} INFO - [2025-06-18T19:40:08.523+0000] {dag.py:3954} INFO - Setting next_dagrun for gold_enrich_user_profiles to None, run_after=None
[2025-06-18T19:40:08.599+0000] {processor.py:183} INFO - Processing /opt/airflow/dags/gold_enrich_user_profiles_dag.py took 0.521 seconds
[2025-06-18T19:40:39.348+0000] {processor.py:161} INFO - Started process (PID=539) to work on /opt/airflow/dags/gold_enrich_user_profiles_dag.py
[2025-06-18T19:40:39.355+0000] {processor.py:830} INFO - Processing file /opt/airflow/dags/gold_enrich_user_profiles_dag.py for tasks to queue
[2025-06-18T19:40:39.366+0000] {logging_mixin.py:188} INFO - [2025-06-18T19:40:39.365+0000] {dagbag.py:545} INFO - Filling up the DagBag from /opt/airflow/dags/gold_enrich_user_profiles_dag.py
[2025-06-18T19:40:39.446+0000] {processor.py:840} INFO - DAG(s) 'gold_enrich_user_profiles' retrieved from /opt/airflow/dags/gold_enrich_user_profiles_dag.py
[2025-06-18T19:40:39.596+0000] {logging_mixin.py:188} INFO - [2025-06-18T19:40:39.595+0000] {dag.py:3096} INFO - Sync 1 DAGs
[2025-06-18T19:40:39.699+0000] {logging_mixin.py:188} INFO - [2025-06-18T19:40:39.698+0000] {dag.py:3954} INFO - Setting next_dagrun for gold_enrich_user_profiles to None, run_after=None
[2025-06-18T19:40:39.778+0000] {processor.py:183} INFO - Processing /opt/airflow/dags/gold_enrich_user_profiles_dag.py took 0.470 seconds
[2025-06-18T19:41:10.763+0000] {processor.py:161} INFO - Started process (PID=559) to work on /opt/airflow/dags/gold_enrich_user_profiles_dag.py
[2025-06-18T19:41:10.766+0000] {processor.py:830} INFO - Processing file /opt/airflow/dags/gold_enrich_user_profiles_dag.py for tasks to queue
[2025-06-18T19:41:10.780+0000] {logging_mixin.py:188} INFO - [2025-06-18T19:41:10.779+0000] {dagbag.py:545} INFO - Filling up the DagBag from /opt/airflow/dags/gold_enrich_user_profiles_dag.py
[2025-06-18T19:41:10.868+0000] {processor.py:840} INFO - DAG(s) 'gold_enrich_user_profiles' retrieved from /opt/airflow/dags/gold_enrich_user_profiles_dag.py
[2025-06-18T19:41:11.057+0000] {logging_mixin.py:188} INFO - [2025-06-18T19:41:11.056+0000] {dag.py:3096} INFO - Sync 1 DAGs
[2025-06-18T19:41:11.164+0000] {logging_mixin.py:188} INFO - [2025-06-18T19:41:11.164+0000] {dag.py:3954} INFO - Setting next_dagrun for gold_enrich_user_profiles to None, run_after=None
[2025-06-18T19:41:11.390+0000] {processor.py:183} INFO - Processing /opt/airflow/dags/gold_enrich_user_profiles_dag.py took 0.654 seconds
[2025-06-18T19:41:41.855+0000] {processor.py:161} INFO - Started process (PID=579) to work on /opt/airflow/dags/gold_enrich_user_profiles_dag.py
[2025-06-18T19:41:42.044+0000] {processor.py:830} INFO - Processing file /opt/airflow/dags/gold_enrich_user_profiles_dag.py for tasks to queue
[2025-06-18T19:41:42.120+0000] {logging_mixin.py:188} INFO - [2025-06-18T19:41:42.119+0000] {dagbag.py:545} INFO - Filling up the DagBag from /opt/airflow/dags/gold_enrich_user_profiles_dag.py
[2025-06-18T19:41:42.452+0000] {processor.py:840} INFO - DAG(s) 'gold_enrich_user_profiles' retrieved from /opt/airflow/dags/gold_enrich_user_profiles_dag.py
[2025-06-18T19:41:42.538+0000] {logging_mixin.py:188} INFO - [2025-06-18T19:41:42.537+0000] {dag.py:3096} INFO - Sync 1 DAGs
[2025-06-18T19:41:42.587+0000] {logging_mixin.py:188} INFO - [2025-06-18T19:41:42.587+0000] {dag.py:3954} INFO - Setting next_dagrun for gold_enrich_user_profiles to None, run_after=None
[2025-06-18T19:42:11.111+0000] {processor.py:183} INFO - Processing /opt/airflow/dags/gold_enrich_user_profiles_dag.py took 29.280 seconds
[2025-06-18T19:42:41.963+0000] {processor.py:161} INFO - Started process (PID=599) to work on /opt/airflow/dags/gold_enrich_user_profiles_dag.py
[2025-06-18T19:42:41.978+0000] {processor.py:830} INFO - Processing file /opt/airflow/dags/gold_enrich_user_profiles_dag.py for tasks to queue
[2025-06-18T19:42:41.985+0000] {logging_mixin.py:188} INFO - [2025-06-18T19:42:41.984+0000] {dagbag.py:545} INFO - Filling up the DagBag from /opt/airflow/dags/gold_enrich_user_profiles_dag.py
[2025-06-18T19:42:42.131+0000] {processor.py:840} INFO - DAG(s) 'gold_enrich_user_profiles' retrieved from /opt/airflow/dags/gold_enrich_user_profiles_dag.py
[2025-06-18T19:42:43.383+0000] {logging_mixin.py:188} INFO - [2025-06-18T19:42:43.383+0000] {dag.py:3096} INFO - Sync 1 DAGs
[2025-06-18T19:42:43.475+0000] {logging_mixin.py:188} INFO - [2025-06-18T19:42:43.474+0000] {dag.py:3954} INFO - Setting next_dagrun for gold_enrich_user_profiles to None, run_after=None
[2025-06-18T19:42:44.052+0000] {processor.py:183} INFO - Processing /opt/airflow/dags/gold_enrich_user_profiles_dag.py took 2.105 seconds
[2025-06-18T19:43:14.716+0000] {processor.py:161} INFO - Started process (PID=619) to work on /opt/airflow/dags/gold_enrich_user_profiles_dag.py
[2025-06-18T19:43:14.722+0000] {processor.py:830} INFO - Processing file /opt/airflow/dags/gold_enrich_user_profiles_dag.py for tasks to queue
[2025-06-18T19:43:14.727+0000] {logging_mixin.py:188} INFO - [2025-06-18T19:43:14.726+0000] {dagbag.py:545} INFO - Filling up the DagBag from /opt/airflow/dags/gold_enrich_user_profiles_dag.py
[2025-06-18T19:43:15.147+0000] {processor.py:840} INFO - DAG(s) 'gold_enrich_user_profiles' retrieved from /opt/airflow/dags/gold_enrich_user_profiles_dag.py
[2025-06-18T19:43:15.197+0000] {logging_mixin.py:188} INFO - [2025-06-18T19:43:15.197+0000] {dag.py:3096} INFO - Sync 1 DAGs
[2025-06-18T19:43:15.217+0000] {logging_mixin.py:188} INFO - [2025-06-18T19:43:15.217+0000] {dag.py:3954} INFO - Setting next_dagrun for gold_enrich_user_profiles to None, run_after=None
[2025-06-18T19:43:15.288+0000] {processor.py:183} INFO - Processing /opt/airflow/dags/gold_enrich_user_profiles_dag.py took 0.607 seconds
[2025-06-18T19:43:46.237+0000] {processor.py:161} INFO - Started process (PID=639) to work on /opt/airflow/dags/gold_enrich_user_profiles_dag.py
[2025-06-18T19:43:46.241+0000] {processor.py:830} INFO - Processing file /opt/airflow/dags/gold_enrich_user_profiles_dag.py for tasks to queue
[2025-06-18T19:43:46.258+0000] {logging_mixin.py:188} INFO - [2025-06-18T19:43:46.256+0000] {dagbag.py:545} INFO - Filling up the DagBag from /opt/airflow/dags/gold_enrich_user_profiles_dag.py
[2025-06-18T19:43:46.346+0000] {processor.py:840} INFO - DAG(s) 'gold_enrich_user_profiles' retrieved from /opt/airflow/dags/gold_enrich_user_profiles_dag.py
[2025-06-18T19:43:46.411+0000] {logging_mixin.py:188} INFO - [2025-06-18T19:43:46.411+0000] {dag.py:3096} INFO - Sync 1 DAGs
[2025-06-18T19:43:46.433+0000] {logging_mixin.py:188} INFO - [2025-06-18T19:43:46.433+0000] {dag.py:3954} INFO - Setting next_dagrun for gold_enrich_user_profiles to None, run_after=None
[2025-06-18T19:43:46.475+0000] {processor.py:183} INFO - Processing /opt/airflow/dags/gold_enrich_user_profiles_dag.py took 0.277 seconds
[2025-06-18T19:44:18.470+0000] {processor.py:161} INFO - Started process (PID=659) to work on /opt/airflow/dags/gold_enrich_user_profiles_dag.py
[2025-06-18T19:44:18.472+0000] {processor.py:830} INFO - Processing file /opt/airflow/dags/gold_enrich_user_profiles_dag.py for tasks to queue
[2025-06-18T19:44:18.477+0000] {logging_mixin.py:188} INFO - [2025-06-18T19:44:18.476+0000] {dagbag.py:545} INFO - Filling up the DagBag from /opt/airflow/dags/gold_enrich_user_profiles_dag.py
[2025-06-18T19:44:18.544+0000] {processor.py:840} INFO - DAG(s) 'gold_enrich_user_profiles' retrieved from /opt/airflow/dags/gold_enrich_user_profiles_dag.py
[2025-06-18T19:44:18.627+0000] {logging_mixin.py:188} INFO - [2025-06-18T19:44:18.627+0000] {dag.py:3096} INFO - Sync 1 DAGs
[2025-06-18T19:44:18.665+0000] {logging_mixin.py:188} INFO - [2025-06-18T19:44:18.664+0000] {dag.py:3954} INFO - Setting next_dagrun for gold_enrich_user_profiles to None, run_after=None
[2025-06-18T19:44:18.735+0000] {processor.py:183} INFO - Processing /opt/airflow/dags/gold_enrich_user_profiles_dag.py took 0.285 seconds
[2025-06-18T19:44:49.102+0000] {processor.py:161} INFO - Started process (PID=679) to work on /opt/airflow/dags/gold_enrich_user_profiles_dag.py
[2025-06-18T19:44:49.104+0000] {processor.py:830} INFO - Processing file /opt/airflow/dags/gold_enrich_user_profiles_dag.py for tasks to queue
[2025-06-18T19:44:49.111+0000] {logging_mixin.py:188} INFO - [2025-06-18T19:44:49.110+0000] {dagbag.py:545} INFO - Filling up the DagBag from /opt/airflow/dags/gold_enrich_user_profiles_dag.py
[2025-06-18T19:44:49.171+0000] {processor.py:840} INFO - DAG(s) 'gold_enrich_user_profiles' retrieved from /opt/airflow/dags/gold_enrich_user_profiles_dag.py
[2025-06-18T19:44:49.268+0000] {logging_mixin.py:188} INFO - [2025-06-18T19:44:49.267+0000] {dag.py:3096} INFO - Sync 1 DAGs
[2025-06-18T19:44:49.350+0000] {logging_mixin.py:188} INFO - [2025-06-18T19:44:49.349+0000] {dag.py:3954} INFO - Setting next_dagrun for gold_enrich_user_profiles to None, run_after=None
[2025-06-18T19:44:49.480+0000] {processor.py:183} INFO - Processing /opt/airflow/dags/gold_enrich_user_profiles_dag.py took 0.408 seconds
[2025-06-18T19:45:20.491+0000] {processor.py:161} INFO - Started process (PID=699) to work on /opt/airflow/dags/gold_enrich_user_profiles_dag.py
[2025-06-18T19:45:20.527+0000] {processor.py:830} INFO - Processing file /opt/airflow/dags/gold_enrich_user_profiles_dag.py for tasks to queue
[2025-06-18T19:45:20.602+0000] {logging_mixin.py:188} INFO - [2025-06-18T19:45:20.585+0000] {dagbag.py:545} INFO - Filling up the DagBag from /opt/airflow/dags/gold_enrich_user_profiles_dag.py
[2025-06-18T19:45:20.873+0000] {processor.py:840} INFO - DAG(s) 'gold_enrich_user_profiles' retrieved from /opt/airflow/dags/gold_enrich_user_profiles_dag.py
[2025-06-18T19:45:21.024+0000] {logging_mixin.py:188} INFO - [2025-06-18T19:45:21.023+0000] {dag.py:3096} INFO - Sync 1 DAGs
[2025-06-18T19:45:21.068+0000] {logging_mixin.py:188} INFO - [2025-06-18T19:45:21.068+0000] {dag.py:3954} INFO - Setting next_dagrun for gold_enrich_user_profiles to None, run_after=None
[2025-06-18T19:45:21.132+0000] {processor.py:183} INFO - Processing /opt/airflow/dags/gold_enrich_user_profiles_dag.py took 0.735 seconds
