[2025-06-18T06:45:45.978+0000] {local_task_job_runner.py:120} INFO - ::group::Pre task execution logs
[2025-06-18T06:45:48.878+0000] {taskinstance.py:2076} INFO - Dependencies all met for dep_context=non-requeueable deps ti=<TaskInstance: enrich_user_profiles.run_spark_job_enrich_user_profiles manual__2025-06-18T06:45:28.474859+00:00 [queued]>
[2025-06-18T06:45:49.058+0000] {taskinstance.py:2076} INFO - Dependencies all met for dep_context=requeueable deps ti=<TaskInstance: enrich_user_profiles.run_spark_job_enrich_user_profiles manual__2025-06-18T06:45:28.474859+00:00 [queued]>
[2025-06-18T06:45:49.069+0000] {taskinstance.py:2306} INFO - Starting attempt 1 of 1
[2025-06-18T06:45:49.230+0000] {taskinstance.py:2330} INFO - Executing <Task(BashOperator): run_spark_job_enrich_user_profiles> on 2025-06-18 06:45:28.474859+00:00
[2025-06-18T06:45:49.263+0000] {standard_task_runner.py:63} INFO - Started process 356 to run task
[2025-06-18T06:45:49.391+0000] {standard_task_runner.py:90} INFO - Running: ['***', 'tasks', 'run', 'enrich_user_profiles', 'run_spark_job_enrich_user_profiles', 'manual__2025-06-18T06:45:28.474859+00:00', '--job-id', '66', '--raw', '--subdir', 'DAGS_FOLDER/enrich_user_profiles_dag.py', '--cfg-path', '/tmp/tmpr1zkpfu8']
[2025-06-18T06:45:49.444+0000] {standard_task_runner.py:91} INFO - Job 66: Subtask run_spark_job_enrich_user_profiles
[2025-06-18T06:45:50.052+0000] {task_command.py:426} INFO - Running <TaskInstance: enrich_user_profiles.run_spark_job_enrich_user_profiles manual__2025-06-18T06:45:28.474859+00:00 [running]> on host 44e8895ba14c
[2025-06-18T06:45:52.090+0000] {taskinstance.py:2648} INFO - Exporting env vars: AIRFLOW_CTX_DAG_OWNER='andrii' AIRFLOW_CTX_DAG_ID='enrich_user_profiles' AIRFLOW_CTX_TASK_ID='run_spark_job_enrich_user_profiles' AIRFLOW_CTX_EXECUTION_DATE='2025-06-18T06:45:28.474859+00:00' AIRFLOW_CTX_TRY_NUMBER='1' AIRFLOW_CTX_DAG_RUN_ID='manual__2025-06-18T06:45:28.474859+00:00'
[2025-06-18T06:45:52.104+0000] {taskinstance.py:430} INFO - ::endgroup::
[2025-06-18T06:45:52.410+0000] {subprocess.py:63} INFO - Tmp dir root location: /tmp
[2025-06-18T06:45:52.454+0000] {subprocess.py:75} INFO - Running command: ['/usr/bin/bash', '-c', 'spark-submit /opt/***/spark_jobs/enrich_user_profiles_spark.py']
[2025-06-18T06:45:52.577+0000] {subprocess.py:86} INFO - Output:
[2025-06-18T06:45:52.678+0000] {subprocess.py:93} INFO - /opt/spark/bin/load-spark-env.sh: line 68: ps: command not found
[2025-06-18T06:46:07.686+0000] {subprocess.py:93} INFO - 25/06/18 06:46:07 INFO SparkContext: Running Spark version 3.5.1
[2025-06-18T06:46:07.694+0000] {subprocess.py:93} INFO - 25/06/18 06:46:07 INFO SparkContext: OS info Linux, 6.6.87.1-microsoft-standard-WSL2, amd64
[2025-06-18T06:46:07.699+0000] {subprocess.py:93} INFO - 25/06/18 06:46:07 INFO SparkContext: Java version 17.0.15
[2025-06-18T06:46:07.875+0000] {subprocess.py:93} INFO - 25/06/18 06:46:07 WARN NativeCodeLoader: Unable to load native-hadoop library for your platform... using builtin-java classes where applicable
[2025-06-18T06:46:08.168+0000] {subprocess.py:93} INFO - 25/06/18 06:46:08 INFO ResourceUtils: ==============================================================
[2025-06-18T06:46:08.170+0000] {subprocess.py:93} INFO - 25/06/18 06:46:08 INFO ResourceUtils: No custom resources configured for spark.driver.
[2025-06-18T06:46:08.176+0000] {subprocess.py:93} INFO - 25/06/18 06:46:08 INFO ResourceUtils: ==============================================================
[2025-06-18T06:46:08.183+0000] {subprocess.py:93} INFO - 25/06/18 06:46:08 INFO SparkContext: Submitted application: Enrich Customers from User Profiles
[2025-06-18T06:46:08.246+0000] {subprocess.py:93} INFO - 25/06/18 06:46:08 INFO ResourceProfile: Default ResourceProfile created, executor resources: Map(cores -> name: cores, amount: 1, script: , vendor: , memory -> name: memory, amount: 1024, script: , vendor: , offHeap -> name: offHeap, amount: 0, script: , vendor: ), task resources: Map(cpus -> name: cpus, amount: 1.0)
[2025-06-18T06:46:08.265+0000] {subprocess.py:93} INFO - 25/06/18 06:46:08 INFO ResourceProfile: Limiting resource is cpu
[2025-06-18T06:46:08.266+0000] {subprocess.py:93} INFO - 25/06/18 06:46:08 INFO ResourceProfileManager: Added ResourceProfile id: 0
[2025-06-18T06:46:08.391+0000] {subprocess.py:93} INFO - 25/06/18 06:46:08 INFO SecurityManager: Changing view acls to: ***
[2025-06-18T06:46:08.392+0000] {subprocess.py:93} INFO - 25/06/18 06:46:08 INFO SecurityManager: Changing modify acls to: ***
[2025-06-18T06:46:08.395+0000] {subprocess.py:93} INFO - 25/06/18 06:46:08 INFO SecurityManager: Changing view acls groups to:
[2025-06-18T06:46:08.398+0000] {subprocess.py:93} INFO - 25/06/18 06:46:08 INFO SecurityManager: Changing modify acls groups to:
[2025-06-18T06:46:08.403+0000] {subprocess.py:93} INFO - 25/06/18 06:46:08 INFO SecurityManager: SecurityManager: authentication disabled; ui acls disabled; users with view permissions: ***; groups with view permissions: EMPTY; users with modify permissions: ***; groups with modify permissions: EMPTY
[2025-06-18T06:46:08.918+0000] {subprocess.py:93} INFO - 25/06/18 06:46:08 INFO Utils: Successfully started service 'sparkDriver' on port 45325.
[2025-06-18T06:46:09.021+0000] {subprocess.py:93} INFO - 25/06/18 06:46:09 INFO SparkEnv: Registering MapOutputTracker
[2025-06-18T06:46:09.105+0000] {subprocess.py:93} INFO - 25/06/18 06:46:09 INFO SparkEnv: Registering BlockManagerMaster
[2025-06-18T06:46:09.140+0000] {subprocess.py:93} INFO - 25/06/18 06:46:09 INFO BlockManagerMasterEndpoint: Using org.apache.spark.storage.DefaultTopologyMapper for getting topology information
[2025-06-18T06:46:09.143+0000] {subprocess.py:93} INFO - 25/06/18 06:46:09 INFO BlockManagerMasterEndpoint: BlockManagerMasterEndpoint up
[2025-06-18T06:46:09.152+0000] {subprocess.py:93} INFO - 25/06/18 06:46:09 INFO SparkEnv: Registering BlockManagerMasterHeartbeat
[2025-06-18T06:46:09.185+0000] {subprocess.py:93} INFO - 25/06/18 06:46:09 INFO DiskBlockManager: Created local directory at /tmp/blockmgr-856ba981-9f40-4d64-8226-9ddcf9d25a2b
[2025-06-18T06:46:09.207+0000] {subprocess.py:93} INFO - 25/06/18 06:46:09 INFO MemoryStore: MemoryStore started with capacity 434.4 MiB
[2025-06-18T06:46:09.239+0000] {subprocess.py:93} INFO - 25/06/18 06:46:09 INFO SparkEnv: Registering OutputCommitCoordinator
[2025-06-18T06:46:09.496+0000] {subprocess.py:93} INFO - 25/06/18 06:46:09 INFO JettyUtils: Start Jetty 0.0.0.0:4040 for SparkUI
[2025-06-18T06:46:09.655+0000] {subprocess.py:93} INFO - 25/06/18 06:46:09 INFO Utils: Successfully started service 'SparkUI' on port 4040.
[2025-06-18T06:46:09.893+0000] {subprocess.py:93} INFO - 25/06/18 06:46:09 INFO Executor: Starting executor ID driver on host 44e8895ba14c
[2025-06-18T06:46:09.896+0000] {subprocess.py:93} INFO - 25/06/18 06:46:09 INFO Executor: OS info Linux, 6.6.87.1-microsoft-standard-WSL2, amd64
[2025-06-18T06:46:09.903+0000] {subprocess.py:93} INFO - 25/06/18 06:46:09 INFO Executor: Java version 17.0.15
[2025-06-18T06:46:09.921+0000] {subprocess.py:93} INFO - 25/06/18 06:46:09 INFO Executor: Starting executor with user classpath (userClassPathFirst = false): ''
[2025-06-18T06:46:09.923+0000] {subprocess.py:93} INFO - 25/06/18 06:46:09 INFO Executor: Created or updated repl class loader org.apache.spark.util.MutableURLClassLoader@2f4a2a57 for default.
[2025-06-18T06:46:10.038+0000] {subprocess.py:93} INFO - 25/06/18 06:46:10 INFO Utils: Successfully started service 'org.apache.spark.network.netty.NettyBlockTransferService' on port 43115.
[2025-06-18T06:46:10.040+0000] {subprocess.py:93} INFO - 25/06/18 06:46:10 INFO NettyBlockTransferService: Server created on 44e8895ba14c:43115
[2025-06-18T06:46:10.053+0000] {subprocess.py:93} INFO - 25/06/18 06:46:10 INFO BlockManager: Using org.apache.spark.storage.RandomBlockReplicationPolicy for block replication policy
[2025-06-18T06:46:10.077+0000] {subprocess.py:93} INFO - 25/06/18 06:46:10 INFO BlockManagerMaster: Registering BlockManager BlockManagerId(driver, 44e8895ba14c, 43115, None)
[2025-06-18T06:46:10.091+0000] {subprocess.py:93} INFO - 25/06/18 06:46:10 INFO BlockManagerMasterEndpoint: Registering block manager 44e8895ba14c:43115 with 434.4 MiB RAM, BlockManagerId(driver, 44e8895ba14c, 43115, None)
[2025-06-18T06:46:10.107+0000] {subprocess.py:93} INFO - 25/06/18 06:46:10 INFO BlockManagerMaster: Registered BlockManager BlockManagerId(driver, 44e8895ba14c, 43115, None)
[2025-06-18T06:46:10.108+0000] {subprocess.py:93} INFO - 25/06/18 06:46:10 INFO BlockManager: Initialized BlockManager: BlockManagerId(driver, 44e8895ba14c, 43115, None)
[2025-06-18T06:46:12.259+0000] {subprocess.py:93} INFO - 25/06/18 06:46:12 INFO SharedState: Setting hive.metastore.warehouse.dir ('null') to the value of spark.sql.warehouse.dir.
[2025-06-18T06:46:12.276+0000] {subprocess.py:93} INFO - 25/06/18 06:46:12 INFO SharedState: Warehouse path is 'file:/tmp/***tmppydci6ll/spark-warehouse'.
[2025-06-18T06:46:16.817+0000] {subprocess.py:93} INFO - 25/06/18 06:46:16 INFO InMemoryFileIndex: It took 190 ms to list leaf files for 1 paths.
[2025-06-18T06:46:18.271+0000] {subprocess.py:93} INFO - 25/06/18 06:46:18 INFO SparkContext: Starting job: parquet at NativeMethodAccessorImpl.java:0
[2025-06-18T06:46:18.308+0000] {subprocess.py:93} INFO - 25/06/18 06:46:18 INFO DAGScheduler: Got job 0 (parquet at NativeMethodAccessorImpl.java:0) with 1 output partitions
[2025-06-18T06:46:18.310+0000] {subprocess.py:93} INFO - 25/06/18 06:46:18 INFO DAGScheduler: Final stage: ResultStage 0 (parquet at NativeMethodAccessorImpl.java:0)
[2025-06-18T06:46:18.312+0000] {subprocess.py:93} INFO - 25/06/18 06:46:18 INFO DAGScheduler: Parents of final stage: List()
[2025-06-18T06:46:18.314+0000] {subprocess.py:93} INFO - 25/06/18 06:46:18 INFO DAGScheduler: Missing parents: List()
[2025-06-18T06:46:18.325+0000] {subprocess.py:93} INFO - 25/06/18 06:46:18 INFO DAGScheduler: Submitting ResultStage 0 (MapPartitionsRDD[1] at parquet at NativeMethodAccessorImpl.java:0), which has no missing parents
[2025-06-18T06:46:18.478+0000] {subprocess.py:93} INFO - 25/06/18 06:46:18 INFO MemoryStore: Block broadcast_0 stored as values in memory (estimated size 103.3 KiB, free 434.3 MiB)
[2025-06-18T06:46:18.569+0000] {subprocess.py:93} INFO - 25/06/18 06:46:18 INFO MemoryStore: Block broadcast_0_piece0 stored as bytes in memory (estimated size 37.2 KiB, free 434.3 MiB)
[2025-06-18T06:46:18.576+0000] {subprocess.py:93} INFO - 25/06/18 06:46:18 INFO BlockManagerInfo: Added broadcast_0_piece0 in memory on 44e8895ba14c:43115 (size: 37.2 KiB, free: 434.4 MiB)
[2025-06-18T06:46:18.583+0000] {subprocess.py:93} INFO - 25/06/18 06:46:18 INFO SparkContext: Created broadcast 0 from broadcast at DAGScheduler.scala:1585
[2025-06-18T06:46:18.620+0000] {subprocess.py:93} INFO - 25/06/18 06:46:18 INFO DAGScheduler: Submitting 1 missing tasks from ResultStage 0 (MapPartitionsRDD[1] at parquet at NativeMethodAccessorImpl.java:0) (first 15 tasks are for partitions Vector(0))
[2025-06-18T06:46:18.622+0000] {subprocess.py:93} INFO - 25/06/18 06:46:18 INFO TaskSchedulerImpl: Adding task set 0.0 with 1 tasks resource profile 0
[2025-06-18T06:46:18.755+0000] {subprocess.py:93} INFO - 25/06/18 06:46:18 INFO TaskSetManager: Starting task 0.0 in stage 0.0 (TID 0) (44e8895ba14c, executor driver, partition 0, PROCESS_LOCAL, 7817 bytes)
[2025-06-18T06:46:18.811+0000] {subprocess.py:93} INFO - 25/06/18 06:46:18 INFO Executor: Running task 0.0 in stage 0.0 (TID 0)
[2025-06-18T06:46:19.533+0000] {subprocess.py:93} INFO - 25/06/18 06:46:19 INFO Executor: Finished task 0.0 in stage 0.0 (TID 0). 2012 bytes result sent to driver
[2025-06-18T06:46:19.552+0000] {subprocess.py:93} INFO - 25/06/18 06:46:19 INFO TaskSetManager: Finished task 0.0 in stage 0.0 (TID 0) in 860 ms on 44e8895ba14c (executor driver) (1/1)
[2025-06-18T06:46:19.555+0000] {subprocess.py:93} INFO - 25/06/18 06:46:19 INFO TaskSchedulerImpl: Removed TaskSet 0.0, whose tasks have all completed, from pool
[2025-06-18T06:46:19.563+0000] {subprocess.py:93} INFO - 25/06/18 06:46:19 INFO DAGScheduler: ResultStage 0 (parquet at NativeMethodAccessorImpl.java:0) finished in 1.204 s
[2025-06-18T06:46:19.567+0000] {subprocess.py:93} INFO - 25/06/18 06:46:19 INFO DAGScheduler: Job 0 is finished. Cancelling potential speculative or zombie tasks for this job
[2025-06-18T06:46:19.568+0000] {subprocess.py:93} INFO - 25/06/18 06:46:19 INFO TaskSchedulerImpl: Killing all running tasks in stage 0: Stage finished
[2025-06-18T06:46:19.570+0000] {subprocess.py:93} INFO - 25/06/18 06:46:19 INFO DAGScheduler: Job 0 finished: parquet at NativeMethodAccessorImpl.java:0, took 1.297406 s
[2025-06-18T06:46:21.424+0000] {subprocess.py:93} INFO - 25/06/18 06:46:21 INFO BlockManagerInfo: Removed broadcast_0_piece0 on 44e8895ba14c:43115 in memory (size: 37.2 KiB, free: 434.4 MiB)
[2025-06-18T06:46:21.718+0000] {subprocess.py:93} INFO - 25/06/18 06:46:21 INFO InMemoryFileIndex: It took 21 ms to list leaf files for 1 paths.
[2025-06-18T06:46:23.029+0000] {subprocess.py:93} INFO - 25/06/18 06:46:23 INFO FileSourceStrategy: Pushed Filters:
[2025-06-18T06:46:23.031+0000] {subprocess.py:93} INFO - 25/06/18 06:46:23 INFO FileSourceStrategy: Post-Scan Filters:
[2025-06-18T06:46:23.060+0000] {subprocess.py:93} INFO - 25/06/18 06:46:23 INFO FileSourceStrategy: Pushed Filters: IsNotNull(email)
[2025-06-18T06:46:23.071+0000] {subprocess.py:93} INFO - 25/06/18 06:46:23 INFO FileSourceStrategy: Post-Scan Filters: isnotnull(email#20)
[2025-06-18T06:46:24.037+0000] {subprocess.py:93} INFO - 25/06/18 06:46:24 INFO CodeGenerator: Code generated in 451.372997 ms
[2025-06-18T06:46:24.079+0000] {subprocess.py:93} INFO - 25/06/18 06:46:24 INFO MemoryStore: Block broadcast_1 stored as values in memory (estimated size 199.2 KiB, free 434.2 MiB)
[2025-06-18T06:46:24.093+0000] {subprocess.py:93} INFO - 25/06/18 06:46:24 INFO MemoryStore: Block broadcast_1_piece0 stored as bytes in memory (estimated size 34.2 KiB, free 434.2 MiB)
[2025-06-18T06:46:24.095+0000] {subprocess.py:93} INFO - 25/06/18 06:46:24 INFO BlockManagerInfo: Added broadcast_1_piece0 in memory on 44e8895ba14c:43115 (size: 34.2 KiB, free: 434.4 MiB)
[2025-06-18T06:46:24.100+0000] {subprocess.py:93} INFO - 25/06/18 06:46:24 INFO SparkContext: Created broadcast 1 from $anonfun$withThreadLocalCaptured$1 at FutureTask.java:264
[2025-06-18T06:46:24.162+0000] {subprocess.py:93} INFO - 25/06/18 06:46:24 INFO FileSourceScanExec: Planning scan with bin packing, max size: 5699592 bytes, open cost is considered as scanning 4194304 bytes.
[2025-06-18T06:46:24.444+0000] {subprocess.py:93} INFO - 25/06/18 06:46:24 INFO SparkContext: Starting job: $anonfun$withThreadLocalCaptured$1 at FutureTask.java:264
[2025-06-18T06:46:24.458+0000] {subprocess.py:93} INFO - 25/06/18 06:46:24 INFO DAGScheduler: Got job 1 ($anonfun$withThreadLocalCaptured$1 at FutureTask.java:264) with 2 output partitions
[2025-06-18T06:46:24.459+0000] {subprocess.py:93} INFO - 25/06/18 06:46:24 INFO DAGScheduler: Final stage: ResultStage 1 ($anonfun$withThreadLocalCaptured$1 at FutureTask.java:264)
[2025-06-18T06:46:24.463+0000] {subprocess.py:93} INFO - 25/06/18 06:46:24 INFO DAGScheduler: Parents of final stage: List()
[2025-06-18T06:46:24.470+0000] {subprocess.py:93} INFO - 25/06/18 06:46:24 INFO DAGScheduler: Missing parents: List()
[2025-06-18T06:46:24.471+0000] {subprocess.py:93} INFO - 25/06/18 06:46:24 INFO DAGScheduler: Submitting ResultStage 1 (MapPartitionsRDD[5] at $anonfun$withThreadLocalCaptured$1 at FutureTask.java:264), which has no missing parents
[2025-06-18T06:46:24.508+0000] {subprocess.py:93} INFO - 25/06/18 06:46:24 INFO MemoryStore: Block broadcast_2 stored as values in memory (estimated size 16.7 KiB, free 434.2 MiB)
[2025-06-18T06:46:24.543+0000] {subprocess.py:93} INFO - 25/06/18 06:46:24 INFO MemoryStore: Block broadcast_2_piece0 stored as bytes in memory (estimated size 7.8 KiB, free 434.1 MiB)
[2025-06-18T06:46:24.552+0000] {subprocess.py:93} INFO - 25/06/18 06:46:24 INFO BlockManagerInfo: Added broadcast_2_piece0 in memory on 44e8895ba14c:43115 (size: 7.8 KiB, free: 434.4 MiB)
[2025-06-18T06:46:24.558+0000] {subprocess.py:93} INFO - 25/06/18 06:46:24 INFO SparkContext: Created broadcast 2 from broadcast at DAGScheduler.scala:1585
[2025-06-18T06:46:24.570+0000] {subprocess.py:93} INFO - 25/06/18 06:46:24 INFO DAGScheduler: Submitting 2 missing tasks from ResultStage 1 (MapPartitionsRDD[5] at $anonfun$withThreadLocalCaptured$1 at FutureTask.java:264) (first 15 tasks are for partitions Vector(0, 1))
[2025-06-18T06:46:24.571+0000] {subprocess.py:93} INFO - 25/06/18 06:46:24 INFO TaskSchedulerImpl: Adding task set 1.0 with 2 tasks resource profile 0
[2025-06-18T06:46:24.584+0000] {subprocess.py:93} INFO - 25/06/18 06:46:24 INFO TaskSetManager: Starting task 0.0 in stage 1.0 (TID 1) (44e8895ba14c, executor driver, partition 0, PROCESS_LOCAL, 8239 bytes)
[2025-06-18T06:46:24.594+0000] {subprocess.py:93} INFO - 25/06/18 06:46:24 INFO TaskSetManager: Starting task 1.0 in stage 1.0 (TID 2) (44e8895ba14c, executor driver, partition 1, PROCESS_LOCAL, 8239 bytes)
[2025-06-18T06:46:24.595+0000] {subprocess.py:93} INFO - 25/06/18 06:46:24 INFO Executor: Running task 0.0 in stage 1.0 (TID 1)
[2025-06-18T06:46:24.598+0000] {subprocess.py:93} INFO - 25/06/18 06:46:24 INFO Executor: Running task 1.0 in stage 1.0 (TID 2)
[2025-06-18T06:46:24.880+0000] {subprocess.py:93} INFO - 25/06/18 06:46:24 INFO CodeGenerator: Code generated in 110.766687 ms
[2025-06-18T06:46:24.894+0000] {subprocess.py:93} INFO - 25/06/18 06:46:24 INFO FileScanRDD: Reading File path: file:///opt/***/data/raw/user_profiles/user_profiles.json, range: 5699592-7204881, partition values: [empty row]
[2025-06-18T06:46:24.895+0000] {subprocess.py:93} INFO - 25/06/18 06:46:24 INFO FileScanRDD: Reading File path: file:///opt/***/data/raw/user_profiles/user_profiles.json, range: 0-5699592, partition values: [empty row]
[2025-06-18T06:46:24.969+0000] {subprocess.py:93} INFO - 25/06/18 06:46:24 INFO CodeGenerator: Code generated in 56.17889 ms
[2025-06-18T06:46:25.016+0000] {subprocess.py:93} INFO - 25/06/18 06:46:25 INFO CodeGenerator: Code generated in 8.673045 ms
[2025-06-18T06:46:26.740+0000] {subprocess.py:93} INFO - 25/06/18 06:46:26 INFO Executor: Finished task 1.0 in stage 1.0 (TID 2). 428462 bytes result sent to driver
[2025-06-18T06:46:26.782+0000] {subprocess.py:93} INFO - 25/06/18 06:46:26 INFO TaskSetManager: Finished task 1.0 in stage 1.0 (TID 2) in 2190 ms on 44e8895ba14c (executor driver) (1/2)
[2025-06-18T06:46:28.422+0000] {subprocess.py:93} INFO - 25/06/18 06:46:28 INFO MemoryStore: Block taskresult_1 stored as bytes in memory (estimated size 1564.7 KiB, free 432.6 MiB)
[2025-06-18T06:46:28.429+0000] {subprocess.py:93} INFO - 25/06/18 06:46:28 INFO BlockManagerInfo: Added taskresult_1 in memory on 44e8895ba14c:43115 (size: 1564.7 KiB, free: 432.8 MiB)
[2025-06-18T06:46:28.439+0000] {subprocess.py:93} INFO - 25/06/18 06:46:28 INFO Executor: Finished task 0.0 in stage 1.0 (TID 1). 1602224 bytes result sent via BlockManager)
[2025-06-18T06:46:28.587+0000] {subprocess.py:93} INFO - 25/06/18 06:46:28 INFO TransportClientFactory: Successfully created connection to 44e8895ba14c/172.18.0.4:43115 after 80 ms (0 ms spent in bootstraps)
[2025-06-18T06:46:28.812+0000] {subprocess.py:93} INFO - 25/06/18 06:46:28 INFO TaskSetManager: Finished task 0.0 in stage 1.0 (TID 1) in 4243 ms on 44e8895ba14c (executor driver) (2/2)
[2025-06-18T06:46:28.815+0000] {subprocess.py:93} INFO - 25/06/18 06:46:28 INFO DAGScheduler: ResultStage 1 ($anonfun$withThreadLocalCaptured$1 at FutureTask.java:264) finished in 4.322 s
[2025-06-18T06:46:28.818+0000] {subprocess.py:93} INFO - 25/06/18 06:46:28 INFO DAGScheduler: Job 1 is finished. Cancelling potential speculative or zombie tasks for this job
[2025-06-18T06:46:28.826+0000] {subprocess.py:93} INFO - 25/06/18 06:46:28 INFO TaskSchedulerImpl: Removed TaskSet 1.0, whose tasks have all completed, from pool
[2025-06-18T06:46:28.827+0000] {subprocess.py:93} INFO - 25/06/18 06:46:28 INFO TaskSchedulerImpl: Killing all running tasks in stage 1: Stage finished
[2025-06-18T06:46:28.830+0000] {subprocess.py:93} INFO - 25/06/18 06:46:28 INFO BlockManagerInfo: Removed taskresult_1 on 44e8895ba14c:43115 in memory (size: 1564.7 KiB, free: 434.4 MiB)
[2025-06-18T06:46:28.832+0000] {subprocess.py:93} INFO - 25/06/18 06:46:28 INFO DAGScheduler: Job 1 finished: $anonfun$withThreadLocalCaptured$1 at FutureTask.java:264, took 4.377982 s
[2025-06-18T06:46:28.934+0000] {subprocess.py:93} INFO - 25/06/18 06:46:28 INFO CodeGenerator: Code generated in 36.920368 ms
[2025-06-18T06:46:28.991+0000] {subprocess.py:93} INFO - 25/06/18 06:46:28 INFO BlockManagerInfo: Removed broadcast_2_piece0 on 44e8895ba14c:43115 in memory (size: 7.8 KiB, free: 434.4 MiB)
[2025-06-18T06:46:29.195+0000] {subprocess.py:93} INFO - 25/06/18 06:46:29 INFO MemoryStore: Block broadcast_3 stored as values in memory (estimated size 10.0 MiB, free 424.2 MiB)
[2025-06-18T06:46:29.313+0000] {subprocess.py:93} INFO - 25/06/18 06:46:29 INFO MemoryStore: Block broadcast_3_piece0 stored as bytes in memory (estimated size 2.6 MiB, free 421.6 MiB)
[2025-06-18T06:46:29.321+0000] {subprocess.py:93} INFO - 25/06/18 06:46:29 INFO BlockManagerInfo: Added broadcast_3_piece0 in memory on 44e8895ba14c:43115 (size: 2.6 MiB, free: 431.8 MiB)
[2025-06-18T06:46:29.329+0000] {subprocess.py:93} INFO - 25/06/18 06:46:29 INFO SparkContext: Created broadcast 3 from $anonfun$withThreadLocalCaptured$1 at FutureTask.java:264
[2025-06-18T06:46:29.399+0000] {subprocess.py:93} INFO - 25/06/18 06:46:29 INFO FileSourceStrategy: Pushed Filters:
[2025-06-18T06:46:29.402+0000] {subprocess.py:93} INFO - 25/06/18 06:46:29 INFO FileSourceStrategy: Post-Scan Filters:
[2025-06-18T06:46:29.611+0000] {subprocess.py:93} INFO - 25/06/18 06:46:29 INFO ParquetUtils: Using default output committer for Parquet: org.apache.parquet.hadoop.ParquetOutputCommitter
[2025-06-18T06:46:29.643+0000] {subprocess.py:93} INFO - 25/06/18 06:46:29 INFO FileOutputCommitter: File Output Committer Algorithm version is 1
[2025-06-18T06:46:29.646+0000] {subprocess.py:93} INFO - 25/06/18 06:46:29 INFO FileOutputCommitter: FileOutputCommitter skip cleanup _temporary folders under output directory:false, ignore cleanup failures: false
[2025-06-18T06:46:29.648+0000] {subprocess.py:93} INFO - 25/06/18 06:46:29 INFO SQLHadoopMapReduceCommitProtocol: Using user defined output committer class org.apache.parquet.hadoop.ParquetOutputCommitter
[2025-06-18T06:46:29.654+0000] {subprocess.py:93} INFO - 25/06/18 06:46:29 INFO FileOutputCommitter: File Output Committer Algorithm version is 1
[2025-06-18T06:46:29.654+0000] {subprocess.py:93} INFO - 25/06/18 06:46:29 INFO FileOutputCommitter: FileOutputCommitter skip cleanup _temporary folders under output directory:false, ignore cleanup failures: false
[2025-06-18T06:46:29.656+0000] {subprocess.py:93} INFO - 25/06/18 06:46:29 INFO SQLHadoopMapReduceCommitProtocol: Using output committer class org.apache.parquet.hadoop.ParquetOutputCommitter
[2025-06-18T06:46:29.945+0000] {subprocess.py:93} INFO - 25/06/18 06:46:29 INFO CodeGenerator: Code generated in 141.767336 ms
[2025-06-18T06:46:29.974+0000] {subprocess.py:93} INFO - 25/06/18 06:46:29 INFO MemoryStore: Block broadcast_4 stored as values in memory (estimated size 201.5 KiB, free 421.4 MiB)
[2025-06-18T06:46:30.018+0000] {subprocess.py:93} INFO - 25/06/18 06:46:30 INFO MemoryStore: Block broadcast_4_piece0 stored as bytes in memory (estimated size 35.1 KiB, free 421.3 MiB)
[2025-06-18T06:46:30.025+0000] {subprocess.py:93} INFO - 25/06/18 06:46:30 INFO BlockManagerInfo: Added broadcast_4_piece0 in memory on 44e8895ba14c:43115 (size: 35.1 KiB, free: 431.7 MiB)
[2025-06-18T06:46:30.034+0000] {subprocess.py:93} INFO - 25/06/18 06:46:30 INFO SparkContext: Created broadcast 4 from parquet at NativeMethodAccessorImpl.java:0
[2025-06-18T06:46:30.039+0000] {subprocess.py:93} INFO - 25/06/18 06:46:30 INFO FileSourceScanExec: Planning scan with bin packing, max size: 4630546 bytes, open cost is considered as scanning 4194304 bytes.
[2025-06-18T06:46:30.064+0000] {subprocess.py:93} INFO - 25/06/18 06:46:30 INFO SparkContext: Starting job: parquet at NativeMethodAccessorImpl.java:0
[2025-06-18T06:46:30.067+0000] {subprocess.py:93} INFO - 25/06/18 06:46:30 INFO DAGScheduler: Got job 2 (parquet at NativeMethodAccessorImpl.java:0) with 2 output partitions
[2025-06-18T06:46:30.070+0000] {subprocess.py:93} INFO - 25/06/18 06:46:30 INFO DAGScheduler: Final stage: ResultStage 2 (parquet at NativeMethodAccessorImpl.java:0)
[2025-06-18T06:46:30.071+0000] {subprocess.py:93} INFO - 25/06/18 06:46:30 INFO DAGScheduler: Parents of final stage: List()
[2025-06-18T06:46:30.072+0000] {subprocess.py:93} INFO - 25/06/18 06:46:30 INFO DAGScheduler: Missing parents: List()
[2025-06-18T06:46:30.074+0000] {subprocess.py:93} INFO - 25/06/18 06:46:30 INFO DAGScheduler: Submitting ResultStage 2 (MapPartitionsRDD[9] at parquet at NativeMethodAccessorImpl.java:0), which has no missing parents
[2025-06-18T06:46:30.190+0000] {subprocess.py:93} INFO - 25/06/18 06:46:30 INFO MemoryStore: Block broadcast_5 stored as values in memory (estimated size 222.3 KiB, free 421.1 MiB)
[2025-06-18T06:46:30.342+0000] {subprocess.py:93} INFO - 25/06/18 06:46:30 INFO MemoryStore: Block broadcast_5_piece0 stored as bytes in memory (estimated size 78.9 KiB, free 421.0 MiB)
[2025-06-18T06:46:30.349+0000] {subprocess.py:93} INFO - 25/06/18 06:46:30 INFO BlockManagerInfo: Added broadcast_5_piece0 in memory on 44e8895ba14c:43115 (size: 78.9 KiB, free: 431.7 MiB)
[2025-06-18T06:46:30.356+0000] {subprocess.py:93} INFO - 25/06/18 06:46:30 INFO SparkContext: Created broadcast 5 from broadcast at DAGScheduler.scala:1585
[2025-06-18T06:46:30.365+0000] {subprocess.py:93} INFO - 25/06/18 06:46:30 INFO DAGScheduler: Submitting 2 missing tasks from ResultStage 2 (MapPartitionsRDD[9] at parquet at NativeMethodAccessorImpl.java:0) (first 15 tasks are for partitions Vector(0, 1))
[2025-06-18T06:46:30.368+0000] {subprocess.py:93} INFO - 25/06/18 06:46:30 INFO TaskSchedulerImpl: Adding task set 2.0 with 2 tasks resource profile 0
[2025-06-18T06:46:30.502+0000] {subprocess.py:93} INFO - 25/06/18 06:46:30 INFO TaskSetManager: Starting task 0.0 in stage 2.0 (TID 3) (44e8895ba14c, executor driver, partition 0, PROCESS_LOCAL, 8287 bytes)
[2025-06-18T06:46:30.528+0000] {subprocess.py:93} INFO - 25/06/18 06:46:30 INFO TaskSetManager: Starting task 1.0 in stage 2.0 (TID 4) (44e8895ba14c, executor driver, partition 1, PROCESS_LOCAL, 8287 bytes)
[2025-06-18T06:46:30.534+0000] {subprocess.py:93} INFO - 25/06/18 06:46:30 INFO Executor: Running task 1.0 in stage 2.0 (TID 4)
[2025-06-18T06:46:30.535+0000] {subprocess.py:93} INFO - 25/06/18 06:46:30 INFO Executor: Running task 0.0 in stage 2.0 (TID 3)
[2025-06-18T06:46:31.500+0000] {subprocess.py:93} INFO - 25/06/18 06:46:31 INFO CodeGenerator: Code generated in 320.257806 ms
[2025-06-18T06:46:31.532+0000] {subprocess.py:93} INFO - 25/06/18 06:46:31 INFO FileOutputCommitter: File Output Committer Algorithm version is 1
[2025-06-18T06:46:31.534+0000] {subprocess.py:93} INFO - 25/06/18 06:46:31 INFO FileOutputCommitter: FileOutputCommitter skip cleanup _temporary folders under output directory:false, ignore cleanup failures: false
[2025-06-18T06:46:31.549+0000] {subprocess.py:93} INFO - 25/06/18 06:46:31 INFO SQLHadoopMapReduceCommitProtocol: Using user defined output committer class org.apache.parquet.hadoop.ParquetOutputCommitter
[2025-06-18T06:46:31.553+0000] {subprocess.py:93} INFO - 25/06/18 06:46:31 INFO FileOutputCommitter: File Output Committer Algorithm version is 1
[2025-06-18T06:46:31.583+0000] {subprocess.py:93} INFO - 25/06/18 06:46:31 INFO FileOutputCommitter: FileOutputCommitter skip cleanup _temporary folders under output directory:false, ignore cleanup failures: false
[2025-06-18T06:46:31.587+0000] {subprocess.py:93} INFO - 25/06/18 06:46:31 INFO FileOutputCommitter: File Output Committer Algorithm version is 1
[2025-06-18T06:46:31.595+0000] {subprocess.py:93} INFO - 25/06/18 06:46:31 INFO SQLHadoopMapReduceCommitProtocol: Using user defined output committer class org.apache.parquet.hadoop.ParquetOutputCommitter
[2025-06-18T06:46:31.598+0000] {subprocess.py:93} INFO - 25/06/18 06:46:31 INFO FileOutputCommitter: File Output Committer Algorithm version is 1
[2025-06-18T06:46:31.600+0000] {subprocess.py:93} INFO - 25/06/18 06:46:31 INFO FileOutputCommitter: FileOutputCommitter skip cleanup _temporary folders under output directory:false, ignore cleanup failures: false
[2025-06-18T06:46:31.602+0000] {subprocess.py:93} INFO - 25/06/18 06:46:31 INFO FileOutputCommitter: FileOutputCommitter skip cleanup _temporary folders under output directory:false, ignore cleanup failures: false
[2025-06-18T06:46:31.606+0000] {subprocess.py:93} INFO - 25/06/18 06:46:31 INFO SQLHadoopMapReduceCommitProtocol: Using output committer class org.apache.parquet.hadoop.ParquetOutputCommitter
[2025-06-18T06:46:31.609+0000] {subprocess.py:93} INFO - 25/06/18 06:46:31 INFO SQLHadoopMapReduceCommitProtocol: Using output committer class org.apache.parquet.hadoop.ParquetOutputCommitter
[2025-06-18T06:46:31.611+0000] {subprocess.py:93} INFO - 25/06/18 06:46:31 INFO FileScanRDD: Reading File path: file:///opt/***/data/silver/customers/part-00000-cc12e6ae-8213-4aa2-915c-0ffd4612089d-c000.snappy.parquet, range: 0-433702, partition values: [empty row]
[2025-06-18T06:46:31.618+0000] {subprocess.py:93} INFO - 25/06/18 06:46:31 INFO CodecConfig: Compression: SNAPPY
[2025-06-18T06:46:31.631+0000] {subprocess.py:93} INFO - 25/06/18 06:46:31 INFO CodecConfig: Compression: SNAPPY
[2025-06-18T06:46:31.727+0000] {subprocess.py:93} INFO - 25/06/18 06:46:31 INFO ParquetOutputFormat: ParquetRecordWriter [block size: 134217728b, row group padding size: 8388608b, validating: false]
[2025-06-18T06:46:31.827+0000] {subprocess.py:93} INFO - 25/06/18 06:46:31 INFO ParquetWriteSupport: Initialized Parquet WriteSupport with Catalyst schema:
[2025-06-18T06:46:31.828+0000] {subprocess.py:93} INFO - {
[2025-06-18T06:46:31.833+0000] {subprocess.py:93} INFO -   "type" : "struct",
[2025-06-18T06:46:31.834+0000] {subprocess.py:93} INFO -   "fields" : [ {
[2025-06-18T06:46:31.835+0000] {subprocess.py:93} INFO -     "name" : "client_id",
[2025-06-18T06:46:31.838+0000] {subprocess.py:93} INFO -     "type" : "integer",
[2025-06-18T06:46:31.839+0000] {subprocess.py:93} INFO -     "nullable" : true,
[2025-06-18T06:46:31.840+0000] {subprocess.py:93} INFO -     "metadata" : { }
[2025-06-18T06:46:31.840+0000] {subprocess.py:93} INFO -   }, {
[2025-06-18T06:46:31.841+0000] {subprocess.py:93} INFO -     "name" : "first_name",
[2025-06-18T06:46:31.842+0000] {subprocess.py:93} INFO -     "type" : "string",
[2025-06-18T06:46:31.842+0000] {subprocess.py:93} INFO -     "nullable" : true,
[2025-06-18T06:46:31.843+0000] {subprocess.py:93} INFO -     "metadata" : { }
[2025-06-18T06:46:31.845+0000] {subprocess.py:93} INFO -   }, {
[2025-06-18T06:46:31.846+0000] {subprocess.py:93} INFO -     "name" : "last_name",
[2025-06-18T06:46:31.847+0000] {subprocess.py:93} INFO -     "type" : "string",
[2025-06-18T06:46:31.848+0000] {subprocess.py:93} INFO -     "nullable" : true,
[2025-06-18T06:46:31.849+0000] {subprocess.py:93} INFO -     "metadata" : { }
[2025-06-18T06:46:31.850+0000] {subprocess.py:93} INFO -   }, {
[2025-06-18T06:46:31.850+0000] {subprocess.py:93} INFO -     "name" : "email",
[2025-06-18T06:46:31.851+0000] {subprocess.py:93} INFO -     "type" : "string",
[2025-06-18T06:46:31.852+0000] {subprocess.py:93} INFO -     "nullable" : true,
[2025-06-18T06:46:31.855+0000] {subprocess.py:93} INFO -     "metadata" : { }
[2025-06-18T06:46:31.857+0000] {subprocess.py:93} INFO -   }, {
[2025-06-18T06:46:31.860+0000] {subprocess.py:93} INFO -     "name" : "registration_date",
[2025-06-18T06:46:31.866+0000] {subprocess.py:93} INFO -     "type" : "date",
[2025-06-18T06:46:31.867+0000] {subprocess.py:93} INFO -     "nullable" : true,
[2025-06-18T06:46:31.869+0000] {subprocess.py:93} INFO -     "metadata" : { }
[2025-06-18T06:46:31.875+0000] {subprocess.py:93} INFO -   }, {
[2025-06-18T06:46:31.876+0000] {subprocess.py:93} INFO -     "name" : "state",
[2025-06-18T06:46:31.882+0000] {subprocess.py:93} INFO -     "type" : "string",
[2025-06-18T06:46:31.883+0000] {subprocess.py:93} INFO -     "nullable" : true,
[2025-06-18T06:46:31.885+0000] {subprocess.py:93} INFO -     "metadata" : { }
[2025-06-18T06:46:31.890+0000] {subprocess.py:93} INFO -   } ]
[2025-06-18T06:46:31.892+0000] {subprocess.py:93} INFO - }
[2025-06-18T06:46:31.894+0000] {subprocess.py:93} INFO - and corresponding Parquet message type:
[2025-06-18T06:46:31.895+0000] {subprocess.py:93} INFO - message spark_schema {
[2025-06-18T06:46:31.896+0000] {subprocess.py:93} INFO -   optional int32 client_id;
[2025-06-18T06:46:31.897+0000] {subprocess.py:93} INFO -   optional binary first_name (STRING);
[2025-06-18T06:46:31.899+0000] {subprocess.py:93} INFO -   optional binary last_name (STRING);
[2025-06-18T06:46:31.899+0000] {subprocess.py:93} INFO -   optional binary email (STRING);
[2025-06-18T06:46:31.900+0000] {subprocess.py:93} INFO -   optional int32 registration_date (DATE);
[2025-06-18T06:46:31.901+0000] {subprocess.py:93} INFO -   optional binary state (STRING);
[2025-06-18T06:46:31.902+0000] {subprocess.py:93} INFO - }
[2025-06-18T06:46:31.906+0000] {subprocess.py:93} INFO - 
[2025-06-18T06:46:31.906+0000] {subprocess.py:93} INFO - 
[2025-06-18T06:46:32.195+0000] {subprocess.py:93} INFO - 25/06/18 06:46:32 INFO CodecPool: Got brand-new compressor [.snappy]
[2025-06-18T06:46:32.265+0000] {subprocess.py:93} INFO - 25/06/18 06:46:32 INFO CodecPool: Got brand-new decompressor [.snappy]
[2025-06-18T06:46:32.717+0000] {subprocess.py:93} INFO - 25/06/18 06:46:32 INFO FileScanRDD: Reading File path: file:///opt/***/data/silver/customers/part-00001-cc12e6ae-8213-4aa2-915c-0ffd4612089d-c000.snappy.parquet, range: 0-438782, partition values: [empty row]
[2025-06-18T06:46:32.778+0000] {subprocess.py:93} INFO - 25/06/18 06:46:32 INFO CodecConfig: Compression: SNAPPY
[2025-06-18T06:46:32.779+0000] {subprocess.py:93} INFO - 25/06/18 06:46:32 INFO CodecConfig: Compression: SNAPPY
[2025-06-18T06:46:32.780+0000] {subprocess.py:93} INFO - 25/06/18 06:46:32 INFO ParquetOutputFormat: ParquetRecordWriter [block size: 134217728b, row group padding size: 8388608b, validating: false]
[2025-06-18T06:46:32.790+0000] {subprocess.py:93} INFO - 25/06/18 06:46:32 INFO ParquetWriteSupport: Initialized Parquet WriteSupport with Catalyst schema:
[2025-06-18T06:46:32.792+0000] {subprocess.py:93} INFO - {
[2025-06-18T06:46:32.794+0000] {subprocess.py:93} INFO -   "type" : "struct",
[2025-06-18T06:46:32.796+0000] {subprocess.py:93} INFO -   "fields" : [ {
[2025-06-18T06:46:32.798+0000] {subprocess.py:93} INFO -     "name" : "client_id",
[2025-06-18T06:46:32.800+0000] {subprocess.py:93} INFO -     "type" : "integer",
[2025-06-18T06:46:32.802+0000] {subprocess.py:93} INFO -     "nullable" : true,
[2025-06-18T06:46:32.805+0000] {subprocess.py:93} INFO -     "metadata" : { }
[2025-06-18T06:46:32.811+0000] {subprocess.py:93} INFO -   }, {
[2025-06-18T06:46:32.812+0000] {subprocess.py:93} INFO -     "name" : "first_name",
[2025-06-18T06:46:32.817+0000] {subprocess.py:93} INFO -     "type" : "string",
[2025-06-18T06:46:32.819+0000] {subprocess.py:93} INFO -     "nullable" : true,
[2025-06-18T06:46:32.821+0000] {subprocess.py:93} INFO -     "metadata" : { }
[2025-06-18T06:46:32.826+0000] {subprocess.py:93} INFO -   }, {
[2025-06-18T06:46:32.827+0000] {subprocess.py:93} INFO -     "name" : "last_name",
[2025-06-18T06:46:32.828+0000] {subprocess.py:93} INFO -     "type" : "string",
[2025-06-18T06:46:32.831+0000] {subprocess.py:93} INFO -     "nullable" : true,
[2025-06-18T06:46:32.834+0000] {subprocess.py:93} INFO -     "metadata" : { }
[2025-06-18T06:46:32.835+0000] {subprocess.py:93} INFO -   }, {
[2025-06-18T06:46:32.840+0000] {subprocess.py:93} INFO -     "name" : "email",
[2025-06-18T06:46:32.841+0000] {subprocess.py:93} INFO -     "type" : "string",
[2025-06-18T06:46:32.842+0000] {subprocess.py:93} INFO -     "nullable" : true,
[2025-06-18T06:46:32.843+0000] {subprocess.py:93} INFO -     "metadata" : { }
[2025-06-18T06:46:32.843+0000] {subprocess.py:93} INFO -   }, {
[2025-06-18T06:46:32.846+0000] {subprocess.py:93} INFO -     "name" : "registration_date",
[2025-06-18T06:46:32.848+0000] {subprocess.py:93} INFO -     "type" : "date",
[2025-06-18T06:46:32.849+0000] {subprocess.py:93} INFO -     "nullable" : true,
[2025-06-18T06:46:32.850+0000] {subprocess.py:93} INFO -     "metadata" : { }
[2025-06-18T06:46:32.851+0000] {subprocess.py:93} INFO -   }, {
[2025-06-18T06:46:32.852+0000] {subprocess.py:93} INFO -     "name" : "state",
[2025-06-18T06:46:32.855+0000] {subprocess.py:93} INFO -     "type" : "string",
[2025-06-18T06:46:32.856+0000] {subprocess.py:93} INFO -     "nullable" : true,
[2025-06-18T06:46:32.857+0000] {subprocess.py:93} INFO -     "metadata" : { }
[2025-06-18T06:46:32.858+0000] {subprocess.py:93} INFO -   } ]
[2025-06-18T06:46:32.859+0000] {subprocess.py:93} INFO - }
[2025-06-18T06:46:32.860+0000] {subprocess.py:93} INFO - and corresponding Parquet message type:
[2025-06-18T06:46:32.862+0000] {subprocess.py:93} INFO - message spark_schema {
[2025-06-18T06:46:32.863+0000] {subprocess.py:93} INFO -   optional int32 client_id;
[2025-06-18T06:46:32.864+0000] {subprocess.py:93} INFO -   optional binary first_name (STRING);
[2025-06-18T06:46:32.864+0000] {subprocess.py:93} INFO -   optional binary last_name (STRING);
[2025-06-18T06:46:32.865+0000] {subprocess.py:93} INFO -   optional binary email (STRING);
[2025-06-18T06:46:32.866+0000] {subprocess.py:93} INFO -   optional int32 registration_date (DATE);
[2025-06-18T06:46:32.867+0000] {subprocess.py:93} INFO -   optional binary state (STRING);
[2025-06-18T06:46:32.867+0000] {subprocess.py:93} INFO - }
[2025-06-18T06:46:32.868+0000] {subprocess.py:93} INFO - 
[2025-06-18T06:46:32.868+0000] {subprocess.py:93} INFO - 
[2025-06-18T06:46:32.869+0000] {subprocess.py:93} INFO - 25/06/18 06:46:32 INFO CodecPool: Got brand-new decompressor [.snappy]
[2025-06-18T06:46:33.047+0000] {subprocess.py:93} INFO - 25/06/18 06:46:33 INFO CodecPool: Got brand-new compressor [.snappy]
[2025-06-18T06:46:35.726+0000] {subprocess.py:93} INFO - 25/06/18 06:46:35 INFO FileOutputCommitter: Saved output of task 'attempt_202506180646302001137614904753307_0002_m_000000_3' to file:/opt/***/data/silver/customers_updated_from_user_profiles/_temporary/0/task_202506180646302001137614904753307_0002_m_000000
[2025-06-18T06:46:35.728+0000] {subprocess.py:93} INFO - 25/06/18 06:46:35 INFO SparkHadoopMapRedUtil: attempt_202506180646302001137614904753307_0002_m_000000_3: Committed. Elapsed time: 43 ms.
[2025-06-18T06:46:35.732+0000] {subprocess.py:93} INFO - 25/06/18 06:46:35 INFO FileOutputCommitter: Saved output of task 'attempt_202506180646302001137614904753307_0002_m_000001_4' to file:/opt/***/data/silver/customers_updated_from_user_profiles/_temporary/0/task_202506180646302001137614904753307_0002_m_000001
[2025-06-18T06:46:35.733+0000] {subprocess.py:93} INFO - 25/06/18 06:46:35 INFO SparkHadoopMapRedUtil: attempt_202506180646302001137614904753307_0002_m_000001_4: Committed. Elapsed time: 52 ms.
[2025-06-18T06:46:35.786+0000] {subprocess.py:93} INFO - 25/06/18 06:46:35 INFO Executor: Finished task 1.0 in stage 2.0 (TID 4). 2920 bytes result sent to driver
[2025-06-18T06:46:35.790+0000] {subprocess.py:93} INFO - 25/06/18 06:46:35 INFO Executor: Finished task 0.0 in stage 2.0 (TID 3). 2920 bytes result sent to driver
[2025-06-18T06:46:35.806+0000] {subprocess.py:93} INFO - 25/06/18 06:46:35 INFO TaskSetManager: Finished task 0.0 in stage 2.0 (TID 3) in 5416 ms on 44e8895ba14c (executor driver) (1/2)
[2025-06-18T06:46:35.815+0000] {subprocess.py:93} INFO - 25/06/18 06:46:35 INFO TaskSetManager: Finished task 1.0 in stage 2.0 (TID 4) in 5419 ms on 44e8895ba14c (executor driver) (2/2)
[2025-06-18T06:46:35.816+0000] {subprocess.py:93} INFO - 25/06/18 06:46:35 INFO TaskSchedulerImpl: Removed TaskSet 2.0, whose tasks have all completed, from pool
[2025-06-18T06:46:35.819+0000] {subprocess.py:93} INFO - 25/06/18 06:46:35 INFO DAGScheduler: ResultStage 2 (parquet at NativeMethodAccessorImpl.java:0) finished in 5.741 s
[2025-06-18T06:46:35.822+0000] {subprocess.py:93} INFO - 25/06/18 06:46:35 INFO DAGScheduler: Job 2 is finished. Cancelling potential speculative or zombie tasks for this job
[2025-06-18T06:46:35.823+0000] {subprocess.py:93} INFO - 25/06/18 06:46:35 INFO TaskSchedulerImpl: Killing all running tasks in stage 2: Stage finished
[2025-06-18T06:46:35.825+0000] {subprocess.py:93} INFO - 25/06/18 06:46:35 INFO DAGScheduler: Job 2 finished: parquet at NativeMethodAccessorImpl.java:0, took 5.758893 s
[2025-06-18T06:46:35.834+0000] {subprocess.py:93} INFO - 25/06/18 06:46:35 INFO FileFormatWriter: Start to commit write Job 325739a5-febf-45d8-be8b-ff5f90e8fbe6.
[2025-06-18T06:46:36.560+0000] {subprocess.py:93} INFO - 25/06/18 06:46:36 INFO FileFormatWriter: Write Job 325739a5-febf-45d8-be8b-ff5f90e8fbe6 committed. Elapsed time: 720 ms.
[2025-06-18T06:46:36.580+0000] {subprocess.py:93} INFO - 25/06/18 06:46:36 INFO FileFormatWriter: Finished processing stats for write job 325739a5-febf-45d8-be8b-ff5f90e8fbe6.
[2025-06-18T06:46:36.611+0000] {subprocess.py:93} INFO - Збагачені дані збережено в: /opt/***/data/silver/customers_updated_from_user_profiles
[2025-06-18T06:46:36.615+0000] {subprocess.py:93} INFO - 25/06/18 06:46:36 INFO SparkContext: SparkContext is stopping with exitCode 0.
[2025-06-18T06:46:36.674+0000] {subprocess.py:93} INFO - 25/06/18 06:46:36 INFO SparkUI: Stopped Spark web UI at http://44e8895ba14c:4040
[2025-06-18T06:46:36.703+0000] {subprocess.py:93} INFO - 25/06/18 06:46:36 INFO MapOutputTrackerMasterEndpoint: MapOutputTrackerMasterEndpoint stopped!
[2025-06-18T06:46:36.737+0000] {subprocess.py:93} INFO - 25/06/18 06:46:36 INFO MemoryStore: MemoryStore cleared
[2025-06-18T06:46:36.741+0000] {subprocess.py:93} INFO - 25/06/18 06:46:36 INFO BlockManager: BlockManager stopped
[2025-06-18T06:46:36.749+0000] {subprocess.py:93} INFO - 25/06/18 06:46:36 INFO BlockManagerMaster: BlockManagerMaster stopped
[2025-06-18T06:46:36.759+0000] {subprocess.py:93} INFO - 25/06/18 06:46:36 INFO OutputCommitCoordinator$OutputCommitCoordinatorEndpoint: OutputCommitCoordinator stopped!
[2025-06-18T06:46:36.791+0000] {subprocess.py:93} INFO - 25/06/18 06:46:36 INFO SparkContext: Successfully stopped SparkContext
[2025-06-18T06:46:36.982+0000] {subprocess.py:93} INFO - 25/06/18 06:46:36 INFO ShutdownHookManager: Shutdown hook called
[2025-06-18T06:46:36.986+0000] {subprocess.py:93} INFO - 25/06/18 06:46:36 INFO ShutdownHookManager: Deleting directory /tmp/spark-fac270de-1fa2-424d-80c5-772dcd9b6361
[2025-06-18T06:46:37.004+0000] {subprocess.py:93} INFO - 25/06/18 06:46:37 INFO ShutdownHookManager: Deleting directory /tmp/spark-fac270de-1fa2-424d-80c5-772dcd9b6361/pyspark-67b18ec1-5536-42af-850f-1a6473f506cd
[2025-06-18T06:46:37.022+0000] {subprocess.py:93} INFO - 25/06/18 06:46:37 INFO ShutdownHookManager: Deleting directory /tmp/spark-a260f156-1332-4e36-b6f4-f1f19eabe21d
[2025-06-18T06:46:37.265+0000] {subprocess.py:97} INFO - Command exited with return code 0
[2025-06-18T06:46:37.266+0000] {taskinstance.py:441} INFO - ::group::Post task execution logs
[2025-06-18T06:46:37.311+0000] {taskinstance.py:1206} INFO - Marking task as SUCCESS. dag_id=enrich_user_profiles, task_id=run_spark_job_enrich_user_profiles, run_id=manual__2025-06-18T06:45:28.474859+00:00, execution_date=20250618T064528, start_date=20250618T064548, end_date=20250618T064637
[2025-06-18T06:46:37.382+0000] {local_task_job_runner.py:240} INFO - Task exited with return code 0
[2025-06-18T06:46:37.403+0000] {taskinstance.py:3498} INFO - 0 downstream tasks scheduled from follow-on schedule check
[2025-06-18T06:46:37.407+0000] {local_task_job_runner.py:222} INFO - ::endgroup::
