[2025-06-16T16:33:15.020+0000] {local_task_job_runner.py:120} INFO - ::group::Pre task execution logs
[2025-06-16T16:33:15.071+0000] {taskinstance.py:2076} INFO - Dependencies all met for dep_context=non-requeueable deps ti=<TaskInstance: process_sales.run_sales_etl_spark manual__2025-06-16T16:28:09.355989+00:00 [queued]>
[2025-06-16T16:33:15.081+0000] {taskinstance.py:2076} INFO - Dependencies all met for dep_context=requeueable deps ti=<TaskInstance: process_sales.run_sales_etl_spark manual__2025-06-16T16:28:09.355989+00:00 [queued]>
[2025-06-16T16:33:15.082+0000] {taskinstance.py:2306} INFO - Starting attempt 2 of 2
[2025-06-16T16:33:15.102+0000] {taskinstance.py:2330} INFO - Executing <Task(PythonOperator): run_sales_etl_spark> on 2025-06-16 16:28:09.355989+00:00
[2025-06-16T16:33:15.116+0000] {standard_task_runner.py:63} INFO - Started process 248 to run task
[2025-06-16T16:33:15.124+0000] {standard_task_runner.py:90} INFO - Running: ['***', 'tasks', 'run', 'process_sales', 'run_sales_etl_spark', 'manual__2025-06-16T16:28:09.355989+00:00', '--job-id', '10', '--raw', '--subdir', 'DAGS_FOLDER/process_sales_dag.py', '--cfg-path', '/tmp/tmpdf8yd5lj']
[2025-06-16T16:33:15.128+0000] {standard_task_runner.py:91} INFO - Job 10: Subtask run_sales_etl_spark
[2025-06-16T16:33:15.246+0000] {task_command.py:426} INFO - Running <TaskInstance: process_sales.run_sales_etl_spark manual__2025-06-16T16:28:09.355989+00:00 [running]> on host 14a72d82d51e
[2025-06-16T16:33:15.422+0000] {taskinstance.py:2648} INFO - Exporting env vars: AIRFLOW_CTX_DAG_OWNER='andrii' AIRFLOW_CTX_DAG_ID='process_sales' AIRFLOW_CTX_TASK_ID='run_sales_etl_spark' AIRFLOW_CTX_EXECUTION_DATE='2025-06-16T16:28:09.355989+00:00' AIRFLOW_CTX_TRY_NUMBER='2' AIRFLOW_CTX_DAG_RUN_ID='manual__2025-06-16T16:28:09.355989+00:00'
[2025-06-16T16:33:15.424+0000] {taskinstance.py:430} INFO - ::endgroup::
[2025-06-16T16:33:15.462+0000] {taskinstance.py:441} INFO - ::group::Post task execution logs
[2025-06-16T16:33:15.464+0000] {taskinstance.py:2905} ERROR - Task failed with exception
Traceback (most recent call last):
  File "/home/airflow/.local/lib/python3.11/site-packages/airflow/models/taskinstance.py", line 465, in _execute_task
    result = _execute_callable(context=context, **execute_callable_kwargs)
             ^^^^^^^^^^^^^^^^^^^^^^^^^^^^^^^^^^^^^^^^^^^^^^^^^^^^^^^^^^^^^
  File "/home/airflow/.local/lib/python3.11/site-packages/airflow/models/taskinstance.py", line 432, in _execute_callable
    return execute_callable(context=context, **execute_callable_kwargs)
           ^^^^^^^^^^^^^^^^^^^^^^^^^^^^^^^^^^^^^^^^^^^^^^^^^^^^^^^^^^^^
  File "/home/airflow/.local/lib/python3.11/site-packages/airflow/models/baseoperator.py", line 400, in wrapper
    return func(self, *args, **kwargs)
           ^^^^^^^^^^^^^^^^^^^^^^^^^^^
  File "/home/airflow/.local/lib/python3.11/site-packages/airflow/operators/python.py", line 235, in execute
    return_value = self.execute_callable()
                   ^^^^^^^^^^^^^^^^^^^^^^^
  File "/home/airflow/.local/lib/python3.11/site-packages/airflow/operators/python.py", line 252, in execute_callable
    return self.python_callable(*self.op_args, **self.op_kwargs)
           ^^^^^^^^^^^^^^^^^^^^^^^^^^^^^^^^^^^^^^^^^^^^^^^^^^^^^
  File "/opt/airflow/dags/process_sales_dag.py", line 14, in run_spark_job
    subprocess.run(
  File "/usr/local/lib/python3.11/subprocess.py", line 548, in run
    with Popen(*popenargs, **kwargs) as process:
         ^^^^^^^^^^^^^^^^^^^^^^^^^^^
  File "/usr/local/lib/python3.11/subprocess.py", line 1026, in __init__
    self._execute_child(args, executable, preexec_fn, close_fds,
  File "/usr/local/lib/python3.11/subprocess.py", line 1955, in _execute_child
    raise child_exception_type(errno_num, err_msg, err_filename)
PermissionError: [Errno 13] Permission denied: 'spark-submit'
[2025-06-16T16:33:15.499+0000] {taskinstance.py:1206} INFO - Marking task as FAILED. dag_id=process_sales, task_id=run_sales_etl_spark, run_id=manual__2025-06-16T16:28:09.355989+00:00, execution_date=20250616T162809, start_date=20250616T163315, end_date=20250616T163315
[2025-06-16T16:33:15.530+0000] {standard_task_runner.py:110} ERROR - Failed to execute job 10 for task run_sales_etl_spark ([Errno 13] Permission denied: 'spark-submit'; 248)
[2025-06-16T16:33:15.585+0000] {local_task_job_runner.py:240} INFO - Task exited with return code 1
[2025-06-16T16:33:15.729+0000] {taskinstance.py:3498} INFO - 0 downstream tasks scheduled from follow-on schedule check
[2025-06-16T16:33:15.744+0000] {local_task_job_runner.py:222} INFO - ::endgroup::
