[2025-06-17T06:55:29.372+0000] {local_task_job_runner.py:120} INFO - ::group::Pre task execution logs
[2025-06-17T06:55:29.551+0000] {taskinstance.py:2076} INFO - Dependencies all met for dep_context=non-requeueable deps ti=<TaskInstance: process_customers.run_customers_etl_spark manual__2025-06-17T06:55:24.326510+00:00 [queued]>
[2025-06-17T06:55:29.597+0000] {taskinstance.py:2076} INFO - Dependencies all met for dep_context=requeueable deps ti=<TaskInstance: process_customers.run_customers_etl_spark manual__2025-06-17T06:55:24.326510+00:00 [queued]>
[2025-06-17T06:55:29.599+0000] {taskinstance.py:2306} INFO - Starting attempt 1 of 2
[2025-06-17T06:55:29.670+0000] {taskinstance.py:2330} INFO - Executing <Task(PythonOperator): run_customers_etl_spark> on 2025-06-17 06:55:24.326510+00:00
[2025-06-17T06:55:29.692+0000] {standard_task_runner.py:63} INFO - Started process 188 to run task
[2025-06-17T06:55:29.700+0000] {standard_task_runner.py:90} INFO - Running: ['***', 'tasks', 'run', 'process_customers', 'run_customers_etl_spark', 'manual__2025-06-17T06:55:24.326510+00:00', '--job-id', '26', '--raw', '--subdir', 'DAGS_FOLDER/process_customers_dag.py', '--cfg-path', '/tmp/tmpn7xoe4k3']
[2025-06-17T06:55:29.716+0000] {standard_task_runner.py:91} INFO - Job 26: Subtask run_customers_etl_spark
[2025-06-17T06:55:30.363+0000] {task_command.py:426} INFO - Running <TaskInstance: process_customers.run_customers_etl_spark manual__2025-06-17T06:55:24.326510+00:00 [running]> on host 44e8895ba14c
[2025-06-17T06:55:30.786+0000] {taskinstance.py:2648} INFO - Exporting env vars: AIRFLOW_CTX_DAG_OWNER='andrii' AIRFLOW_CTX_DAG_ID='process_customers' AIRFLOW_CTX_TASK_ID='run_customers_etl_spark' AIRFLOW_CTX_EXECUTION_DATE='2025-06-17T06:55:24.326510+00:00' AIRFLOW_CTX_TRY_NUMBER='1' AIRFLOW_CTX_DAG_RUN_ID='manual__2025-06-17T06:55:24.326510+00:00'
[2025-06-17T06:55:30.795+0000] {taskinstance.py:430} INFO - ::endgroup::
[2025-06-17T06:56:07.289+0000] {taskinstance.py:441} INFO - ::group::Post task execution logs
[2025-06-17T06:56:07.298+0000] {taskinstance.py:2905} ERROR - Task failed with exception
Traceback (most recent call last):
  File "/home/airflow/.local/lib/python3.11/site-packages/airflow/models/taskinstance.py", line 465, in _execute_task
    result = _execute_callable(context=context, **execute_callable_kwargs)
             ^^^^^^^^^^^^^^^^^^^^^^^^^^^^^^^^^^^^^^^^^^^^^^^^^^^^^^^^^^^^^
  File "/home/airflow/.local/lib/python3.11/site-packages/airflow/models/taskinstance.py", line 432, in _execute_callable
    return execute_callable(context=context, **execute_callable_kwargs)
           ^^^^^^^^^^^^^^^^^^^^^^^^^^^^^^^^^^^^^^^^^^^^^^^^^^^^^^^^^^^^
  File "/home/airflow/.local/lib/python3.11/site-packages/airflow/models/baseoperator.py", line 400, in wrapper
    return func(self, *args, **kwargs)
           ^^^^^^^^^^^^^^^^^^^^^^^^^^^
  File "/home/airflow/.local/lib/python3.11/site-packages/airflow/operators/python.py", line 235, in execute
    return_value = self.execute_callable()
                   ^^^^^^^^^^^^^^^^^^^^^^^
  File "/home/airflow/.local/lib/python3.11/site-packages/airflow/operators/python.py", line 252, in execute_callable
    return self.python_callable(*self.op_args, **self.op_kwargs)
           ^^^^^^^^^^^^^^^^^^^^^^^^^^^^^^^^^^^^^^^^^^^^^^^^^^^^^
  File "/opt/airflow/dags/process_customers_dag.py", line 14, in run_customers_spark
    subprocess.run([
  File "/usr/local/lib/python3.11/subprocess.py", line 571, in run
    raise CalledProcessError(retcode, process.args,
subprocess.CalledProcessError: Command '['spark-submit', '/opt/airflow/spark_jobs/process_customers_spark.py']' returned non-zero exit status 1.
[2025-06-17T06:56:07.357+0000] {taskinstance.py:1206} INFO - Marking task as UP_FOR_RETRY. dag_id=process_customers, task_id=run_customers_etl_spark, run_id=manual__2025-06-17T06:55:24.326510+00:00, execution_date=20250617T065524, start_date=20250617T065529, end_date=20250617T065607
[2025-06-17T06:56:07.401+0000] {standard_task_runner.py:110} ERROR - Failed to execute job 26 for task run_customers_etl_spark (Command '['spark-submit', '/opt/airflow/spark_jobs/process_customers_spark.py']' returned non-zero exit status 1.; 188)
[2025-06-17T06:56:07.460+0000] {local_task_job_runner.py:240} INFO - Task exited with return code 1
[2025-06-17T06:56:07.506+0000] {local_task_job_runner.py:222} INFO - ::endgroup::
