[2025-06-17T07:01:10.969+0000] {local_task_job_runner.py:120} INFO - ::group::Pre task execution logs
[2025-06-17T07:01:11.414+0000] {taskinstance.py:2076} INFO - Dependencies all met for dep_context=non-requeueable deps ti=<TaskInstance: process_customers.run_customers_etl_spark manual__2025-06-17T06:55:24.326510+00:00 [queued]>
[2025-06-17T07:01:11.449+0000] {taskinstance.py:2076} INFO - Dependencies all met for dep_context=requeueable deps ti=<TaskInstance: process_customers.run_customers_etl_spark manual__2025-06-17T06:55:24.326510+00:00 [queued]>
[2025-06-17T07:01:11.453+0000] {taskinstance.py:2306} INFO - Starting attempt 2 of 2
[2025-06-17T07:01:11.545+0000] {taskinstance.py:2330} INFO - Executing <Task(PythonOperator): run_customers_etl_spark> on 2025-06-17 06:55:24.326510+00:00
[2025-06-17T07:01:11.566+0000] {standard_task_runner.py:63} INFO - Started process 411 to run task
[2025-06-17T07:01:11.581+0000] {standard_task_runner.py:90} INFO - Running: ['***', 'tasks', 'run', 'process_customers', 'run_customers_etl_spark', 'manual__2025-06-17T06:55:24.326510+00:00', '--job-id', '27', '--raw', '--subdir', 'DAGS_FOLDER/process_customers_dag.py', '--cfg-path', '/tmp/tmpkur40gp4']
[2025-06-17T07:01:11.586+0000] {standard_task_runner.py:91} INFO - Job 27: Subtask run_customers_etl_spark
[2025-06-17T07:01:11.712+0000] {task_command.py:426} INFO - Running <TaskInstance: process_customers.run_customers_etl_spark manual__2025-06-17T06:55:24.326510+00:00 [running]> on host 44e8895ba14c
[2025-06-17T07:01:11.854+0000] {taskinstance.py:2648} INFO - Exporting env vars: AIRFLOW_CTX_DAG_OWNER='andrii' AIRFLOW_CTX_DAG_ID='process_customers' AIRFLOW_CTX_TASK_ID='run_customers_etl_spark' AIRFLOW_CTX_EXECUTION_DATE='2025-06-17T06:55:24.326510+00:00' AIRFLOW_CTX_TRY_NUMBER='2' AIRFLOW_CTX_DAG_RUN_ID='manual__2025-06-17T06:55:24.326510+00:00'
[2025-06-17T07:01:11.855+0000] {taskinstance.py:430} INFO - ::endgroup::
[2025-06-17T07:01:35.996+0000] {taskinstance.py:441} INFO - ::group::Post task execution logs
[2025-06-17T07:01:35.998+0000] {taskinstance.py:2905} ERROR - Task failed with exception
Traceback (most recent call last):
  File "/home/airflow/.local/lib/python3.11/site-packages/airflow/models/taskinstance.py", line 465, in _execute_task
    result = _execute_callable(context=context, **execute_callable_kwargs)
             ^^^^^^^^^^^^^^^^^^^^^^^^^^^^^^^^^^^^^^^^^^^^^^^^^^^^^^^^^^^^^
  File "/home/airflow/.local/lib/python3.11/site-packages/airflow/models/taskinstance.py", line 432, in _execute_callable
    return execute_callable(context=context, **execute_callable_kwargs)
           ^^^^^^^^^^^^^^^^^^^^^^^^^^^^^^^^^^^^^^^^^^^^^^^^^^^^^^^^^^^^
  File "/home/airflow/.local/lib/python3.11/site-packages/airflow/models/baseoperator.py", line 400, in wrapper
    return func(self, *args, **kwargs)
           ^^^^^^^^^^^^^^^^^^^^^^^^^^^
  File "/home/airflow/.local/lib/python3.11/site-packages/airflow/operators/python.py", line 235, in execute
    return_value = self.execute_callable()
                   ^^^^^^^^^^^^^^^^^^^^^^^
  File "/home/airflow/.local/lib/python3.11/site-packages/airflow/operators/python.py", line 252, in execute_callable
    return self.python_callable(*self.op_args, **self.op_kwargs)
           ^^^^^^^^^^^^^^^^^^^^^^^^^^^^^^^^^^^^^^^^^^^^^^^^^^^^^
  File "/opt/airflow/dags/process_customers_dag.py", line 14, in run_customers_spark
    subprocess.run([
  File "/usr/local/lib/python3.11/subprocess.py", line 571, in run
    raise CalledProcessError(retcode, process.args,
subprocess.CalledProcessError: Command '['spark-submit', '/opt/airflow/spark_jobs/process_customers_spark.py']' returned non-zero exit status 1.
[2025-06-17T07:01:36.024+0000] {taskinstance.py:1206} INFO - Marking task as FAILED. dag_id=process_customers, task_id=run_customers_etl_spark, run_id=manual__2025-06-17T06:55:24.326510+00:00, execution_date=20250617T065524, start_date=20250617T070111, end_date=20250617T070136
[2025-06-17T07:01:36.052+0000] {standard_task_runner.py:110} ERROR - Failed to execute job 27 for task run_customers_etl_spark (Command '['spark-submit', '/opt/airflow/spark_jobs/process_customers_spark.py']' returned non-zero exit status 1.; 411)
[2025-06-17T07:01:36.078+0000] {local_task_job_runner.py:240} INFO - Task exited with return code 1
[2025-06-17T07:01:36.105+0000] {taskinstance.py:3498} INFO - 0 downstream tasks scheduled from follow-on schedule check
[2025-06-17T07:01:36.110+0000] {local_task_job_runner.py:222} INFO - ::endgroup::
