[2025-06-18T19:37:11.310+0000] {local_task_job_runner.py:120} INFO - ::group::Pre task execution logs
[2025-06-18T19:37:11.466+0000] {taskinstance.py:2076} INFO - Dependencies all met for dep_context=non-requeueable deps ti=<TaskInstance: gold_enrich_user_profiles.run_gold_enrich_user_profiles manual__2025-06-18T19:37:07.251860+00:00 [queued]>
[2025-06-18T19:37:11.493+0000] {taskinstance.py:2076} INFO - Dependencies all met for dep_context=requeueable deps ti=<TaskInstance: gold_enrich_user_profiles.run_gold_enrich_user_profiles manual__2025-06-18T19:37:07.251860+00:00 [queued]>
[2025-06-18T19:37:11.495+0000] {taskinstance.py:2306} INFO - Starting attempt 1 of 1
[2025-06-18T19:37:11.553+0000] {taskinstance.py:2330} INFO - Executing <Task(BashOperator): run_gold_enrich_user_profiles> on 2025-06-18 19:37:07.251860+00:00
[2025-06-18T19:37:11.581+0000] {standard_task_runner.py:63} INFO - Started process 199 to run task
[2025-06-18T19:37:11.642+0000] {standard_task_runner.py:90} INFO - Running: ['***', 'tasks', 'run', 'gold_enrich_user_profiles', 'run_gold_enrich_user_profiles', 'manual__2025-06-18T19:37:07.251860+00:00', '--job-id', '74', '--raw', '--subdir', 'DAGS_FOLDER/gold_enrich_user_profiles_dag.py', '--cfg-path', '/tmp/tmpq4610a9s']
[2025-06-18T19:37:11.672+0000] {standard_task_runner.py:91} INFO - Job 74: Subtask run_gold_enrich_user_profiles
[2025-06-18T19:37:11.933+0000] {task_command.py:426} INFO - Running <TaskInstance: gold_enrich_user_profiles.run_gold_enrich_user_profiles manual__2025-06-18T19:37:07.251860+00:00 [running]> on host 44e8895ba14c
[2025-06-18T19:37:12.168+0000] {taskinstance.py:2648} INFO - Exporting env vars: AIRFLOW_CTX_DAG_OWNER='andrii' AIRFLOW_CTX_DAG_ID='gold_enrich_user_profiles' AIRFLOW_CTX_TASK_ID='run_gold_enrich_user_profiles' AIRFLOW_CTX_EXECUTION_DATE='2025-06-18T19:37:07.251860+00:00' AIRFLOW_CTX_TRY_NUMBER='1' AIRFLOW_CTX_DAG_RUN_ID='manual__2025-06-18T19:37:07.251860+00:00'
[2025-06-18T19:37:12.170+0000] {taskinstance.py:430} INFO - ::endgroup::
[2025-06-18T19:37:12.240+0000] {subprocess.py:63} INFO - Tmp dir root location: /tmp
[2025-06-18T19:37:12.253+0000] {subprocess.py:75} INFO - Running command: ['/usr/bin/bash', '-c', 'spark-submit /opt/***/spark_jobs/gold_enrich_user_profiles_spark.py']
[2025-06-18T19:37:12.282+0000] {subprocess.py:86} INFO - Output:
[2025-06-18T19:37:12.319+0000] {subprocess.py:93} INFO - /opt/spark/bin/load-spark-env.sh: line 68: ps: command not found
[2025-06-18T19:37:29.758+0000] {subprocess.py:93} INFO - 25/06/18 19:37:29 INFO SparkContext: Running Spark version 3.5.1
[2025-06-18T19:37:29.769+0000] {subprocess.py:93} INFO - 25/06/18 19:37:29 INFO SparkContext: OS info Linux, 6.6.87.1-microsoft-standard-WSL2, amd64
[2025-06-18T19:37:29.776+0000] {subprocess.py:93} INFO - 25/06/18 19:37:29 INFO SparkContext: Java version 17.0.15
[2025-06-18T19:37:30.014+0000] {subprocess.py:93} INFO - 25/06/18 19:37:30 WARN NativeCodeLoader: Unable to load native-hadoop library for your platform... using builtin-java classes where applicable
[2025-06-18T19:37:30.418+0000] {subprocess.py:93} INFO - 25/06/18 19:37:30 INFO ResourceUtils: ==============================================================
[2025-06-18T19:37:30.421+0000] {subprocess.py:93} INFO - 25/06/18 19:37:30 INFO ResourceUtils: No custom resources configured for spark.driver.
[2025-06-18T19:37:30.428+0000] {subprocess.py:93} INFO - 25/06/18 19:37:30 INFO ResourceUtils: ==============================================================
[2025-06-18T19:37:30.429+0000] {subprocess.py:93} INFO - 25/06/18 19:37:30 INFO SparkContext: Submitted application: gold_enrich_user_profiles
[2025-06-18T19:37:30.505+0000] {subprocess.py:93} INFO - 25/06/18 19:37:30 INFO ResourceProfile: Default ResourceProfile created, executor resources: Map(cores -> name: cores, amount: 1, script: , vendor: , memory -> name: memory, amount: 1024, script: , vendor: , offHeap -> name: offHeap, amount: 0, script: , vendor: ), task resources: Map(cpus -> name: cpus, amount: 1.0)
[2025-06-18T19:37:30.546+0000] {subprocess.py:93} INFO - 25/06/18 19:37:30 INFO ResourceProfile: Limiting resource is cpu
[2025-06-18T19:37:30.548+0000] {subprocess.py:93} INFO - 25/06/18 19:37:30 INFO ResourceProfileManager: Added ResourceProfile id: 0
[2025-06-18T19:37:30.761+0000] {subprocess.py:93} INFO - 25/06/18 19:37:30 INFO SecurityManager: Changing view acls to: ***
[2025-06-18T19:37:30.768+0000] {subprocess.py:93} INFO - 25/06/18 19:37:30 INFO SecurityManager: Changing modify acls to: ***
[2025-06-18T19:37:30.769+0000] {subprocess.py:93} INFO - 25/06/18 19:37:30 INFO SecurityManager: Changing view acls groups to:
[2025-06-18T19:37:30.775+0000] {subprocess.py:93} INFO - 25/06/18 19:37:30 INFO SecurityManager: Changing modify acls groups to:
[2025-06-18T19:37:30.777+0000] {subprocess.py:93} INFO - 25/06/18 19:37:30 INFO SecurityManager: SecurityManager: authentication disabled; ui acls disabled; users with view permissions: ***; groups with view permissions: EMPTY; users with modify permissions: ***; groups with modify permissions: EMPTY
[2025-06-18T19:37:31.305+0000] {subprocess.py:93} INFO - 25/06/18 19:37:31 INFO Utils: Successfully started service 'sparkDriver' on port 42299.
[2025-06-18T19:37:31.378+0000] {subprocess.py:93} INFO - 25/06/18 19:37:31 INFO SparkEnv: Registering MapOutputTracker
[2025-06-18T19:37:31.455+0000] {subprocess.py:93} INFO - 25/06/18 19:37:31 INFO SparkEnv: Registering BlockManagerMaster
[2025-06-18T19:37:31.499+0000] {subprocess.py:93} INFO - 25/06/18 19:37:31 INFO BlockManagerMasterEndpoint: Using org.apache.spark.storage.DefaultTopologyMapper for getting topology information
[2025-06-18T19:37:31.500+0000] {subprocess.py:93} INFO - 25/06/18 19:37:31 INFO BlockManagerMasterEndpoint: BlockManagerMasterEndpoint up
[2025-06-18T19:37:31.513+0000] {subprocess.py:93} INFO - 25/06/18 19:37:31 INFO SparkEnv: Registering BlockManagerMasterHeartbeat
[2025-06-18T19:37:31.579+0000] {subprocess.py:93} INFO - 25/06/18 19:37:31 INFO DiskBlockManager: Created local directory at /tmp/blockmgr-cd220051-1a42-421c-821a-d91a01ba4944
[2025-06-18T19:37:31.607+0000] {subprocess.py:93} INFO - 25/06/18 19:37:31 INFO MemoryStore: MemoryStore started with capacity 434.4 MiB
[2025-06-18T19:37:31.642+0000] {subprocess.py:93} INFO - 25/06/18 19:37:31 INFO SparkEnv: Registering OutputCommitCoordinator
[2025-06-18T19:37:31.863+0000] {subprocess.py:93} INFO - 25/06/18 19:37:31 INFO JettyUtils: Start Jetty 0.0.0.0:4040 for SparkUI
[2025-06-18T19:37:31.983+0000] {subprocess.py:93} INFO - 25/06/18 19:37:31 INFO Utils: Successfully started service 'SparkUI' on port 4040.
[2025-06-18T19:37:32.225+0000] {subprocess.py:93} INFO - 25/06/18 19:37:32 INFO Executor: Starting executor ID driver on host 44e8895ba14c
[2025-06-18T19:37:32.226+0000] {subprocess.py:93} INFO - 25/06/18 19:37:32 INFO Executor: OS info Linux, 6.6.87.1-microsoft-standard-WSL2, amd64
[2025-06-18T19:37:32.227+0000] {subprocess.py:93} INFO - 25/06/18 19:37:32 INFO Executor: Java version 17.0.15
[2025-06-18T19:37:32.239+0000] {subprocess.py:93} INFO - 25/06/18 19:37:32 INFO Executor: Starting executor with user classpath (userClassPathFirst = false): ''
[2025-06-18T19:37:32.240+0000] {subprocess.py:93} INFO - 25/06/18 19:37:32 INFO Executor: Created or updated repl class loader org.apache.spark.util.MutableURLClassLoader@2f4a2a57 for default.
[2025-06-18T19:37:32.285+0000] {subprocess.py:93} INFO - 25/06/18 19:37:32 INFO Utils: Successfully started service 'org.apache.spark.network.netty.NettyBlockTransferService' on port 36161.
[2025-06-18T19:37:32.286+0000] {subprocess.py:93} INFO - 25/06/18 19:37:32 INFO NettyBlockTransferService: Server created on 44e8895ba14c:36161
[2025-06-18T19:37:32.289+0000] {subprocess.py:93} INFO - 25/06/18 19:37:32 INFO BlockManager: Using org.apache.spark.storage.RandomBlockReplicationPolicy for block replication policy
[2025-06-18T19:37:32.306+0000] {subprocess.py:93} INFO - 25/06/18 19:37:32 INFO BlockManagerMaster: Registering BlockManager BlockManagerId(driver, 44e8895ba14c, 36161, None)
[2025-06-18T19:37:32.315+0000] {subprocess.py:93} INFO - 25/06/18 19:37:32 INFO BlockManagerMasterEndpoint: Registering block manager 44e8895ba14c:36161 with 434.4 MiB RAM, BlockManagerId(driver, 44e8895ba14c, 36161, None)
[2025-06-18T19:37:32.322+0000] {subprocess.py:93} INFO - 25/06/18 19:37:32 INFO BlockManagerMaster: Registered BlockManager BlockManagerId(driver, 44e8895ba14c, 36161, None)
[2025-06-18T19:37:32.323+0000] {subprocess.py:93} INFO - 25/06/18 19:37:32 INFO BlockManager: Initialized BlockManager: BlockManagerId(driver, 44e8895ba14c, 36161, None)
[2025-06-18T19:37:33.677+0000] {subprocess.py:93} INFO - 25/06/18 19:37:33 INFO SharedState: Setting hive.metastore.warehouse.dir ('null') to the value of spark.sql.warehouse.dir.
[2025-06-18T19:37:33.704+0000] {subprocess.py:93} INFO - 25/06/18 19:37:33 INFO SharedState: Warehouse path is 'file:/tmp/***tmpblhim5tu/spark-warehouse'.
[2025-06-18T19:37:36.544+0000] {subprocess.py:93} INFO - 25/06/18 19:37:36 INFO InMemoryFileIndex: It took 188 ms to list leaf files for 1 paths.
[2025-06-18T19:37:36.733+0000] {subprocess.py:93} INFO - 25/06/18 19:37:36 INFO InMemoryFileIndex: It took 15 ms to list leaf files for 1 paths.
[2025-06-18T19:37:42.286+0000] {subprocess.py:93} INFO - 25/06/18 19:37:42 INFO FileSourceStrategy: Pushed Filters:
[2025-06-18T19:37:42.305+0000] {subprocess.py:93} INFO - 25/06/18 19:37:42 INFO FileSourceStrategy: Post-Scan Filters:
[2025-06-18T19:37:42.756+0000] {subprocess.py:93} INFO - 25/06/18 19:37:42 INFO MemoryStore: Block broadcast_0 stored as values in memory (estimated size 199.3 KiB, free 434.2 MiB)
[2025-06-18T19:37:42.875+0000] {subprocess.py:93} INFO - 25/06/18 19:37:42 INFO MemoryStore: Block broadcast_0_piece0 stored as bytes in memory (estimated size 34.2 KiB, free 434.2 MiB)
[2025-06-18T19:37:42.882+0000] {subprocess.py:93} INFO - 25/06/18 19:37:42 INFO BlockManagerInfo: Added broadcast_0_piece0 in memory on 44e8895ba14c:36161 (size: 34.2 KiB, free: 434.4 MiB)
[2025-06-18T19:37:42.891+0000] {subprocess.py:93} INFO - 25/06/18 19:37:42 INFO SparkContext: Created broadcast 0 from json at NativeMethodAccessorImpl.java:0
[2025-06-18T19:37:42.912+0000] {subprocess.py:93} INFO - 25/06/18 19:37:42 INFO FileSourceScanExec: Planning scan with bin packing, max size: 5699592 bytes, open cost is considered as scanning 4194304 bytes.
[2025-06-18T19:37:43.307+0000] {subprocess.py:93} INFO - 25/06/18 19:37:43 INFO SparkContext: Starting job: json at NativeMethodAccessorImpl.java:0
[2025-06-18T19:37:43.338+0000] {subprocess.py:93} INFO - 25/06/18 19:37:43 INFO DAGScheduler: Got job 0 (json at NativeMethodAccessorImpl.java:0) with 2 output partitions
[2025-06-18T19:37:43.341+0000] {subprocess.py:93} INFO - 25/06/18 19:37:43 INFO DAGScheduler: Final stage: ResultStage 0 (json at NativeMethodAccessorImpl.java:0)
[2025-06-18T19:37:43.342+0000] {subprocess.py:93} INFO - 25/06/18 19:37:43 INFO DAGScheduler: Parents of final stage: List()
[2025-06-18T19:37:43.343+0000] {subprocess.py:93} INFO - 25/06/18 19:37:43 INFO DAGScheduler: Missing parents: List()
[2025-06-18T19:37:43.353+0000] {subprocess.py:93} INFO - 25/06/18 19:37:43 INFO DAGScheduler: Submitting ResultStage 0 (MapPartitionsRDD[3] at json at NativeMethodAccessorImpl.java:0), which has no missing parents
[2025-06-18T19:37:43.547+0000] {subprocess.py:93} INFO - 25/06/18 19:37:43 INFO MemoryStore: Block broadcast_1 stored as values in memory (estimated size 16.1 KiB, free 434.2 MiB)
[2025-06-18T19:37:43.552+0000] {subprocess.py:93} INFO - 25/06/18 19:37:43 INFO MemoryStore: Block broadcast_1_piece0 stored as bytes in memory (estimated size 7.5 KiB, free 434.1 MiB)
[2025-06-18T19:37:43.555+0000] {subprocess.py:93} INFO - 25/06/18 19:37:43 INFO BlockManagerInfo: Added broadcast_1_piece0 in memory on 44e8895ba14c:36161 (size: 7.5 KiB, free: 434.4 MiB)
[2025-06-18T19:37:43.557+0000] {subprocess.py:93} INFO - 25/06/18 19:37:43 INFO SparkContext: Created broadcast 1 from broadcast at DAGScheduler.scala:1585
[2025-06-18T19:37:43.588+0000] {subprocess.py:93} INFO - 25/06/18 19:37:43 INFO DAGScheduler: Submitting 2 missing tasks from ResultStage 0 (MapPartitionsRDD[3] at json at NativeMethodAccessorImpl.java:0) (first 15 tasks are for partitions Vector(0, 1))
[2025-06-18T19:37:43.591+0000] {subprocess.py:93} INFO - 25/06/18 19:37:43 INFO TaskSchedulerImpl: Adding task set 0.0 with 2 tasks resource profile 0
[2025-06-18T19:37:43.787+0000] {subprocess.py:93} INFO - 25/06/18 19:37:43 INFO TaskSetManager: Starting task 0.0 in stage 0.0 (TID 0) (44e8895ba14c, executor driver, partition 0, PROCESS_LOCAL, 8239 bytes)
[2025-06-18T19:37:43.795+0000] {subprocess.py:93} INFO - 25/06/18 19:37:43 INFO TaskSetManager: Starting task 1.0 in stage 0.0 (TID 1) (44e8895ba14c, executor driver, partition 1, PROCESS_LOCAL, 8239 bytes)
[2025-06-18T19:37:43.827+0000] {subprocess.py:93} INFO - 25/06/18 19:37:43 INFO Executor: Running task 0.0 in stage 0.0 (TID 0)
[2025-06-18T19:37:43.829+0000] {subprocess.py:93} INFO - 25/06/18 19:37:43 INFO Executor: Running task 1.0 in stage 0.0 (TID 1)
[2025-06-18T19:37:44.047+0000] {subprocess.py:93} INFO - 25/06/18 19:37:44 INFO FileScanRDD: Reading File path: file:///opt/***/data/raw/user_profiles/user_profiles.json, range: 0-5699592, partition values: [empty row]
[2025-06-18T19:37:44.048+0000] {subprocess.py:93} INFO - 25/06/18 19:37:44 INFO FileScanRDD: Reading File path: file:///opt/***/data/raw/user_profiles/user_profiles.json, range: 5699592-7204881, partition values: [empty row]
[2025-06-18T19:37:44.613+0000] {subprocess.py:93} INFO - 25/06/18 19:37:44 INFO CodeGenerator: Code generated in 480.712994 ms
[2025-06-18T19:37:45.503+0000] {subprocess.py:93} INFO - 25/06/18 19:37:45 INFO Executor: Finished task 1.0 in stage 0.0 (TID 1). 2113 bytes result sent to driver
[2025-06-18T19:37:45.577+0000] {subprocess.py:93} INFO - 25/06/18 19:37:45 INFO TaskSetManager: Finished task 1.0 in stage 0.0 (TID 1) in 1783 ms on 44e8895ba14c (executor driver) (1/2)
[2025-06-18T19:37:45.978+0000] {subprocess.py:93} INFO - 25/06/18 19:37:45 INFO Executor: Finished task 0.0 in stage 0.0 (TID 0). 2070 bytes result sent to driver
[2025-06-18T19:37:45.989+0000] {subprocess.py:93} INFO - 25/06/18 19:37:45 INFO TaskSetManager: Finished task 0.0 in stage 0.0 (TID 0) in 2262 ms on 44e8895ba14c (executor driver) (2/2)
[2025-06-18T19:37:45.992+0000] {subprocess.py:93} INFO - 25/06/18 19:37:45 INFO DAGScheduler: ResultStage 0 (json at NativeMethodAccessorImpl.java:0) finished in 2.605 s
[2025-06-18T19:37:46.001+0000] {subprocess.py:93} INFO - 25/06/18 19:37:45 INFO TaskSchedulerImpl: Removed TaskSet 0.0, whose tasks have all completed, from pool
[2025-06-18T19:37:46.006+0000] {subprocess.py:93} INFO - 25/06/18 19:37:46 INFO DAGScheduler: Job 0 is finished. Cancelling potential speculative or zombie tasks for this job
[2025-06-18T19:37:46.007+0000] {subprocess.py:93} INFO - 25/06/18 19:37:46 INFO TaskSchedulerImpl: Killing all running tasks in stage 0: Stage finished
[2025-06-18T19:37:46.014+0000] {subprocess.py:93} INFO - 25/06/18 19:37:46 INFO DAGScheduler: Job 0 finished: json at NativeMethodAccessorImpl.java:0, took 2.707309 s
[2025-06-18T19:37:46.237+0000] {subprocess.py:93} INFO - 25/06/18 19:37:46 INFO FileSourceStrategy: Pushed Filters:
[2025-06-18T19:37:46.238+0000] {subprocess.py:93} INFO - 25/06/18 19:37:46 INFO FileSourceStrategy: Post-Scan Filters:
[2025-06-18T19:37:46.482+0000] {subprocess.py:93} INFO - 25/06/18 19:37:46 INFO ParquetUtils: Using default output committer for Parquet: org.apache.parquet.hadoop.ParquetOutputCommitter
[2025-06-18T19:37:46.541+0000] {subprocess.py:93} INFO - 25/06/18 19:37:46 INFO FileOutputCommitter: File Output Committer Algorithm version is 1
[2025-06-18T19:37:46.541+0000] {subprocess.py:93} INFO - 25/06/18 19:37:46 INFO FileOutputCommitter: FileOutputCommitter skip cleanup _temporary folders under output directory:false, ignore cleanup failures: false
[2025-06-18T19:37:46.544+0000] {subprocess.py:93} INFO - 25/06/18 19:37:46 INFO SQLHadoopMapReduceCommitProtocol: Using user defined output committer class org.apache.parquet.hadoop.ParquetOutputCommitter
[2025-06-18T19:37:46.547+0000] {subprocess.py:93} INFO - 25/06/18 19:37:46 INFO FileOutputCommitter: File Output Committer Algorithm version is 1
[2025-06-18T19:37:46.549+0000] {subprocess.py:93} INFO - 25/06/18 19:37:46 INFO FileOutputCommitter: FileOutputCommitter skip cleanup _temporary folders under output directory:false, ignore cleanup failures: false
[2025-06-18T19:37:46.550+0000] {subprocess.py:93} INFO - 25/06/18 19:37:46 INFO SQLHadoopMapReduceCommitProtocol: Using output committer class org.apache.parquet.hadoop.ParquetOutputCommitter
[2025-06-18T19:37:46.734+0000] {subprocess.py:93} INFO - 25/06/18 19:37:46 INFO MemoryStore: Block broadcast_2 stored as values in memory (estimated size 199.2 KiB, free 434.0 MiB)
[2025-06-18T19:37:46.784+0000] {subprocess.py:93} INFO - 25/06/18 19:37:46 INFO MemoryStore: Block broadcast_2_piece0 stored as bytes in memory (estimated size 34.3 KiB, free 433.9 MiB)
[2025-06-18T19:37:46.788+0000] {subprocess.py:93} INFO - 25/06/18 19:37:46 INFO BlockManagerInfo: Added broadcast_2_piece0 in memory on 44e8895ba14c:36161 (size: 34.3 KiB, free: 434.3 MiB)
[2025-06-18T19:37:46.797+0000] {subprocess.py:93} INFO - 25/06/18 19:37:46 INFO SparkContext: Created broadcast 2 from parquet at NativeMethodAccessorImpl.java:0
[2025-06-18T19:37:46.800+0000] {subprocess.py:93} INFO - 25/06/18 19:37:46 INFO FileSourceScanExec: Planning scan with bin packing, max size: 5699592 bytes, open cost is considered as scanning 4194304 bytes.
[2025-06-18T19:37:46.828+0000] {subprocess.py:93} INFO - 25/06/18 19:37:46 INFO SparkContext: Starting job: parquet at NativeMethodAccessorImpl.java:0
[2025-06-18T19:37:46.833+0000] {subprocess.py:93} INFO - 25/06/18 19:37:46 INFO DAGScheduler: Got job 1 (parquet at NativeMethodAccessorImpl.java:0) with 2 output partitions
[2025-06-18T19:37:46.838+0000] {subprocess.py:93} INFO - 25/06/18 19:37:46 INFO DAGScheduler: Final stage: ResultStage 1 (parquet at NativeMethodAccessorImpl.java:0)
[2025-06-18T19:37:46.846+0000] {subprocess.py:93} INFO - 25/06/18 19:37:46 INFO DAGScheduler: Parents of final stage: List()
[2025-06-18T19:37:46.847+0000] {subprocess.py:93} INFO - 25/06/18 19:37:46 INFO DAGScheduler: Missing parents: List()
[2025-06-18T19:37:46.848+0000] {subprocess.py:93} INFO - 25/06/18 19:37:46 INFO DAGScheduler: Submitting ResultStage 1 (MapPartitionsRDD[6] at parquet at NativeMethodAccessorImpl.java:0), which has no missing parents
[2025-06-18T19:37:46.907+0000] {subprocess.py:93} INFO - 25/06/18 19:37:46 INFO MemoryStore: Block broadcast_3 stored as values in memory (estimated size 212.4 KiB, free 433.7 MiB)
[2025-06-18T19:37:46.942+0000] {subprocess.py:93} INFO - 25/06/18 19:37:46 INFO MemoryStore: Block broadcast_3_piece0 stored as bytes in memory (estimated size 76.6 KiB, free 433.6 MiB)
[2025-06-18T19:37:46.947+0000] {subprocess.py:93} INFO - 25/06/18 19:37:46 INFO BlockManagerInfo: Added broadcast_3_piece0 in memory on 44e8895ba14c:36161 (size: 76.6 KiB, free: 434.3 MiB)
[2025-06-18T19:37:46.950+0000] {subprocess.py:93} INFO - 25/06/18 19:37:46 INFO SparkContext: Created broadcast 3 from broadcast at DAGScheduler.scala:1585
[2025-06-18T19:37:46.953+0000] {subprocess.py:93} INFO - 25/06/18 19:37:46 INFO DAGScheduler: Submitting 2 missing tasks from ResultStage 1 (MapPartitionsRDD[6] at parquet at NativeMethodAccessorImpl.java:0) (first 15 tasks are for partitions Vector(0, 1))
[2025-06-18T19:37:46.954+0000] {subprocess.py:93} INFO - 25/06/18 19:37:46 INFO TaskSchedulerImpl: Adding task set 1.0 with 2 tasks resource profile 0
[2025-06-18T19:37:46.964+0000] {subprocess.py:93} INFO - 25/06/18 19:37:46 INFO TaskSetManager: Starting task 0.0 in stage 1.0 (TID 2) (44e8895ba14c, executor driver, partition 0, PROCESS_LOCAL, 8239 bytes)
[2025-06-18T19:37:46.972+0000] {subprocess.py:93} INFO - 25/06/18 19:37:46 INFO TaskSetManager: Starting task 1.0 in stage 1.0 (TID 3) (44e8895ba14c, executor driver, partition 1, PROCESS_LOCAL, 8239 bytes)
[2025-06-18T19:37:46.975+0000] {subprocess.py:93} INFO - 25/06/18 19:37:46 INFO Executor: Running task 0.0 in stage 1.0 (TID 2)
[2025-06-18T19:37:46.976+0000] {subprocess.py:93} INFO - 25/06/18 19:37:46 INFO Executor: Running task 1.0 in stage 1.0 (TID 3)
[2025-06-18T19:37:47.321+0000] {subprocess.py:93} INFO - 25/06/18 19:37:47 INFO FileOutputCommitter: File Output Committer Algorithm version is 1
[2025-06-18T19:37:47.322+0000] {subprocess.py:93} INFO - 25/06/18 19:37:47 INFO FileOutputCommitter: FileOutputCommitter skip cleanup _temporary folders under output directory:false, ignore cleanup failures: false
[2025-06-18T19:37:47.330+0000] {subprocess.py:93} INFO - 25/06/18 19:37:47 INFO SQLHadoopMapReduceCommitProtocol: Using user defined output committer class org.apache.parquet.hadoop.ParquetOutputCommitter
[2025-06-18T19:37:47.331+0000] {subprocess.py:93} INFO - 25/06/18 19:37:47 INFO FileOutputCommitter: File Output Committer Algorithm version is 1
[2025-06-18T19:37:47.331+0000] {subprocess.py:93} INFO - 25/06/18 19:37:47 INFO FileOutputCommitter: FileOutputCommitter skip cleanup _temporary folders under output directory:false, ignore cleanup failures: false
[2025-06-18T19:37:47.332+0000] {subprocess.py:93} INFO - 25/06/18 19:37:47 INFO SQLHadoopMapReduceCommitProtocol: Using output committer class org.apache.parquet.hadoop.ParquetOutputCommitter
[2025-06-18T19:37:47.366+0000] {subprocess.py:93} INFO - 25/06/18 19:37:47 INFO CodecConfig: Compression: SNAPPY
[2025-06-18T19:37:47.393+0000] {subprocess.py:93} INFO - 25/06/18 19:37:47 INFO CodecConfig: Compression: SNAPPY
[2025-06-18T19:37:47.408+0000] {subprocess.py:93} INFO - 25/06/18 19:37:47 INFO FileOutputCommitter: File Output Committer Algorithm version is 1
[2025-06-18T19:37:47.410+0000] {subprocess.py:93} INFO - 25/06/18 19:37:47 INFO FileOutputCommitter: FileOutputCommitter skip cleanup _temporary folders under output directory:false, ignore cleanup failures: false
[2025-06-18T19:37:47.411+0000] {subprocess.py:93} INFO - 25/06/18 19:37:47 INFO SQLHadoopMapReduceCommitProtocol: Using user defined output committer class org.apache.parquet.hadoop.ParquetOutputCommitter
[2025-06-18T19:37:47.414+0000] {subprocess.py:93} INFO - 25/06/18 19:37:47 INFO FileOutputCommitter: File Output Committer Algorithm version is 1
[2025-06-18T19:37:47.415+0000] {subprocess.py:93} INFO - 25/06/18 19:37:47 INFO FileOutputCommitter: FileOutputCommitter skip cleanup _temporary folders under output directory:false, ignore cleanup failures: false
[2025-06-18T19:37:47.419+0000] {subprocess.py:93} INFO - 25/06/18 19:37:47 INFO SQLHadoopMapReduceCommitProtocol: Using output committer class org.apache.parquet.hadoop.ParquetOutputCommitter
[2025-06-18T19:37:47.420+0000] {subprocess.py:93} INFO - 25/06/18 19:37:47 INFO FileScanRDD: Reading File path: file:///opt/***/data/raw/user_profiles/user_profiles.json, range: 5699592-7204881, partition values: [empty row]
[2025-06-18T19:37:47.531+0000] {subprocess.py:93} INFO - 25/06/18 19:37:47 INFO CodeGenerator: Code generated in 86.789619 ms
[2025-06-18T19:37:47.561+0000] {subprocess.py:93} INFO - 25/06/18 19:37:47 INFO ParquetOutputFormat: ParquetRecordWriter [block size: 134217728b, row group padding size: 8388608b, validating: false]
[2025-06-18T19:37:47.842+0000] {subprocess.py:93} INFO - 25/06/18 19:37:47 INFO ParquetWriteSupport: Initialized Parquet WriteSupport with Catalyst schema:
[2025-06-18T19:37:47.843+0000] {subprocess.py:93} INFO - {
[2025-06-18T19:37:47.845+0000] {subprocess.py:93} INFO -   "type" : "struct",
[2025-06-18T19:37:47.849+0000] {subprocess.py:93} INFO -   "fields" : [ {
[2025-06-18T19:37:47.851+0000] {subprocess.py:93} INFO -     "name" : "birth_date",
[2025-06-18T19:37:47.851+0000] {subprocess.py:93} INFO -     "type" : "string",
[2025-06-18T19:37:47.853+0000] {subprocess.py:93} INFO -     "nullable" : true,
[2025-06-18T19:37:47.854+0000] {subprocess.py:93} INFO -     "metadata" : { }
[2025-06-18T19:37:47.858+0000] {subprocess.py:93} INFO -   }, {
[2025-06-18T19:37:47.859+0000] {subprocess.py:93} INFO -     "name" : "email",
[2025-06-18T19:37:47.862+0000] {subprocess.py:93} INFO -     "type" : "string",
[2025-06-18T19:37:47.866+0000] {subprocess.py:93} INFO -     "nullable" : true,
[2025-06-18T19:37:47.870+0000] {subprocess.py:93} INFO -     "metadata" : { }
[2025-06-18T19:37:47.871+0000] {subprocess.py:93} INFO -   }, {
[2025-06-18T19:37:47.872+0000] {subprocess.py:93} INFO -     "name" : "full_name",
[2025-06-18T19:37:47.876+0000] {subprocess.py:93} INFO -     "type" : "string",
[2025-06-18T19:37:47.882+0000] {subprocess.py:93} INFO -     "nullable" : true,
[2025-06-18T19:37:47.886+0000] {subprocess.py:93} INFO -     "metadata" : { }
[2025-06-18T19:37:47.886+0000] {subprocess.py:93} INFO -   }, {
[2025-06-18T19:37:47.887+0000] {subprocess.py:93} INFO -     "name" : "phone_number",
[2025-06-18T19:37:47.890+0000] {subprocess.py:93} INFO -     "type" : "string",
[2025-06-18T19:37:47.895+0000] {subprocess.py:93} INFO -     "nullable" : true,
[2025-06-18T19:37:47.896+0000] {subprocess.py:93} INFO -     "metadata" : { }
[2025-06-18T19:37:47.897+0000] {subprocess.py:93} INFO -   }, {
[2025-06-18T19:37:47.902+0000] {subprocess.py:93} INFO -     "name" : "state",
[2025-06-18T19:37:47.903+0000] {subprocess.py:93} INFO -     "type" : "string",
[2025-06-18T19:37:47.904+0000] {subprocess.py:93} INFO -     "nullable" : true,
[2025-06-18T19:37:47.905+0000] {subprocess.py:93} INFO -     "metadata" : { }
[2025-06-18T19:37:47.906+0000] {subprocess.py:93} INFO -   } ]
[2025-06-18T19:37:47.912+0000] {subprocess.py:93} INFO - }
[2025-06-18T19:37:47.913+0000] {subprocess.py:93} INFO - and corresponding Parquet message type:
[2025-06-18T19:37:47.914+0000] {subprocess.py:93} INFO - message spark_schema {
[2025-06-18T19:37:47.915+0000] {subprocess.py:93} INFO -   optional binary birth_date (STRING);
[2025-06-18T19:37:47.918+0000] {subprocess.py:93} INFO -   optional binary email (STRING);
[2025-06-18T19:37:47.919+0000] {subprocess.py:93} INFO -   optional binary full_name (STRING);
[2025-06-18T19:37:47.921+0000] {subprocess.py:93} INFO -   optional binary phone_number (STRING);
[2025-06-18T19:37:47.922+0000] {subprocess.py:93} INFO -   optional binary state (STRING);
[2025-06-18T19:37:47.926+0000] {subprocess.py:93} INFO - }
[2025-06-18T19:37:47.927+0000] {subprocess.py:93} INFO - 
[2025-06-18T19:37:47.928+0000] {subprocess.py:93} INFO - 
[2025-06-18T19:37:47.929+0000] {subprocess.py:93} INFO - 25/06/18 19:37:47 INFO CodecConfig: Compression: SNAPPY
[2025-06-18T19:37:47.933+0000] {subprocess.py:93} INFO - 25/06/18 19:37:47 INFO CodecConfig: Compression: SNAPPY
[2025-06-18T19:37:47.934+0000] {subprocess.py:93} INFO - 25/06/18 19:37:47 INFO ParquetOutputFormat: ParquetRecordWriter [block size: 134217728b, row group padding size: 8388608b, validating: false]
[2025-06-18T19:37:47.935+0000] {subprocess.py:93} INFO - 25/06/18 19:37:47 INFO ParquetWriteSupport: Initialized Parquet WriteSupport with Catalyst schema:
[2025-06-18T19:37:47.936+0000] {subprocess.py:93} INFO - {
[2025-06-18T19:37:47.937+0000] {subprocess.py:93} INFO -   "type" : "struct",
[2025-06-18T19:37:47.937+0000] {subprocess.py:93} INFO -   "fields" : [ {
[2025-06-18T19:37:47.938+0000] {subprocess.py:93} INFO -     "name" : "birth_date",
[2025-06-18T19:37:47.943+0000] {subprocess.py:93} INFO -     "type" : "string",
[2025-06-18T19:37:47.945+0000] {subprocess.py:93} INFO -     "nullable" : true,
[2025-06-18T19:37:47.945+0000] {subprocess.py:93} INFO -     "metadata" : { }
[2025-06-18T19:37:47.947+0000] {subprocess.py:93} INFO -   }, {
[2025-06-18T19:37:47.950+0000] {subprocess.py:93} INFO -     "name" : "email",
[2025-06-18T19:37:47.951+0000] {subprocess.py:93} INFO -     "type" : "string",
[2025-06-18T19:37:47.952+0000] {subprocess.py:93} INFO -     "nullable" : true,
[2025-06-18T19:37:47.952+0000] {subprocess.py:93} INFO -     "metadata" : { }
[2025-06-18T19:37:47.957+0000] {subprocess.py:93} INFO -   }, {
[2025-06-18T19:37:47.958+0000] {subprocess.py:93} INFO -     "name" : "full_name",
[2025-06-18T19:37:47.959+0000] {subprocess.py:93} INFO -     "type" : "string",
[2025-06-18T19:37:47.960+0000] {subprocess.py:93} INFO -     "nullable" : true,
[2025-06-18T19:37:47.960+0000] {subprocess.py:93} INFO -     "metadata" : { }
[2025-06-18T19:37:47.961+0000] {subprocess.py:93} INFO -   }, {
[2025-06-18T19:37:47.962+0000] {subprocess.py:93} INFO -     "name" : "phone_number",
[2025-06-18T19:37:47.963+0000] {subprocess.py:93} INFO -     "type" : "string",
[2025-06-18T19:37:47.963+0000] {subprocess.py:93} INFO -     "nullable" : true,
[2025-06-18T19:37:47.964+0000] {subprocess.py:93} INFO -     "metadata" : { }
[2025-06-18T19:37:47.969+0000] {subprocess.py:93} INFO -   }, {
[2025-06-18T19:37:47.970+0000] {subprocess.py:93} INFO -     "name" : "state",
[2025-06-18T19:37:47.971+0000] {subprocess.py:93} INFO -     "type" : "string",
[2025-06-18T19:37:47.974+0000] {subprocess.py:93} INFO -     "nullable" : true,
[2025-06-18T19:37:47.975+0000] {subprocess.py:93} INFO -     "metadata" : { }
[2025-06-18T19:37:47.975+0000] {subprocess.py:93} INFO -   } ]
[2025-06-18T19:37:47.978+0000] {subprocess.py:93} INFO - }
[2025-06-18T19:37:47.978+0000] {subprocess.py:93} INFO - and corresponding Parquet message type:
[2025-06-18T19:37:47.982+0000] {subprocess.py:93} INFO - message spark_schema {
[2025-06-18T19:37:47.982+0000] {subprocess.py:93} INFO -   optional binary birth_date (STRING);
[2025-06-18T19:37:47.983+0000] {subprocess.py:93} INFO -   optional binary email (STRING);
[2025-06-18T19:37:47.984+0000] {subprocess.py:93} INFO -   optional binary full_name (STRING);
[2025-06-18T19:37:47.987+0000] {subprocess.py:93} INFO -   optional binary phone_number (STRING);
[2025-06-18T19:37:47.994+0000] {subprocess.py:93} INFO -   optional binary state (STRING);
[2025-06-18T19:37:47.995+0000] {subprocess.py:93} INFO - }
[2025-06-18T19:37:47.996+0000] {subprocess.py:93} INFO - 
[2025-06-18T19:37:47.997+0000] {subprocess.py:93} INFO - 
[2025-06-18T19:37:48.239+0000] {subprocess.py:93} INFO - 25/06/18 19:37:48 INFO CodecPool: Got brand-new compressor [.snappy]
[2025-06-18T19:37:48.241+0000] {subprocess.py:93} INFO - 25/06/18 19:37:48 INFO CodecPool: Got brand-new compressor [.snappy]
[2025-06-18T19:37:48.782+0000] {subprocess.py:93} INFO - 25/06/18 19:37:48 INFO FileScanRDD: Reading File path: file:///opt/***/data/raw/user_profiles/user_profiles.json, range: 0-5699592, partition values: [empty row]
[2025-06-18T19:37:52.046+0000] {subprocess.py:93} INFO - 25/06/18 19:37:52 INFO FileOutputCommitter: Saved output of task 'attempt_202506181937467704309133748828490_0001_m_000000_2' to file:/opt/***/data/silver/user_profiles/_temporary/0/task_202506181937467704309133748828490_0001_m_000000
[2025-06-18T19:37:52.049+0000] {subprocess.py:93} INFO - 25/06/18 19:37:52 INFO SparkHadoopMapRedUtil: attempt_202506181937467704309133748828490_0001_m_000000_2: Committed. Elapsed time: 38 ms.
[2025-06-18T19:37:52.066+0000] {subprocess.py:93} INFO - 25/06/18 19:37:52 INFO FileOutputCommitter: Saved output of task 'attempt_202506181937467704309133748828490_0001_m_000001_3' to file:/opt/***/data/silver/user_profiles/_temporary/0/task_202506181937467704309133748828490_0001_m_000001
[2025-06-18T19:37:52.071+0000] {subprocess.py:93} INFO - 25/06/18 19:37:52 INFO SparkHadoopMapRedUtil: attempt_202506181937467704309133748828490_0001_m_000001_3: Committed. Elapsed time: 61 ms.
[2025-06-18T19:37:52.131+0000] {subprocess.py:93} INFO - 25/06/18 19:37:52 INFO Executor: Finished task 1.0 in stage 1.0 (TID 3). 2545 bytes result sent to driver
[2025-06-18T19:37:52.134+0000] {subprocess.py:93} INFO - 25/06/18 19:37:52 INFO Executor: Finished task 0.0 in stage 1.0 (TID 2). 2545 bytes result sent to driver
[2025-06-18T19:37:52.145+0000] {subprocess.py:93} INFO - 25/06/18 19:37:52 INFO TaskSetManager: Finished task 1.0 in stage 1.0 (TID 3) in 5180 ms on 44e8895ba14c (executor driver) (1/2)
[2025-06-18T19:37:52.160+0000] {subprocess.py:93} INFO - 25/06/18 19:37:52 INFO TaskSetManager: Finished task 0.0 in stage 1.0 (TID 2) in 5188 ms on 44e8895ba14c (executor driver) (2/2)
[2025-06-18T19:37:52.170+0000] {subprocess.py:93} INFO - 25/06/18 19:37:52 INFO TaskSchedulerImpl: Removed TaskSet 1.0, whose tasks have all completed, from pool
[2025-06-18T19:37:52.174+0000] {subprocess.py:93} INFO - 25/06/18 19:37:52 INFO DAGScheduler: ResultStage 1 (parquet at NativeMethodAccessorImpl.java:0) finished in 5.329 s
[2025-06-18T19:37:52.176+0000] {subprocess.py:93} INFO - 25/06/18 19:37:52 INFO DAGScheduler: Job 1 is finished. Cancelling potential speculative or zombie tasks for this job
[2025-06-18T19:37:52.177+0000] {subprocess.py:93} INFO - 25/06/18 19:37:52 INFO TaskSchedulerImpl: Killing all running tasks in stage 1: Stage finished
[2025-06-18T19:37:52.178+0000] {subprocess.py:93} INFO - 25/06/18 19:37:52 INFO DAGScheduler: Job 1 finished: parquet at NativeMethodAccessorImpl.java:0, took 5.345187 s
[2025-06-18T19:37:52.183+0000] {subprocess.py:93} INFO - 25/06/18 19:37:52 INFO FileFormatWriter: Start to commit write Job 872c2d19-013b-4f76-af77-4a5615c89fd5.
[2025-06-18T19:37:52.405+0000] {subprocess.py:93} INFO - 25/06/18 19:37:52 INFO BlockManagerInfo: Removed broadcast_0_piece0 on 44e8895ba14c:36161 in memory (size: 34.2 KiB, free: 434.3 MiB)
[2025-06-18T19:37:52.458+0000] {subprocess.py:93} INFO - 25/06/18 19:37:52 INFO BlockManagerInfo: Removed broadcast_1_piece0 on 44e8895ba14c:36161 in memory (size: 7.5 KiB, free: 434.3 MiB)
[2025-06-18T19:37:52.735+0000] {subprocess.py:93} INFO - 25/06/18 19:37:52 INFO FileFormatWriter: Write Job 872c2d19-013b-4f76-af77-4a5615c89fd5 committed. Elapsed time: 551 ms.
[2025-06-18T19:37:52.743+0000] {subprocess.py:93} INFO - 25/06/18 19:37:52 INFO FileFormatWriter: Finished processing stats for write job 872c2d19-013b-4f76-af77-4a5615c89fd5.
[2025-06-18T19:37:52.905+0000] {subprocess.py:93} INFO - 25/06/18 19:37:52 INFO InMemoryFileIndex: It took 102 ms to list leaf files for 1 paths.
[2025-06-18T19:37:52.984+0000] {subprocess.py:93} INFO - 25/06/18 19:37:52 INFO SparkContext: Starting job: parquet at NativeMethodAccessorImpl.java:0
[2025-06-18T19:37:52.987+0000] {subprocess.py:93} INFO - 25/06/18 19:37:52 INFO DAGScheduler: Got job 2 (parquet at NativeMethodAccessorImpl.java:0) with 1 output partitions
[2025-06-18T19:37:52.988+0000] {subprocess.py:93} INFO - 25/06/18 19:37:52 INFO DAGScheduler: Final stage: ResultStage 2 (parquet at NativeMethodAccessorImpl.java:0)
[2025-06-18T19:37:52.990+0000] {subprocess.py:93} INFO - 25/06/18 19:37:52 INFO DAGScheduler: Parents of final stage: List()
[2025-06-18T19:37:52.993+0000] {subprocess.py:93} INFO - 25/06/18 19:37:52 INFO DAGScheduler: Missing parents: List()
[2025-06-18T19:37:52.994+0000] {subprocess.py:93} INFO - 25/06/18 19:37:52 INFO DAGScheduler: Submitting ResultStage 2 (MapPartitionsRDD[8] at parquet at NativeMethodAccessorImpl.java:0), which has no missing parents
[2025-06-18T19:37:53.028+0000] {subprocess.py:93} INFO - 25/06/18 19:37:53 INFO MemoryStore: Block broadcast_4 stored as values in memory (estimated size 103.3 KiB, free 433.8 MiB)
[2025-06-18T19:37:53.033+0000] {subprocess.py:93} INFO - 25/06/18 19:37:53 INFO MemoryStore: Block broadcast_4_piece0 stored as bytes in memory (estimated size 37.2 KiB, free 433.8 MiB)
[2025-06-18T19:37:53.037+0000] {subprocess.py:93} INFO - 25/06/18 19:37:53 INFO BlockManagerInfo: Added broadcast_4_piece0 in memory on 44e8895ba14c:36161 (size: 37.2 KiB, free: 434.3 MiB)
[2025-06-18T19:37:53.041+0000] {subprocess.py:93} INFO - 25/06/18 19:37:53 INFO SparkContext: Created broadcast 4 from broadcast at DAGScheduler.scala:1585
[2025-06-18T19:37:53.043+0000] {subprocess.py:93} INFO - 25/06/18 19:37:53 INFO DAGScheduler: Submitting 1 missing tasks from ResultStage 2 (MapPartitionsRDD[8] at parquet at NativeMethodAccessorImpl.java:0) (first 15 tasks are for partitions Vector(0))
[2025-06-18T19:37:53.044+0000] {subprocess.py:93} INFO - 25/06/18 19:37:53 INFO TaskSchedulerImpl: Adding task set 2.0 with 1 tasks resource profile 0
[2025-06-18T19:37:53.051+0000] {subprocess.py:93} INFO - 25/06/18 19:37:53 INFO TaskSetManager: Starting task 0.0 in stage 2.0 (TID 4) (44e8895ba14c, executor driver, partition 0, PROCESS_LOCAL, 7844 bytes)
[2025-06-18T19:37:53.054+0000] {subprocess.py:93} INFO - 25/06/18 19:37:53 INFO Executor: Running task 0.0 in stage 2.0 (TID 4)
[2025-06-18T19:37:53.186+0000] {subprocess.py:93} INFO - 25/06/18 19:37:53 INFO Executor: Finished task 0.0 in stage 2.0 (TID 4). 1969 bytes result sent to driver
[2025-06-18T19:37:53.189+0000] {subprocess.py:93} INFO - 25/06/18 19:37:53 INFO TaskSetManager: Finished task 0.0 in stage 2.0 (TID 4) in 146 ms on 44e8895ba14c (executor driver) (1/1)
[2025-06-18T19:37:53.191+0000] {subprocess.py:93} INFO - 25/06/18 19:37:53 INFO DAGScheduler: ResultStage 2 (parquet at NativeMethodAccessorImpl.java:0) finished in 0.197 s
[2025-06-18T19:37:53.196+0000] {subprocess.py:93} INFO - 25/06/18 19:37:53 INFO TaskSchedulerImpl: Removed TaskSet 2.0, whose tasks have all completed, from pool
[2025-06-18T19:37:53.202+0000] {subprocess.py:93} INFO - 25/06/18 19:37:53 INFO DAGScheduler: Job 2 is finished. Cancelling potential speculative or zombie tasks for this job
[2025-06-18T19:37:53.202+0000] {subprocess.py:93} INFO - 25/06/18 19:37:53 INFO TaskSchedulerImpl: Killing all running tasks in stage 2: Stage finished
[2025-06-18T19:37:53.203+0000] {subprocess.py:93} INFO - 25/06/18 19:37:53 INFO DAGScheduler: Job 2 finished: parquet at NativeMethodAccessorImpl.java:0, took 0.213180 s
[2025-06-18T19:37:53.355+0000] {subprocess.py:93} INFO - 25/06/18 19:37:53 INFO InMemoryFileIndex: It took 76 ms to list leaf files for 1 paths.
[2025-06-18T19:37:53.409+0000] {subprocess.py:93} INFO - 25/06/18 19:37:53 INFO SparkContext: Starting job: parquet at NativeMethodAccessorImpl.java:0
[2025-06-18T19:37:53.413+0000] {subprocess.py:93} INFO - 25/06/18 19:37:53 INFO DAGScheduler: Got job 3 (parquet at NativeMethodAccessorImpl.java:0) with 1 output partitions
[2025-06-18T19:37:53.414+0000] {subprocess.py:93} INFO - 25/06/18 19:37:53 INFO DAGScheduler: Final stage: ResultStage 3 (parquet at NativeMethodAccessorImpl.java:0)
[2025-06-18T19:37:53.414+0000] {subprocess.py:93} INFO - 25/06/18 19:37:53 INFO DAGScheduler: Parents of final stage: List()
[2025-06-18T19:37:53.415+0000] {subprocess.py:93} INFO - 25/06/18 19:37:53 INFO DAGScheduler: Missing parents: List()
[2025-06-18T19:37:53.418+0000] {subprocess.py:93} INFO - 25/06/18 19:37:53 INFO DAGScheduler: Submitting ResultStage 3 (MapPartitionsRDD[10] at parquet at NativeMethodAccessorImpl.java:0), which has no missing parents
[2025-06-18T19:37:53.432+0000] {subprocess.py:93} INFO - 25/06/18 19:37:53 INFO MemoryStore: Block broadcast_5 stored as values in memory (estimated size 103.3 KiB, free 433.7 MiB)
[2025-06-18T19:37:53.437+0000] {subprocess.py:93} INFO - 25/06/18 19:37:53 INFO MemoryStore: Block broadcast_5_piece0 stored as bytes in memory (estimated size 37.2 KiB, free 433.6 MiB)
[2025-06-18T19:37:53.446+0000] {subprocess.py:93} INFO - 25/06/18 19:37:53 INFO BlockManagerInfo: Added broadcast_5_piece0 in memory on 44e8895ba14c:36161 (size: 37.2 KiB, free: 434.2 MiB)
[2025-06-18T19:37:53.448+0000] {subprocess.py:93} INFO - 25/06/18 19:37:53 INFO SparkContext: Created broadcast 5 from broadcast at DAGScheduler.scala:1585
[2025-06-18T19:37:53.450+0000] {subprocess.py:93} INFO - 25/06/18 19:37:53 INFO DAGScheduler: Submitting 1 missing tasks from ResultStage 3 (MapPartitionsRDD[10] at parquet at NativeMethodAccessorImpl.java:0) (first 15 tasks are for partitions Vector(0))
[2025-06-18T19:37:53.452+0000] {subprocess.py:93} INFO - 25/06/18 19:37:53 INFO TaskSchedulerImpl: Adding task set 3.0 with 1 tasks resource profile 0
[2025-06-18T19:37:53.455+0000] {subprocess.py:93} INFO - 25/06/18 19:37:53 INFO TaskSetManager: Starting task 0.0 in stage 3.0 (TID 5) (44e8895ba14c, executor driver, partition 0, PROCESS_LOCAL, 7821 bytes)
[2025-06-18T19:37:53.457+0000] {subprocess.py:93} INFO - 25/06/18 19:37:53 INFO Executor: Running task 0.0 in stage 3.0 (TID 5)
[2025-06-18T19:37:53.544+0000] {subprocess.py:93} INFO - 25/06/18 19:37:53 INFO Executor: Finished task 0.0 in stage 3.0 (TID 5). 1823 bytes result sent to driver
[2025-06-18T19:37:53.550+0000] {subprocess.py:93} INFO - 25/06/18 19:37:53 INFO TaskSetManager: Finished task 0.0 in stage 3.0 (TID 5) in 94 ms on 44e8895ba14c (executor driver) (1/1)
[2025-06-18T19:37:53.552+0000] {subprocess.py:93} INFO - 25/06/18 19:37:53 INFO DAGScheduler: ResultStage 3 (parquet at NativeMethodAccessorImpl.java:0) finished in 0.131 s
[2025-06-18T19:37:53.553+0000] {subprocess.py:93} INFO - 25/06/18 19:37:53 INFO TaskSchedulerImpl: Removed TaskSet 3.0, whose tasks have all completed, from pool
[2025-06-18T19:37:53.554+0000] {subprocess.py:93} INFO - 25/06/18 19:37:53 INFO DAGScheduler: Job 3 is finished. Cancelling potential speculative or zombie tasks for this job
[2025-06-18T19:37:53.556+0000] {subprocess.py:93} INFO - 25/06/18 19:37:53 INFO TaskSchedulerImpl: Killing all running tasks in stage 3: Stage finished
[2025-06-18T19:37:53.562+0000] {subprocess.py:93} INFO - 25/06/18 19:37:53 INFO DAGScheduler: Job 3 finished: parquet at NativeMethodAccessorImpl.java:0, took 0.147764 s
[2025-06-18T19:37:54.074+0000] {subprocess.py:93} INFO - 25/06/18 19:37:54 INFO BlockManagerInfo: Removed broadcast_5_piece0 on 44e8895ba14c:36161 in memory (size: 37.2 KiB, free: 434.3 MiB)
[2025-06-18T19:37:54.110+0000] {subprocess.py:93} INFO - 25/06/18 19:37:54 INFO BlockManagerInfo: Removed broadcast_4_piece0 on 44e8895ba14c:36161 in memory (size: 37.2 KiB, free: 434.3 MiB)
[2025-06-18T19:37:54.235+0000] {subprocess.py:93} INFO - 25/06/18 19:37:54 INFO FileSourceStrategy: Pushed Filters:
[2025-06-18T19:37:54.236+0000] {subprocess.py:93} INFO - 25/06/18 19:37:54 INFO FileSourceStrategy: Post-Scan Filters:
[2025-06-18T19:37:54.247+0000] {subprocess.py:93} INFO - 25/06/18 19:37:54 INFO FileSourceStrategy: Pushed Filters: IsNotNull(email)
[2025-06-18T19:37:54.252+0000] {subprocess.py:93} INFO - 25/06/18 19:37:54 INFO FileSourceStrategy: Post-Scan Filters: isnotnull(email#41)
[2025-06-18T19:37:54.612+0000] {subprocess.py:93} INFO - 25/06/18 19:37:54 INFO CodeGenerator: Code generated in 119.148202 ms
[2025-06-18T19:37:54.626+0000] {subprocess.py:93} INFO - 25/06/18 19:37:54 INFO MemoryStore: Block broadcast_6 stored as values in memory (estimated size 201.1 KiB, free 433.7 MiB)
[2025-06-18T19:37:54.639+0000] {subprocess.py:93} INFO - 25/06/18 19:37:54 INFO MemoryStore: Block broadcast_6_piece0 stored as bytes in memory (estimated size 35.0 KiB, free 433.7 MiB)
[2025-06-18T19:37:54.642+0000] {subprocess.py:93} INFO - 25/06/18 19:37:54 INFO BlockManagerInfo: Added broadcast_6_piece0 in memory on 44e8895ba14c:36161 (size: 35.0 KiB, free: 434.3 MiB)
[2025-06-18T19:37:54.647+0000] {subprocess.py:93} INFO - 25/06/18 19:37:54 INFO SparkContext: Created broadcast 6 from $anonfun$withThreadLocalCaptured$1 at FutureTask.java:264
[2025-06-18T19:37:54.654+0000] {subprocess.py:93} INFO - 25/06/18 19:37:54 INFO FileSourceScanExec: Planning scan with bin packing, max size: 5149248 bytes, open cost is considered as scanning 4194304 bytes.
[2025-06-18T19:37:54.725+0000] {subprocess.py:93} INFO - 25/06/18 19:37:54 INFO SparkContext: Starting job: $anonfun$withThreadLocalCaptured$1 at FutureTask.java:264
[2025-06-18T19:37:54.726+0000] {subprocess.py:93} INFO - 25/06/18 19:37:54 INFO DAGScheduler: Got job 4 ($anonfun$withThreadLocalCaptured$1 at FutureTask.java:264) with 2 output partitions
[2025-06-18T19:37:54.730+0000] {subprocess.py:93} INFO - 25/06/18 19:37:54 INFO DAGScheduler: Final stage: ResultStage 4 ($anonfun$withThreadLocalCaptured$1 at FutureTask.java:264)
[2025-06-18T19:37:54.732+0000] {subprocess.py:93} INFO - 25/06/18 19:37:54 INFO DAGScheduler: Parents of final stage: List()
[2025-06-18T19:37:54.734+0000] {subprocess.py:93} INFO - 25/06/18 19:37:54 INFO DAGScheduler: Missing parents: List()
[2025-06-18T19:37:54.735+0000] {subprocess.py:93} INFO - 25/06/18 19:37:54 INFO DAGScheduler: Submitting ResultStage 4 (MapPartitionsRDD[14] at $anonfun$withThreadLocalCaptured$1 at FutureTask.java:264), which has no missing parents
[2025-06-18T19:37:54.743+0000] {subprocess.py:93} INFO - 25/06/18 19:37:54 INFO MemoryStore: Block broadcast_7 stored as values in memory (estimated size 17.2 KiB, free 433.6 MiB)
[2025-06-18T19:37:54.781+0000] {subprocess.py:93} INFO - 25/06/18 19:37:54 INFO MemoryStore: Block broadcast_7_piece0 stored as bytes in memory (estimated size 7.4 KiB, free 433.6 MiB)
[2025-06-18T19:37:54.785+0000] {subprocess.py:93} INFO - 25/06/18 19:37:54 INFO BlockManagerInfo: Added broadcast_7_piece0 in memory on 44e8895ba14c:36161 (size: 7.4 KiB, free: 434.3 MiB)
[2025-06-18T19:37:54.787+0000] {subprocess.py:93} INFO - 25/06/18 19:37:54 INFO SparkContext: Created broadcast 7 from broadcast at DAGScheduler.scala:1585
[2025-06-18T19:37:54.798+0000] {subprocess.py:93} INFO - 25/06/18 19:37:54 INFO DAGScheduler: Submitting 2 missing tasks from ResultStage 4 (MapPartitionsRDD[14] at $anonfun$withThreadLocalCaptured$1 at FutureTask.java:264) (first 15 tasks are for partitions Vector(0, 1))
[2025-06-18T19:37:54.799+0000] {subprocess.py:93} INFO - 25/06/18 19:37:54 INFO TaskSchedulerImpl: Adding task set 4.0 with 2 tasks resource profile 0
[2025-06-18T19:37:54.803+0000] {subprocess.py:93} INFO - 25/06/18 19:37:54 INFO TaskSetManager: Starting task 0.0 in stage 4.0 (TID 6) (44e8895ba14c, executor driver, partition 0, PROCESS_LOCAL, 8291 bytes)
[2025-06-18T19:37:54.806+0000] {subprocess.py:93} INFO - 25/06/18 19:37:54 INFO TaskSetManager: Starting task 1.0 in stage 4.0 (TID 7) (44e8895ba14c, executor driver, partition 1, PROCESS_LOCAL, 8291 bytes)
[2025-06-18T19:37:54.810+0000] {subprocess.py:93} INFO - 25/06/18 19:37:54 INFO Executor: Running task 1.0 in stage 4.0 (TID 7)
[2025-06-18T19:37:54.814+0000] {subprocess.py:93} INFO - 25/06/18 19:37:54 INFO Executor: Running task 0.0 in stage 4.0 (TID 6)
[2025-06-18T19:37:55.022+0000] {subprocess.py:93} INFO - 25/06/18 19:37:55 INFO CodeGenerator: Code generated in 129.420579 ms
[2025-06-18T19:37:55.029+0000] {subprocess.py:93} INFO - 25/06/18 19:37:55 INFO FileScanRDD: Reading File path: file:///opt/***/data/silver/user_profiles/part-00000-439a6ebe-6a44-47c0-a36f-7da305260187-c000.snappy.parquet, range: 0-1491430, partition values: [empty row]
[2025-06-18T19:37:55.032+0000] {subprocess.py:93} INFO - 25/06/18 19:37:55 INFO FileScanRDD: Reading File path: file:///opt/***/data/silver/user_profiles/part-00001-439a6ebe-6a44-47c0-a36f-7da305260187-c000.snappy.parquet, range: 0-418459, partition values: [empty row]
[2025-06-18T19:37:55.226+0000] {subprocess.py:93} INFO - 25/06/18 19:37:55 INFO FilterCompat: Filtering using predicate: noteq(email, null)
[2025-06-18T19:37:55.228+0000] {subprocess.py:93} INFO - 25/06/18 19:37:55 INFO FilterCompat: Filtering using predicate: noteq(email, null)
[2025-06-18T19:37:55.405+0000] {subprocess.py:93} INFO - 25/06/18 19:37:55 INFO CodecPool: Got brand-new decompressor [.snappy]
[2025-06-18T19:37:55.409+0000] {subprocess.py:93} INFO - 25/06/18 19:37:55 INFO CodecPool: Got brand-new decompressor [.snappy]
[2025-06-18T19:37:56.338+0000] {subprocess.py:93} INFO - 25/06/18 19:37:56 INFO Executor: Finished task 1.0 in stage 4.0 (TID 7). 442342 bytes result sent to driver
[2025-06-18T19:37:56.388+0000] {subprocess.py:93} INFO - 25/06/18 19:37:56 INFO TaskSetManager: Finished task 1.0 in stage 4.0 (TID 7) in 1581 ms on 44e8895ba14c (executor driver) (1/2)
[2025-06-18T19:37:56.843+0000] {subprocess.py:93} INFO - 25/06/18 19:37:56 INFO MemoryStore: Block taskresult_6 stored as bytes in memory (estimated size 1621.1 KiB, free 432.1 MiB)
[2025-06-18T19:37:56.854+0000] {subprocess.py:93} INFO - 25/06/18 19:37:56 INFO BlockManagerInfo: Added taskresult_6 in memory on 44e8895ba14c:36161 (size: 1621.1 KiB, free: 432.7 MiB)
[2025-06-18T19:37:56.864+0000] {subprocess.py:93} INFO - 25/06/18 19:37:56 INFO Executor: Finished task 0.0 in stage 4.0 (TID 6). 1659960 bytes result sent via BlockManager)
[2025-06-18T19:37:57.008+0000] {subprocess.py:93} INFO - 25/06/18 19:37:57 INFO TransportClientFactory: Successfully created connection to 44e8895ba14c/172.18.0.3:36161 after 49 ms (0 ms spent in bootstraps)
[2025-06-18T19:37:57.322+0000] {subprocess.py:93} INFO - 25/06/18 19:37:57 INFO TaskSetManager: Finished task 0.0 in stage 4.0 (TID 6) in 2520 ms on 44e8895ba14c (executor driver) (2/2)
[2025-06-18T19:37:57.323+0000] {subprocess.py:93} INFO - 25/06/18 19:37:57 INFO TaskSchedulerImpl: Removed TaskSet 4.0, whose tasks have all completed, from pool
[2025-06-18T19:37:57.326+0000] {subprocess.py:93} INFO - 25/06/18 19:37:57 INFO DAGScheduler: ResultStage 4 ($anonfun$withThreadLocalCaptured$1 at FutureTask.java:264) finished in 2.586 s
[2025-06-18T19:37:57.330+0000] {subprocess.py:93} INFO - 25/06/18 19:37:57 INFO DAGScheduler: Job 4 is finished. Cancelling potential speculative or zombie tasks for this job
[2025-06-18T19:37:57.331+0000] {subprocess.py:93} INFO - 25/06/18 19:37:57 INFO TaskSchedulerImpl: Killing all running tasks in stage 4: Stage finished
[2025-06-18T19:37:57.332+0000] {subprocess.py:93} INFO - 25/06/18 19:37:57 INFO DAGScheduler: Job 4 finished: $anonfun$withThreadLocalCaptured$1 at FutureTask.java:264, took 2.602849 s
[2025-06-18T19:37:57.334+0000] {subprocess.py:93} INFO - 25/06/18 19:37:57 INFO BlockManagerInfo: Removed taskresult_6 on 44e8895ba14c:36161 in memory (size: 1621.1 KiB, free: 434.3 MiB)
[2025-06-18T19:37:57.407+0000] {subprocess.py:93} INFO - 25/06/18 19:37:57 INFO CodeGenerator: Code generated in 34.82952 ms
[2025-06-18T19:37:57.559+0000] {subprocess.py:93} INFO - 25/06/18 19:37:57 INFO MemoryStore: Block broadcast_8 stored as values in memory (estimated size 10.0 MiB, free 423.6 MiB)
[2025-06-18T19:37:57.650+0000] {subprocess.py:93} INFO - 25/06/18 19:37:57 INFO MemoryStore: Block broadcast_8_piece0 stored as bytes in memory (estimated size 2.6 MiB, free 421.0 MiB)
[2025-06-18T19:37:57.653+0000] {subprocess.py:93} INFO - 25/06/18 19:37:57 INFO BlockManagerInfo: Added broadcast_8_piece0 in memory on 44e8895ba14c:36161 (size: 2.6 MiB, free: 431.6 MiB)
[2025-06-18T19:37:57.654+0000] {subprocess.py:93} INFO - 25/06/18 19:37:57 INFO SparkContext: Created broadcast 8 from $anonfun$withThreadLocalCaptured$1 at FutureTask.java:264
[2025-06-18T19:37:57.657+0000] {subprocess.py:93} INFO - 25/06/18 19:37:57 INFO BlockManagerInfo: Removed broadcast_7_piece0 on 44e8895ba14c:36161 in memory (size: 7.4 KiB, free: 431.6 MiB)
[2025-06-18T19:37:57.686+0000] {subprocess.py:93} INFO - 25/06/18 19:37:57 INFO FileSourceStrategy: Pushed Filters:
[2025-06-18T19:37:57.690+0000] {subprocess.py:93} INFO - 25/06/18 19:37:57 INFO FileSourceStrategy: Post-Scan Filters:
[2025-06-18T19:37:57.792+0000] {subprocess.py:93} INFO - 25/06/18 19:37:57 INFO ParquetUtils: Using default output committer for Parquet: org.apache.parquet.hadoop.ParquetOutputCommitter
[2025-06-18T19:37:57.802+0000] {subprocess.py:93} INFO - 25/06/18 19:37:57 INFO FileOutputCommitter: File Output Committer Algorithm version is 1
[2025-06-18T19:37:57.803+0000] {subprocess.py:93} INFO - 25/06/18 19:37:57 INFO FileOutputCommitter: FileOutputCommitter skip cleanup _temporary folders under output directory:false, ignore cleanup failures: false
[2025-06-18T19:37:57.804+0000] {subprocess.py:93} INFO - 25/06/18 19:37:57 INFO SQLHadoopMapReduceCommitProtocol: Using user defined output committer class org.apache.parquet.hadoop.ParquetOutputCommitter
[2025-06-18T19:37:57.804+0000] {subprocess.py:93} INFO - 25/06/18 19:37:57 INFO FileOutputCommitter: File Output Committer Algorithm version is 1
[2025-06-18T19:37:57.805+0000] {subprocess.py:93} INFO - 25/06/18 19:37:57 INFO FileOutputCommitter: FileOutputCommitter skip cleanup _temporary folders under output directory:false, ignore cleanup failures: false
[2025-06-18T19:37:57.806+0000] {subprocess.py:93} INFO - 25/06/18 19:37:57 INFO SQLHadoopMapReduceCommitProtocol: Using output committer class org.apache.parquet.hadoop.ParquetOutputCommitter
[2025-06-18T19:37:57.925+0000] {subprocess.py:93} INFO - 25/06/18 19:37:57 INFO CodeGenerator: Code generated in 35.936437 ms
[2025-06-18T19:37:57.932+0000] {subprocess.py:93} INFO - 25/06/18 19:37:57 INFO MemoryStore: Block broadcast_9 stored as values in memory (estimated size 201.5 KiB, free 420.9 MiB)
[2025-06-18T19:37:57.946+0000] {subprocess.py:93} INFO - 25/06/18 19:37:57 INFO MemoryStore: Block broadcast_9_piece0 stored as bytes in memory (estimated size 35.1 KiB, free 420.8 MiB)
[2025-06-18T19:37:57.954+0000] {subprocess.py:93} INFO - 25/06/18 19:37:57 INFO BlockManagerInfo: Added broadcast_9_piece0 in memory on 44e8895ba14c:36161 (size: 35.1 KiB, free: 431.6 MiB)
[2025-06-18T19:37:57.956+0000] {subprocess.py:93} INFO - 25/06/18 19:37:57 INFO SparkContext: Created broadcast 9 from parquet at NativeMethodAccessorImpl.java:0
[2025-06-18T19:37:57.958+0000] {subprocess.py:93} INFO - 25/06/18 19:37:57 INFO FileSourceScanExec: Planning scan with bin packing, max size: 4634870 bytes, open cost is considered as scanning 4194304 bytes.
[2025-06-18T19:37:57.994+0000] {subprocess.py:93} INFO - 25/06/18 19:37:57 INFO SparkContext: Starting job: parquet at NativeMethodAccessorImpl.java:0
[2025-06-18T19:37:57.999+0000] {subprocess.py:93} INFO - 25/06/18 19:37:57 INFO DAGScheduler: Got job 5 (parquet at NativeMethodAccessorImpl.java:0) with 2 output partitions
[2025-06-18T19:37:58.000+0000] {subprocess.py:93} INFO - 25/06/18 19:37:58 INFO DAGScheduler: Final stage: ResultStage 5 (parquet at NativeMethodAccessorImpl.java:0)
[2025-06-18T19:37:58.001+0000] {subprocess.py:93} INFO - 25/06/18 19:37:58 INFO DAGScheduler: Parents of final stage: List()
[2025-06-18T19:37:58.009+0000] {subprocess.py:93} INFO - 25/06/18 19:37:58 INFO DAGScheduler: Missing parents: List()
[2025-06-18T19:37:58.012+0000] {subprocess.py:93} INFO - 25/06/18 19:37:58 INFO DAGScheduler: Submitting ResultStage 5 (MapPartitionsRDD[18] at parquet at NativeMethodAccessorImpl.java:0), which has no missing parents
[2025-06-18T19:37:58.056+0000] {subprocess.py:93} INFO - 25/06/18 19:37:58 INFO MemoryStore: Block broadcast_10 stored as values in memory (estimated size 221.9 KiB, free 420.6 MiB)
[2025-06-18T19:37:58.073+0000] {subprocess.py:93} INFO - 25/06/18 19:37:58 INFO MemoryStore: Block broadcast_10_piece0 stored as bytes in memory (estimated size 78.8 KiB, free 420.5 MiB)
[2025-06-18T19:37:58.075+0000] {subprocess.py:93} INFO - 25/06/18 19:37:58 INFO BlockManagerInfo: Added broadcast_10_piece0 in memory on 44e8895ba14c:36161 (size: 78.8 KiB, free: 431.5 MiB)
[2025-06-18T19:37:58.081+0000] {subprocess.py:93} INFO - 25/06/18 19:37:58 INFO SparkContext: Created broadcast 10 from broadcast at DAGScheduler.scala:1585
[2025-06-18T19:37:58.082+0000] {subprocess.py:93} INFO - 25/06/18 19:37:58 INFO DAGScheduler: Submitting 2 missing tasks from ResultStage 5 (MapPartitionsRDD[18] at parquet at NativeMethodAccessorImpl.java:0) (first 15 tasks are for partitions Vector(0, 1))
[2025-06-18T19:37:58.083+0000] {subprocess.py:93} INFO - 25/06/18 19:37:58 INFO TaskSchedulerImpl: Adding task set 5.0 with 2 tasks resource profile 0
[2025-06-18T19:37:58.087+0000] {subprocess.py:93} INFO - 25/06/18 19:37:58 INFO TaskSetManager: Starting task 0.0 in stage 5.0 (TID 8) (44e8895ba14c, executor driver, partition 0, PROCESS_LOCAL, 8314 bytes)
[2025-06-18T19:37:58.089+0000] {subprocess.py:93} INFO - 25/06/18 19:37:58 INFO TaskSetManager: Starting task 1.0 in stage 5.0 (TID 9) (44e8895ba14c, executor driver, partition 1, PROCESS_LOCAL, 8314 bytes)
[2025-06-18T19:37:58.092+0000] {subprocess.py:93} INFO - 25/06/18 19:37:58 INFO Executor: Running task 1.0 in stage 5.0 (TID 9)
[2025-06-18T19:37:58.093+0000] {subprocess.py:93} INFO - 25/06/18 19:37:58 INFO Executor: Running task 0.0 in stage 5.0 (TID 8)
[2025-06-18T19:37:58.200+0000] {subprocess.py:93} INFO - 25/06/18 19:37:58 INFO CodeGenerator: Code generated in 68.954863 ms
[2025-06-18T19:37:58.205+0000] {subprocess.py:93} INFO - 25/06/18 19:37:58 INFO FileOutputCommitter: File Output Committer Algorithm version is 1
[2025-06-18T19:37:58.206+0000] {subprocess.py:93} INFO - 25/06/18 19:37:58 INFO FileOutputCommitter: FileOutputCommitter skip cleanup _temporary folders under output directory:false, ignore cleanup failures: false
[2025-06-18T19:37:58.210+0000] {subprocess.py:93} INFO - 25/06/18 19:37:58 INFO FileOutputCommitter: File Output Committer Algorithm version is 1
[2025-06-18T19:37:58.211+0000] {subprocess.py:93} INFO - 25/06/18 19:37:58 INFO FileOutputCommitter: FileOutputCommitter skip cleanup _temporary folders under output directory:false, ignore cleanup failures: false
[2025-06-18T19:37:58.212+0000] {subprocess.py:93} INFO - 25/06/18 19:37:58 INFO SQLHadoopMapReduceCommitProtocol: Using user defined output committer class org.apache.parquet.hadoop.ParquetOutputCommitter
[2025-06-18T19:37:58.214+0000] {subprocess.py:93} INFO - 25/06/18 19:37:58 INFO FileOutputCommitter: File Output Committer Algorithm version is 1
[2025-06-18T19:37:58.214+0000] {subprocess.py:93} INFO - 25/06/18 19:37:58 INFO FileOutputCommitter: FileOutputCommitter skip cleanup _temporary folders under output directory:false, ignore cleanup failures: false
[2025-06-18T19:37:58.220+0000] {subprocess.py:93} INFO - 25/06/18 19:37:58 INFO SQLHadoopMapReduceCommitProtocol: Using output committer class org.apache.parquet.hadoop.ParquetOutputCommitter
[2025-06-18T19:37:58.222+0000] {subprocess.py:93} INFO - 25/06/18 19:37:58 INFO SQLHadoopMapReduceCommitProtocol: Using user defined output committer class org.apache.parquet.hadoop.ParquetOutputCommitter
[2025-06-18T19:37:58.225+0000] {subprocess.py:93} INFO - 25/06/18 19:37:58 INFO FileOutputCommitter: File Output Committer Algorithm version is 1
[2025-06-18T19:37:58.234+0000] {subprocess.py:93} INFO - 25/06/18 19:37:58 INFO FileOutputCommitter: FileOutputCommitter skip cleanup _temporary folders under output directory:false, ignore cleanup failures: false
[2025-06-18T19:37:58.235+0000] {subprocess.py:93} INFO - 25/06/18 19:37:58 INFO SQLHadoopMapReduceCommitProtocol: Using output committer class org.apache.parquet.hadoop.ParquetOutputCommitter
[2025-06-18T19:37:58.239+0000] {subprocess.py:93} INFO - 25/06/18 19:37:58 INFO CodecConfig: Compression: SNAPPY
[2025-06-18T19:37:58.242+0000] {subprocess.py:93} INFO - 25/06/18 19:37:58 INFO FileScanRDD: Reading File path: file:///opt/***/data/silver/customers_updated_from_user_profiles/part-00001-27a06206-1e4f-4bfa-98e0-1ad254f6399f-c000.snappy.parquet, range: 0-438040, partition values: [empty row]
[2025-06-18T19:37:58.244+0000] {subprocess.py:93} INFO - 25/06/18 19:37:58 INFO CodecConfig: Compression: SNAPPY
[2025-06-18T19:37:58.251+0000] {subprocess.py:93} INFO - 25/06/18 19:37:58 INFO ParquetOutputFormat: ParquetRecordWriter [block size: 134217728b, row group padding size: 8388608b, validating: false]
[2025-06-18T19:37:58.254+0000] {subprocess.py:93} INFO - 25/06/18 19:37:58 INFO ParquetWriteSupport: Initialized Parquet WriteSupport with Catalyst schema:
[2025-06-18T19:37:58.255+0000] {subprocess.py:93} INFO - {
[2025-06-18T19:37:58.256+0000] {subprocess.py:93} INFO -   "type" : "struct",
[2025-06-18T19:37:58.259+0000] {subprocess.py:93} INFO -   "fields" : [ {
[2025-06-18T19:37:58.260+0000] {subprocess.py:93} INFO -     "name" : "email",
[2025-06-18T19:37:58.262+0000] {subprocess.py:93} INFO -     "type" : "string",
[2025-06-18T19:37:58.265+0000] {subprocess.py:93} INFO -     "nullable" : true,
[2025-06-18T19:37:58.267+0000] {subprocess.py:93} INFO -     "metadata" : { }
[2025-06-18T19:37:58.269+0000] {subprocess.py:93} INFO -   }, {
[2025-06-18T19:37:58.274+0000] {subprocess.py:93} INFO -     "name" : "client_id",
[2025-06-18T19:37:58.275+0000] {subprocess.py:93} INFO -     "type" : "integer",
[2025-06-18T19:37:58.276+0000] {subprocess.py:93} INFO -     "nullable" : true,
[2025-06-18T19:37:58.277+0000] {subprocess.py:93} INFO -     "metadata" : { }
[2025-06-18T19:37:58.278+0000] {subprocess.py:93} INFO -   }, {
[2025-06-18T19:37:58.280+0000] {subprocess.py:93} INFO -     "name" : "first_name",
[2025-06-18T19:37:58.283+0000] {subprocess.py:93} INFO -     "type" : "string",
[2025-06-18T19:37:58.284+0000] {subprocess.py:93} INFO -     "nullable" : true,
[2025-06-18T19:37:58.285+0000] {subprocess.py:93} INFO -     "metadata" : { }
[2025-06-18T19:37:58.286+0000] {subprocess.py:93} INFO -   }, {
[2025-06-18T19:37:58.287+0000] {subprocess.py:93} INFO -     "name" : "last_name",
[2025-06-18T19:37:58.287+0000] {subprocess.py:93} INFO -     "type" : "string",
[2025-06-18T19:37:58.288+0000] {subprocess.py:93} INFO -     "nullable" : true,
[2025-06-18T19:37:58.289+0000] {subprocess.py:93} INFO -     "metadata" : { }
[2025-06-18T19:37:58.291+0000] {subprocess.py:93} INFO -   }, {
[2025-06-18T19:37:58.293+0000] {subprocess.py:93} INFO -     "name" : "registration_date",
[2025-06-18T19:37:58.294+0000] {subprocess.py:93} INFO -     "type" : "date",
[2025-06-18T19:37:58.295+0000] {subprocess.py:93} INFO -     "nullable" : true,
[2025-06-18T19:37:58.298+0000] {subprocess.py:93} INFO -     "metadata" : { }
[2025-06-18T19:37:58.299+0000] {subprocess.py:93} INFO -   }, {
[2025-06-18T19:37:58.300+0000] {subprocess.py:93} INFO -     "name" : "state",
[2025-06-18T19:37:58.301+0000] {subprocess.py:93} INFO -     "type" : "string",
[2025-06-18T19:37:58.302+0000] {subprocess.py:93} INFO -     "nullable" : true,
[2025-06-18T19:37:58.303+0000] {subprocess.py:93} INFO -     "metadata" : { }
[2025-06-18T19:37:58.304+0000] {subprocess.py:93} INFO -   }, {
[2025-06-18T19:37:58.305+0000] {subprocess.py:93} INFO -     "name" : "birth_date",
[2025-06-18T19:37:58.306+0000] {subprocess.py:93} INFO -     "type" : "date",
[2025-06-18T19:37:58.313+0000] {subprocess.py:93} INFO -     "nullable" : true,
[2025-06-18T19:37:58.314+0000] {subprocess.py:93} INFO -     "metadata" : { }
[2025-06-18T19:37:58.316+0000] {subprocess.py:93} INFO -   }, {
[2025-06-18T19:37:58.317+0000] {subprocess.py:93} INFO -     "name" : "phone_number",
[2025-06-18T19:37:58.319+0000] {subprocess.py:93} INFO -     "type" : "string",
[2025-06-18T19:37:58.321+0000] {subprocess.py:93} INFO -     "nullable" : true,
[2025-06-18T19:37:58.324+0000] {subprocess.py:93} INFO -     "metadata" : { }
[2025-06-18T19:37:58.326+0000] {subprocess.py:93} INFO -   } ]
[2025-06-18T19:37:58.327+0000] {subprocess.py:93} INFO - }
[2025-06-18T19:37:58.328+0000] {subprocess.py:93} INFO - and corresponding Parquet message type:
[2025-06-18T19:37:58.329+0000] {subprocess.py:93} INFO - message spark_schema {
[2025-06-18T19:37:58.330+0000] {subprocess.py:93} INFO -   optional binary email (STRING);
[2025-06-18T19:37:58.331+0000] {subprocess.py:93} INFO -   optional int32 client_id;
[2025-06-18T19:37:58.334+0000] {subprocess.py:93} INFO -   optional binary first_name (STRING);
[2025-06-18T19:37:58.334+0000] {subprocess.py:93} INFO -   optional binary last_name (STRING);
[2025-06-18T19:37:58.336+0000] {subprocess.py:93} INFO -   optional int32 registration_date (DATE);
[2025-06-18T19:37:58.338+0000] {subprocess.py:93} INFO -   optional binary state (STRING);
[2025-06-18T19:37:58.339+0000] {subprocess.py:93} INFO -   optional int32 birth_date (DATE);
[2025-06-18T19:37:58.340+0000] {subprocess.py:93} INFO -   optional binary phone_number (STRING);
[2025-06-18T19:37:58.343+0000] {subprocess.py:93} INFO - }
[2025-06-18T19:37:58.344+0000] {subprocess.py:93} INFO - 
[2025-06-18T19:37:58.346+0000] {subprocess.py:93} INFO - 
[2025-06-18T19:37:58.430+0000] {subprocess.py:93} INFO - 25/06/18 19:37:58 INFO CodecConfig: Compression: SNAPPY
[2025-06-18T19:37:58.433+0000] {subprocess.py:93} INFO - 25/06/18 19:37:58 INFO CodecConfig: Compression: SNAPPY
[2025-06-18T19:37:58.437+0000] {subprocess.py:93} INFO - 25/06/18 19:37:58 INFO ParquetOutputFormat: ParquetRecordWriter [block size: 134217728b, row group padding size: 8388608b, validating: false]
[2025-06-18T19:37:58.441+0000] {subprocess.py:93} INFO - 25/06/18 19:37:58 INFO ParquetWriteSupport: Initialized Parquet WriteSupport with Catalyst schema:
[2025-06-18T19:37:58.443+0000] {subprocess.py:93} INFO - {
[2025-06-18T19:37:58.444+0000] {subprocess.py:93} INFO -   "type" : "struct",
[2025-06-18T19:37:58.444+0000] {subprocess.py:93} INFO -   "fields" : [ {
[2025-06-18T19:37:58.445+0000] {subprocess.py:93} INFO -     "name" : "email",
[2025-06-18T19:37:58.445+0000] {subprocess.py:93} INFO -     "type" : "string",
[2025-06-18T19:37:58.446+0000] {subprocess.py:93} INFO -     "nullable" : true,
[2025-06-18T19:37:58.447+0000] {subprocess.py:93} INFO -     "metadata" : { }
[2025-06-18T19:37:58.448+0000] {subprocess.py:93} INFO -   }, {
[2025-06-18T19:37:58.449+0000] {subprocess.py:93} INFO -     "name" : "client_id",
[2025-06-18T19:37:58.450+0000] {subprocess.py:93} INFO -     "type" : "integer",
[2025-06-18T19:37:58.451+0000] {subprocess.py:93} INFO -     "nullable" : true,
[2025-06-18T19:37:58.452+0000] {subprocess.py:93} INFO -     "metadata" : { }
[2025-06-18T19:37:58.453+0000] {subprocess.py:93} INFO -   }, {
[2025-06-18T19:37:58.454+0000] {subprocess.py:93} INFO -     "name" : "first_name",
[2025-06-18T19:37:58.455+0000] {subprocess.py:93} INFO -     "type" : "string",
[2025-06-18T19:37:58.458+0000] {subprocess.py:93} INFO -     "nullable" : true,
[2025-06-18T19:37:58.459+0000] {subprocess.py:93} INFO -     "metadata" : { }
[2025-06-18T19:37:58.462+0000] {subprocess.py:93} INFO -   }, {
[2025-06-18T19:37:58.463+0000] {subprocess.py:93} INFO -     "name" : "last_name",
[2025-06-18T19:37:58.464+0000] {subprocess.py:93} INFO -     "type" : "string",
[2025-06-18T19:37:58.464+0000] {subprocess.py:93} INFO -     "nullable" : true,
[2025-06-18T19:37:58.465+0000] {subprocess.py:93} INFO -     "metadata" : { }
[2025-06-18T19:37:58.466+0000] {subprocess.py:93} INFO -   }, {
[2025-06-18T19:37:58.467+0000] {subprocess.py:93} INFO -     "name" : "registration_date",
[2025-06-18T19:37:58.469+0000] {subprocess.py:93} INFO -     "type" : "date",
[2025-06-18T19:37:58.470+0000] {subprocess.py:93} INFO -     "nullable" : true,
[2025-06-18T19:37:58.474+0000] {subprocess.py:93} INFO -     "metadata" : { }
[2025-06-18T19:37:58.474+0000] {subprocess.py:93} INFO -   }, {
[2025-06-18T19:37:58.475+0000] {subprocess.py:93} INFO -     "name" : "state",
[2025-06-18T19:37:58.476+0000] {subprocess.py:93} INFO -     "type" : "string",
[2025-06-18T19:37:58.477+0000] {subprocess.py:93} INFO -     "nullable" : true,
[2025-06-18T19:37:58.478+0000] {subprocess.py:93} INFO -     "metadata" : { }
[2025-06-18T19:37:58.480+0000] {subprocess.py:93} INFO -   }, {
[2025-06-18T19:37:58.481+0000] {subprocess.py:93} INFO -     "name" : "birth_date",
[2025-06-18T19:37:58.482+0000] {subprocess.py:93} INFO -     "type" : "date",
[2025-06-18T19:37:58.483+0000] {subprocess.py:93} INFO -     "nullable" : true,
[2025-06-18T19:37:58.484+0000] {subprocess.py:93} INFO -     "metadata" : { }
[2025-06-18T19:37:58.485+0000] {subprocess.py:93} INFO -   }, {
[2025-06-18T19:37:58.486+0000] {subprocess.py:93} INFO -     "name" : "phone_number",
[2025-06-18T19:37:58.487+0000] {subprocess.py:93} INFO -     "type" : "string",
[2025-06-18T19:37:58.488+0000] {subprocess.py:93} INFO -     "nullable" : true,
[2025-06-18T19:37:58.489+0000] {subprocess.py:93} INFO -     "metadata" : { }
[2025-06-18T19:37:58.490+0000] {subprocess.py:93} INFO -   } ]
[2025-06-18T19:37:58.491+0000] {subprocess.py:93} INFO - }
[2025-06-18T19:37:58.495+0000] {subprocess.py:93} INFO - and corresponding Parquet message type:
[2025-06-18T19:37:58.497+0000] {subprocess.py:93} INFO - message spark_schema {
[2025-06-18T19:37:58.502+0000] {subprocess.py:93} INFO -   optional binary email (STRING);
[2025-06-18T19:37:58.505+0000] {subprocess.py:93} INFO -   optional int32 client_id;
[2025-06-18T19:37:58.510+0000] {subprocess.py:93} INFO -   optional binary first_name (STRING);
[2025-06-18T19:37:58.512+0000] {subprocess.py:93} INFO -   optional binary last_name (STRING);
[2025-06-18T19:37:58.514+0000] {subprocess.py:93} INFO -   optional int32 registration_date (DATE);
[2025-06-18T19:37:58.518+0000] {subprocess.py:93} INFO -   optional binary state (STRING);
[2025-06-18T19:37:58.522+0000] {subprocess.py:93} INFO -   optional int32 birth_date (DATE);
[2025-06-18T19:37:58.524+0000] {subprocess.py:93} INFO -   optional binary phone_number (STRING);
[2025-06-18T19:37:58.524+0000] {subprocess.py:93} INFO - }
[2025-06-18T19:37:58.525+0000] {subprocess.py:93} INFO - 
[2025-06-18T19:37:58.526+0000] {subprocess.py:93} INFO - 
[2025-06-18T19:37:58.561+0000] {subprocess.py:93} INFO - 25/06/18 19:37:58 INFO FileScanRDD: Reading File path: file:///opt/***/data/silver/customers_updated_from_user_profiles/part-00000-27a06206-1e4f-4bfa-98e0-1ad254f6399f-c000.snappy.parquet, range: 0-443092, partition values: [empty row]
[2025-06-18T19:37:59.709+0000] {subprocess.py:93} INFO - 25/06/18 19:37:59 INFO FileOutputCommitter: Saved output of task 'attempt_202506181937572145818892268024242_0005_m_000000_8' to file:/opt/***/data/gold/user_profiles_enriched/_temporary/0/task_202506181937572145818892268024242_0005_m_000000
[2025-06-18T19:37:59.711+0000] {subprocess.py:93} INFO - 25/06/18 19:37:59 INFO SparkHadoopMapRedUtil: attempt_202506181937572145818892268024242_0005_m_000000_8: Committed. Elapsed time: 17 ms.
[2025-06-18T19:37:59.721+0000] {subprocess.py:93} INFO - 25/06/18 19:37:59 INFO Executor: Finished task 0.0 in stage 5.0 (TID 8). 2920 bytes result sent to driver
[2025-06-18T19:37:59.744+0000] {subprocess.py:93} INFO - 25/06/18 19:37:59 INFO TaskSetManager: Finished task 0.0 in stage 5.0 (TID 8) in 1635 ms on 44e8895ba14c (executor driver) (1/2)
[2025-06-18T19:37:59.834+0000] {subprocess.py:93} INFO - 25/06/18 19:37:59 INFO FileOutputCommitter: Saved output of task 'attempt_202506181937572145818892268024242_0005_m_000001_9' to file:/opt/***/data/gold/user_profiles_enriched/_temporary/0/task_202506181937572145818892268024242_0005_m_000001
[2025-06-18T19:37:59.835+0000] {subprocess.py:93} INFO - 25/06/18 19:37:59 INFO SparkHadoopMapRedUtil: attempt_202506181937572145818892268024242_0005_m_000001_9: Committed. Elapsed time: 47 ms.
[2025-06-18T19:37:59.862+0000] {subprocess.py:93} INFO - 25/06/18 19:37:59 INFO Executor: Finished task 1.0 in stage 5.0 (TID 9). 2920 bytes result sent to driver
[2025-06-18T19:37:59.870+0000] {subprocess.py:93} INFO - 25/06/18 19:37:59 INFO TaskSetManager: Finished task 1.0 in stage 5.0 (TID 9) in 1779 ms on 44e8895ba14c (executor driver) (2/2)
[2025-06-18T19:37:59.874+0000] {subprocess.py:93} INFO - 25/06/18 19:37:59 INFO TaskSchedulerImpl: Removed TaskSet 5.0, whose tasks have all completed, from pool
[2025-06-18T19:37:59.885+0000] {subprocess.py:93} INFO - 25/06/18 19:37:59 INFO DAGScheduler: ResultStage 5 (parquet at NativeMethodAccessorImpl.java:0) finished in 1.863 s
[2025-06-18T19:37:59.885+0000] {subprocess.py:93} INFO - 25/06/18 19:37:59 INFO DAGScheduler: Job 5 is finished. Cancelling potential speculative or zombie tasks for this job
[2025-06-18T19:37:59.886+0000] {subprocess.py:93} INFO - 25/06/18 19:37:59 INFO TaskSchedulerImpl: Killing all running tasks in stage 5: Stage finished
[2025-06-18T19:37:59.888+0000] {subprocess.py:93} INFO - 25/06/18 19:37:59 INFO DAGScheduler: Job 5 finished: parquet at NativeMethodAccessorImpl.java:0, took 1.881975 s
[2025-06-18T19:37:59.890+0000] {subprocess.py:93} INFO - 25/06/18 19:37:59 INFO FileFormatWriter: Start to commit write Job 4146306d-6805-468e-8e66-e355723cbc86.
[2025-06-18T19:38:00.139+0000] {subprocess.py:93} INFO - 25/06/18 19:38:00 INFO BlockManagerInfo: Removed broadcast_2_piece0 on 44e8895ba14c:36161 in memory (size: 34.3 KiB, free: 431.6 MiB)
[2025-06-18T19:38:00.200+0000] {subprocess.py:93} INFO - 25/06/18 19:38:00 INFO BlockManagerInfo: Removed broadcast_3_piece0 on 44e8895ba14c:36161 in memory (size: 76.6 KiB, free: 431.6 MiB)
[2025-06-18T19:38:00.849+0000] {subprocess.py:93} INFO - 25/06/18 19:38:00 INFO FileFormatWriter: Write Job 4146306d-6805-468e-8e66-e355723cbc86 committed. Elapsed time: 968 ms.
[2025-06-18T19:38:00.852+0000] {subprocess.py:93} INFO - 25/06/18 19:38:00 INFO FileFormatWriter: Finished processing stats for write job 4146306d-6805-468e-8e66-e355723cbc86.
[2025-06-18T19:38:00.853+0000] {subprocess.py:93} INFO - 25/06/18 19:38:00 INFO SparkContext: SparkContext is stopping with exitCode 0.
[2025-06-18T19:38:00.918+0000] {subprocess.py:93} INFO - 25/06/18 19:38:00 INFO SparkUI: Stopped Spark web UI at http://44e8895ba14c:4040
[2025-06-18T19:38:00.994+0000] {subprocess.py:93} INFO - 25/06/18 19:38:00 INFO MapOutputTrackerMasterEndpoint: MapOutputTrackerMasterEndpoint stopped!
[2025-06-18T19:38:01.074+0000] {subprocess.py:93} INFO - 25/06/18 19:38:01 INFO MemoryStore: MemoryStore cleared
[2025-06-18T19:38:01.078+0000] {subprocess.py:93} INFO - 25/06/18 19:38:01 INFO BlockManager: BlockManager stopped
[2025-06-18T19:38:01.092+0000] {subprocess.py:93} INFO - 25/06/18 19:38:01 INFO BlockManagerMaster: BlockManagerMaster stopped
[2025-06-18T19:38:01.104+0000] {subprocess.py:93} INFO - 25/06/18 19:38:01 INFO OutputCommitCoordinator$OutputCommitCoordinatorEndpoint: OutputCommitCoordinator stopped!
[2025-06-18T19:38:01.144+0000] {subprocess.py:93} INFO - 25/06/18 19:38:01 INFO SparkContext: Successfully stopped SparkContext
[2025-06-18T19:38:01.818+0000] {subprocess.py:93} INFO - 25/06/18 19:38:01 INFO ShutdownHookManager: Shutdown hook called
[2025-06-18T19:38:01.819+0000] {subprocess.py:93} INFO - 25/06/18 19:38:01 INFO ShutdownHookManager: Deleting directory /tmp/spark-49bd9fa6-2d29-49cd-a584-5e9832361c85/pyspark-fdaedc69-621f-4ba3-a41e-bd466c288a7d
[2025-06-18T19:38:01.834+0000] {subprocess.py:93} INFO - 25/06/18 19:38:01 INFO ShutdownHookManager: Deleting directory /tmp/spark-49bd9fa6-2d29-49cd-a584-5e9832361c85
[2025-06-18T19:38:01.858+0000] {subprocess.py:93} INFO - 25/06/18 19:38:01 INFO ShutdownHookManager: Deleting directory /tmp/spark-81d885b1-11f7-49bc-82dc-90d3046b7329
[2025-06-18T19:38:02.155+0000] {subprocess.py:97} INFO - Command exited with return code 0
[2025-06-18T19:38:02.159+0000] {taskinstance.py:441} INFO - ::group::Post task execution logs
[2025-06-18T19:38:02.234+0000] {taskinstance.py:1206} INFO - Marking task as SUCCESS. dag_id=gold_enrich_user_profiles, task_id=run_gold_enrich_user_profiles, run_id=manual__2025-06-18T19:37:07.251860+00:00, execution_date=20250618T193707, start_date=20250618T193711, end_date=20250618T193802
[2025-06-18T19:38:02.294+0000] {local_task_job_runner.py:240} INFO - Task exited with return code 0
[2025-06-18T19:38:02.336+0000] {taskinstance.py:3498} INFO - 0 downstream tasks scheduled from follow-on schedule check
[2025-06-18T19:38:02.346+0000] {local_task_job_runner.py:222} INFO - ::endgroup::
